Archive member included because of file (symbol)

c:/altera/13.0sp1/nios2eds/bin/gnu/h-i686-mingw32/bin/../lib/gcc/nios2-elf/4.1.2/../../../../nios2-elf/lib/mno-hw-mul\libc.a(lib_a-printf.o)
                              obj/default/hello_world.o (printf)
c:/altera/13.0sp1/nios2eds/bin/gnu/h-i686-mingw32/bin/../lib/gcc/nios2-elf/4.1.2/../../../../nios2-elf/lib/mno-hw-mul\libc.a(lib_a-puts.o)
                              obj/default/hello_world.o (puts)
c:/altera/13.0sp1/nios2eds/bin/gnu/h-i686-mingw32/bin/../lib/gcc/nios2-elf/4.1.2/../../../../nios2-elf/lib/mno-hw-mul\libc.a(lib_a-strlen.o)
                              c:/altera/13.0sp1/nios2eds/bin/gnu/h-i686-mingw32/bin/../lib/gcc/nios2-elf/4.1.2/../../../../nios2-elf/lib/mno-hw-mul\libc.a(lib_a-puts.o) (strlen)
c:/altera/13.0sp1/nios2eds/bin/gnu/h-i686-mingw32/bin/../lib/gcc/nios2-elf/4.1.2/../../../../nios2-elf/lib/mno-hw-mul\libc.a(lib_a-vfprintf.o)
                              c:/altera/13.0sp1/nios2eds/bin/gnu/h-i686-mingw32/bin/../lib/gcc/nios2-elf/4.1.2/../../../../nios2-elf/lib/mno-hw-mul\libc.a(lib_a-printf.o) (___vfprintf_internal_r)
c:/altera/13.0sp1/nios2eds/bin/gnu/h-i686-mingw32/bin/../lib/gcc/nios2-elf/4.1.2/../../../../nios2-elf/lib/mno-hw-mul\libc.a(lib_a-wsetup.o)
                              c:/altera/13.0sp1/nios2eds/bin/gnu/h-i686-mingw32/bin/../lib/gcc/nios2-elf/4.1.2/../../../../nios2-elf/lib/mno-hw-mul\libc.a(lib_a-vfprintf.o) (__swsetup_r)
c:/altera/13.0sp1/nios2eds/bin/gnu/h-i686-mingw32/bin/../lib/gcc/nios2-elf/4.1.2/../../../../nios2-elf/lib/mno-hw-mul\libc.a(lib_a-dtoa.o)
                              c:/altera/13.0sp1/nios2eds/bin/gnu/h-i686-mingw32/bin/../lib/gcc/nios2-elf/4.1.2/../../../../nios2-elf/lib/mno-hw-mul\libc.a(lib_a-vfprintf.o) (_dtoa_r)
c:/altera/13.0sp1/nios2eds/bin/gnu/h-i686-mingw32/bin/../lib/gcc/nios2-elf/4.1.2/../../../../nios2-elf/lib/mno-hw-mul\libc.a(lib_a-fflush.o)
                              c:/altera/13.0sp1/nios2eds/bin/gnu/h-i686-mingw32/bin/../lib/gcc/nios2-elf/4.1.2/../../../../nios2-elf/lib/mno-hw-mul\libc.a(lib_a-vfprintf.o) (_fflush_r)
c:/altera/13.0sp1/nios2eds/bin/gnu/h-i686-mingw32/bin/../lib/gcc/nios2-elf/4.1.2/../../../../nios2-elf/lib/mno-hw-mul\libc.a(lib_a-findfp.o)
                              c:/altera/13.0sp1/nios2eds/bin/gnu/h-i686-mingw32/bin/../lib/gcc/nios2-elf/4.1.2/../../../../nios2-elf/lib/mno-hw-mul\libc.a(lib_a-vfprintf.o) (__sinit)
c:/altera/13.0sp1/nios2eds/bin/gnu/h-i686-mingw32/bin/../lib/gcc/nios2-elf/4.1.2/../../../../nios2-elf/lib/mno-hw-mul\libc.a(lib_a-freer.o)
                              c:/altera/13.0sp1/nios2eds/bin/gnu/h-i686-mingw32/bin/../lib/gcc/nios2-elf/4.1.2/../../../../nios2-elf/lib/mno-hw-mul\libc.a(lib_a-wsetup.o) (_free_r)
c:/altera/13.0sp1/nios2eds/bin/gnu/h-i686-mingw32/bin/../lib/gcc/nios2-elf/4.1.2/../../../../nios2-elf/lib/mno-hw-mul\libc.a(lib_a-fvwrite.o)
                              c:/altera/13.0sp1/nios2eds/bin/gnu/h-i686-mingw32/bin/../lib/gcc/nios2-elf/4.1.2/../../../../nios2-elf/lib/mno-hw-mul\libc.a(lib_a-puts.o) (__sfvwrite_r)
c:/altera/13.0sp1/nios2eds/bin/gnu/h-i686-mingw32/bin/../lib/gcc/nios2-elf/4.1.2/../../../../nios2-elf/lib/mno-hw-mul\libc.a(lib_a-fwalk.o)
                              c:/altera/13.0sp1/nios2eds/bin/gnu/h-i686-mingw32/bin/../lib/gcc/nios2-elf/4.1.2/../../../../nios2-elf/lib/mno-hw-mul\libc.a(lib_a-fflush.o) (_fwalk_reent)
c:/altera/13.0sp1/nios2eds/bin/gnu/h-i686-mingw32/bin/../lib/gcc/nios2-elf/4.1.2/../../../../nios2-elf/lib/mno-hw-mul\libc.a(lib_a-impure.o)
                              c:/altera/13.0sp1/nios2eds/bin/gnu/h-i686-mingw32/bin/../lib/gcc/nios2-elf/4.1.2/../../../../nios2-elf/lib/mno-hw-mul\libc.a(lib_a-printf.o) (_impure_ptr)
c:/altera/13.0sp1/nios2eds/bin/gnu/h-i686-mingw32/bin/../lib/gcc/nios2-elf/4.1.2/../../../../nios2-elf/lib/mno-hw-mul\libc.a(lib_a-locale.o)
                              c:/altera/13.0sp1/nios2eds/bin/gnu/h-i686-mingw32/bin/../lib/gcc/nios2-elf/4.1.2/../../../../nios2-elf/lib/mno-hw-mul\libc.a(lib_a-vfprintf.o) (_localeconv_r)
c:/altera/13.0sp1/nios2eds/bin/gnu/h-i686-mingw32/bin/../lib/gcc/nios2-elf/4.1.2/../../../../nios2-elf/lib/mno-hw-mul\libc.a(lib_a-makebuf.o)
                              c:/altera/13.0sp1/nios2eds/bin/gnu/h-i686-mingw32/bin/../lib/gcc/nios2-elf/4.1.2/../../../../nios2-elf/lib/mno-hw-mul\libc.a(lib_a-wsetup.o) (__smakebuf_r)
c:/altera/13.0sp1/nios2eds/bin/gnu/h-i686-mingw32/bin/../lib/gcc/nios2-elf/4.1.2/../../../../nios2-elf/lib/mno-hw-mul\libc.a(lib_a-mallocr.o)
                              c:/altera/13.0sp1/nios2eds/bin/gnu/h-i686-mingw32/bin/../lib/gcc/nios2-elf/4.1.2/../../../../nios2-elf/lib/mno-hw-mul\libc.a(lib_a-findfp.o) (_malloc_r)
c:/altera/13.0sp1/nios2eds/bin/gnu/h-i686-mingw32/bin/../lib/gcc/nios2-elf/4.1.2/../../../../nios2-elf/lib/mno-hw-mul\libc.a(lib_a-memchr.o)
[...]
Memory Configuration

Name             Origin             Length             Attributes
reset            0x02800000         0x00000020
sdram_ctrl       0x02800020         0x007fffe0
*default*        0x00000000         0xffffffff

Linker script and memory map

LOAD ../hw4_bsp//obj/HAL/src/crt0.o
LOAD obj/default/hello_world.o
LOAD c:/altera/13.0sp1/nios2eds/bin/gnu/h-i686-mingw32/bin/../lib/gcc/nios2-elf/4.1.2/../../../../nios2-elf/lib/mno-hw-mul\libstdc++.a
LOAD c:/altera/13.0sp1/nios2eds/bin/gnu/h-i686-mingw32/bin/../lib/gcc/nios2-elf/4.1.2/../../../../nios2-elf/lib/mno-hw-mul\libm.a
LOAD c:/altera/13.0sp1/nios2eds/bin/gnu/h-i686-mingw32/bin/../lib/gcc/nios2-elf/4.1.2/mno-hw-mul\libgcc.a
START GROUP
LOAD c:/altera/13.0sp1/nios2eds/bin/gnu/h-i686-mingw32/bin/../lib/gcc/nios2-elf/4.1.2/../../../../nios2-elf/lib/mno-hw-mul\libc.a
LOAD c:/altera/13.0sp1/nios2eds/bin/gnu/h-i686-mingw32/bin/../lib/gcc/nios2-elf/4.1.2/mno-hw-mul\libgcc.a
LOAD ../hw4_bsp/\libhal_bsp.a
END GROUP
LOAD c:/altera/13.0sp1/nios2eds/bin/gnu/h-i686-mingw32/bin/../lib/gcc/nios2-elf/4.1.2/mno-hw-mul\libgcc.a
                0x02800000                __alt_mem_sdram_ctrl = 0x2800000

.entry          0x02800000       0x20
 *(.entry)
 .entry         0x02800000       0x20 ../hw4_bsp//obj/HAL/src/crt0.o
                0x02800000                __reset

.exceptions     0x02800020      0x194
                0x02800020                PROVIDE (__ram_exceptions_start, ABSOLUTE (.))
                0x02800020                . = ALIGN (0x20)
 *(.irq)
 *(.exceptions.entry.label)
 .exceptions.entry.label
                0x02800020        0x0 ../hw4_bsp/\libhal_bsp.a(alt_irq_entry.o)
                0x02800020                alt_irq_entry
 .exceptions.entry.label
                0x02800020        0x0 ../hw4_bsp/\libhal_bsp.a(alt_exception_entry.o)
                0x02800020                alt_exception
 *(.exceptions.entry.user)
 *(.exceptions.entry)
 .exceptions.entry
                0x02800020       0x54 ../hw4_bsp/\libhal_bsp.a(alt_exception_entry.o)
 *(.exceptions.irqtest.user)
 *(.exceptions.irqtest)
 .exceptions.irqtest
                0x02800074       0x10 ../hw4_bsp/\libhal_bsp.a(alt_irq_entry.o)
 *(.exceptions.irqhandler.user)
 *(.exceptions.irqhandler)
 .exceptions.irqhandler
                0x02800084        0x4 ../hw4_bsp/\libhal_bsp.a(alt_irq_entry.o)
 *(.exceptions.irqreturn.user)
 *(.exceptions.irqreturn)
 .exceptions.irqreturn
                0x02800088        0x4 ../hw4_bsp/\libhal_bsp.a(alt_irq_entry.o)
 *(.exceptions.notirq.label)
 .exceptions.notirq.label
                0x0280008c        0x0 ../hw4_bsp/\libhal_bsp.a(alt_irq_entry.o)
 *(.exceptions.notirq.user)
 *(.exceptions.notirq)
 .exceptions.notirq
                0x0280008c        0x8 ../hw4_bsp/\libhal_bsp.a(alt_exception_entry.o)
 *(.exceptions.soft.user)
 *(.exceptions.soft)
 *(.exceptions.unknown.user)
 *(.exceptions.unknown)
 .exceptions.unknown
                0x02800094        0x4 ../hw4_bsp/\libhal_bsp.a(alt_exception_entry.o)
 *(.exceptions.exit.label)
 .exceptions.exit.label
                0x02800098        0x0 ../hw4_bsp/\libhal_bsp.a(alt_irq_entry.o)
 .exceptions.exit.label
                0x02800098        0x0 ../hw4_bsp/\libhal_bsp.a(alt_exception_entry.o)
 *(.exceptions.exit.user)
 *(.exceptions.exit)
 .exceptions.exit
                0x02800098       0x54 ../hw4_bsp/\libhal_bsp.a(alt_exception_entry.o)
 *(.exceptions)
 .exceptions    0x028000ec       0xc8 ../hw4_bsp/\libhal_bsp.a(alt_irq_handler.o)
                0x028000ec                alt_irq_handler
                0x028001b4                PROVIDE (__ram_exceptions_end, ABSOLUTE (.))
                0x02800020                PROVIDE (__flash_exceptions_start, LOADADDR (.exceptions))

.text           0x028001b4     0xd430
                0x028001b4                PROVIDE (stext, ABSOLUTE (.))
 *(.interp)
 *(.hash)
 *(.dynsym)
 *(.dynstr)
 *(.gnu.version)
 *(.gnu.version_d)
 *(.gnu.version_r)
 *(.rel.init)
 *(.rela.init)
 *(.rel.text .rel.text.* .rel.gnu.linkonce.t.*)
 *(.rela.text .rela.text.* .rela.gnu.linkonce.t.*)
 *(.rel.fini)
 *(.rela.fini)
 *(.rel.rodata .rel.rodata.* .rel.gnu.linkonce.r.*)
 *(.rela.rodata .rela.rodata.* .rela.gnu.linkonce.r.*)
 *(.rel.data .rel.data.* .rel.gnu.linkonce.d.*)
 *(.rela.data .rela.data.* .rela.gnu.linkonce.d.*)
 *(.rel.tdata .rel.tdata.* .rel.gnu.linkonce.td.*)
 *(.rela.tdata .rela.tdata.* .rela.gnu.linkonce.td.*)
 *(.rel.tbss .rel.tbss.* .rel.gnu.linkonce.tb.*)
 *(.rela.tbss .rela.tbss.* .rela.gnu.linkonce.tb.*)
 *(.rel.ctors)
 *(.rela.ctors)
 *(.rel.dtors)
 *(.rela.dtors)
 *(.rel.got)
 *(.rela.got)
 *(.rel.sdata .rel.sdata.* .rel.gnu.linkonce.s.*)
 *(.rela.sdata .rela.sdata.* .rela.gnu.linkonce.s.*)
 *(.rel.sbss .rel.sbss.* .rel.gnu.linkonce.sb.*)
 *(.rela.sbss .rela.sbss.* .rela.gnu.linkonce.sb.*)
 *(.rel.sdata2 .rel.sdata2.* .rel.gnu.linkonce.s2.*)
 *(.rela.sdata2 .rela.sdata2.* .rela.gnu.linkonce.s2.*)
 *(.rel.sbss2 .rel.sbss2.* .rel.gnu.linkonce.sb2.*)
 *(.rela.sbss2 .rela.sbss2.* .rela.gnu.linkonce.sb2.*)
 *(.rel.bss .rel.bss.* .rel.gnu.linkonce.b.*)
 *(.rela.bss .rela.bss.* .rela.gnu.linkonce.b.*)
 *(.rel.plt)
 *(.rela.plt)
 *(.rel.dyn)
 *(.init)
 *(.plt)
 *(.text .stub .text.* .gnu.linkonce.t.*)
 .text          0x028001b4       0x3c ../hw4_bsp//obj/HAL/src/crt0.o
                0x028001b4                _start
 .text          0x028001f0       0x6c obj/default/hello_world.o
                0x028001f0                main
 .text          0x0280025c       0x78 c:/altera/13.0sp1/nios2eds/bin/gnu/h-i686-mingw32/bin/../lib/gcc/nios2-elf/4.1.2/../../../../nios2-elf/lib/mno-hw-mul\libc.a(lib_a-printf.o)
                0x0280025c                printf
                0x028002a0                _printf_r
 .text          0x028002d4       0xb4 c:/altera/13.0sp1/nios2eds/bin/gnu/h-i686-mingw32/bin/../lib/gcc/nios2-elf/4.1.2/../../../../nios2-elf/lib/mno-hw-mul\libc.a(lib_a-puts.o)
                0x028002d4                _puts_r
                0x02800374                puts
 .text          0x02800388       0x74 c:/altera/13.0sp1/nios2eds/bin/gnu/h-i686-mingw32/bin/../lib/gcc/nios2-elf/4.1.2/../../../../nios2-elf/lib/mno-hw-mul\libc.a(lib_a-strlen.o)
                0x02800388                strlen
 .text          0x028003fc     0x1f40 c:/altera/13.0sp1/nios2eds/bin/gnu/h-i686-mingw32/bin/../lib/gcc/nios2-elf/4.1.2/../../../../nios2-elf/lib/mno-hw-mul\libc.a(lib_a-vfprintf.o)
                0x02800454                ___vfprintf_internal_r
                0x02802318                __vfprintf_internal
 .text          0x0280233c      0x13c c:/altera/13.0sp1/nios2eds/bin/gnu/h-i686-mingw32/bin/../lib/gcc/nios2-elf/4.1.2/../../../../nios2-elf/lib/mno-hw-mul\libc.a(lib_a-wsetup.o)
                0x0280233c                __swsetup_r
 .text          0x02802478     0x17f8 c:/altera/13.0sp1/nios2eds/bin/gnu/h-i686-mingw32/bin/../lib/gcc/nios2-elf/4.1.2/../../../../nios2-elf/lib/mno-hw-mul\libc.a(lib_a-dtoa.o)
                0x028026bc                _dtoa_r
 .text          0x02803c70      0x230 c:/altera/13.0sp1/nios2eds/bin/gnu/h-i686-mingw32/bin/../lib/gcc/nios2-elf/4.1.2/../../../../nios2-elf/lib/mno-hw-mul\libc.a(lib_a-fflush.o)
                0x02803c70                _fflush_r
                0x02803e6c                fflush
 .text          0x02803ea0      0x2f4 c:/altera/13.0sp1/nios2eds/bin/gnu/h-i686-mingw32/bin/../lib/gcc/nios2-elf/4.1.2/../../../../nios2-elf/lib/mno-hw-mul\libc.a(lib_a-findfp.o)
                0x02803ef8                __sfp_lock_acquire
                0x02803efc                __sfp_lock_release
                0x02803f00                __sinit_lock_acquire
                0x02803f04                __sinit_lock_release
                0x02803f08                __sinit
                0x02803fbc                __fp_unlock_all
                0x02803fd4                __fp_lock_all
                0x02803fec                _cleanup_r
                0x02803ff8                _cleanup
                0x02804008                __sfmoreglue
                0x028040a4                __sfp
 .text          0x02804194      0x440 c:/altera/13.0sp1/nios2eds/bin/gnu/h-i686-mingw32/bin/../lib/gcc/nios2-elf/4.1.2/../../../../nios2-elf/lib/mno-hw-mul\libc.a(lib_a-freer.o)
                0x02804194                _malloc_trim_r
                0x028042c0                _free_r
 .text          0x028045d4      0x49c c:/altera/13.0sp1/nios2eds/bin/gnu/h-i686-mingw32/bin/../lib/gcc/nios2-elf/4.1.2/../../../../nios2-elf/lib/mno-hw-mul\libc.a(lib_a-fvwrite.o)
                0x028045d4                __sfvwrite_r
 .text          0x02804a70      0x180 c:/altera/13.0sp1/nios2eds/bin/gnu/h-i686-mingw32/bin/../lib/gcc/nios2-elf/4.1.2/../../../../nios2-elf/lib/mno-hw-mul\libc.a(lib_a-fwalk.o)
                0x02804a70                _fwalk_reent
                0x02804b38                _fwalk
 .text          0x02804bf0        0x0 c:/altera/13.0sp1/nios2eds/bin/gnu/h-i686-mingw32/bin/../lib/gcc/nios2-elf/4.1.2/../../../../nios2-elf/lib/mno-hw-mul\libc.a(lib_a-impure.o)
 .text          0x02804bf0       0xc4 c:/altera/13.0sp1/nios2eds/bin/gnu/h-i686-mingw32/bin/../lib/gcc/nios2-elf/4.1.2/../../../../nios2-elf/lib/mno-hw-mul\libc.a(lib_a-locale.o)
                0x02804bf0                __locale_charset
                0x02804bf8                _localeconv_r
                0x02804c04                localeconv
                0x02804c14                _setlocale_r
                0x02804c98                setlocale
 .text          0x02804cb4      0x194 c:/altera/13.0sp1/nios2eds/bin/gnu/h-i686-mingw32/bin/../lib/gcc/nios2-elf/4.1.2/../../../../nios2-elf/lib/mno-hw-mul\libc.a(lib_a-makebuf.o)
                0x02804cb4                __smakebuf_r
 .text          0x02804e48      0x740 c:/altera/13.0sp1/nios2eds/bin/gnu/h-i686-mingw32/bin/../lib/gcc/nios2-elf/4.1.2/../../../../nios2-elf/lib/mno-hw-mul\libc.a(lib_a-mallocr.o)
                0x02804e48                _malloc_r
 .text          0x02805588       0xe4 c:/altera/13.0sp1/nios2eds/bin/gnu/h-i686-mingw32/bin/../lib/gcc/nios2-elf/4.1.2/../../../../nios2-elf/lib/mno-hw-mul\libc.a(lib_a-memchr.o)
                0x02805588                memchr
 .text          0x0280566c       0xa0 c:/altera/13.0sp1/nios2eds/bin/gnu/h-i686-mingw32/bin/../lib/gcc/nios2-elf/4.1.2/../../../../nios2-elf/lib/mno-hw-mul\libc.a(lib_a-memcpy.o)
                0x0280566c                memcpy
 .text          0x0280570c       0xe0 c:/altera/13.0sp1/nios2eds/bin/gnu/h-i686-mingw32/bin/../lib/gcc/nios2-elf/4.1.2/../../../../nios2-elf/lib/mno-hw-mul\libc.a(lib_a-memmove.o)
                0x0280570c                memmove
 .text          0x028057ec       0x98 c:/altera/13.0sp1/nios2eds/bin/gnu/h-i686-mingw32/bin/../lib/gcc/nios2-elf/4.1.2/../../../../nios2-elf/lib/mno-hw-mul\libc.a(lib_a-memset.o)
                0x028057ec                memset
 .text          0x02805884     0x108c c:/altera/13.0sp1/nios2eds/bin/gnu/h-i686-mingw32/bin/../lib/gcc/nios2-elf/4.1.2/../../../../nios2-elf/lib/mno-hw-mul\libc.a(lib_a-mprec.o)
                0x02805884                _Bfree
                0x028058ac                __hi0bits
                0x0280591c                __lo0bits
                0x028059e0                __mcmp
                0x02805a40                __ulp
                0x02805ac0                __b2d
                0x02805be0                __ratio
                0x02805c90                _mprec_log10
                0x02805d24                __copybits
                0x02805d7c                __any_on
                0x02805e04                _Balloc
                0x02805ec0                __d2b
                0x0280603c                __mdiff
                0x028061c8                __lshift
                0x02806314                __multiply
                0x02806568                __i2b
                0x028065a4                __multadd
                0x028066d0                __pow5mult
                0x028067f0                __s2b
 .text          0x02806910      0x5f4 c:/altera/13.0sp1/nios2eds/bin/gnu/h-i686-mingw32/bin/../lib/gcc/nios2-elf/4.1.2/../../../../nios2-elf/lib/mno-hw-mul\libc.a(lib_a-reallocr.o)
                0x02806910                _realloc_r
 .text          0x02806f04       0x40 c:/altera/13.0sp1/nios2eds/bin/gnu/h-i686-mingw32/bin/../lib/gcc/nios2-elf/4.1.2/../../../../nios2-elf/lib/mno-hw-mul\libc.a(lib_a-s_isinfd.o)
                0x02806f04                __isinfd
 .text          0x02806f44       0x30 c:/altera/13.0sp1/nios2eds/bin/gnu/h-i686-mingw32/bin/../lib/gcc/nios2-elf/4.1.2/../../../../nios2-elf/lib/mno-hw-mul\libc.a(lib_a-s_isnand.o)
                0x02806f44                __isnand
 .text          0x02806f74       0x70 c:/altera/13.0sp1/nios2eds/bin/gnu/h-i686-mingw32/bin/../lib/gcc/nios2-elf/4.1.2/../../../../nios2-elf/lib/mno-hw-mul\libc.a(lib_a-sbrkr.o)
                0x02806f74                _sbrk_r
 .text          0x02806fe4      0x14c c:/altera/13.0sp1/nios2eds/bin/gnu/h-i686-mingw32/bin/../lib/gcc/nios2-elf/4.1.2/../../../../nios2-elf/lib/mno-hw-mul\libc.a(lib_a-stdio.o)
                0x02806fe4                __sclose
                0x02806fec                __sseek
                0x02807054                __swrite
                0x028070d0                __sread
 .text          0x02807130       0xbc c:/altera/13.0sp1/nios2eds/bin/gnu/h-i686-mingw32/bin/../lib/gcc/nios2-elf/4.1.2/../../../../nios2-elf/lib/mno-hw-mul\libc.a(lib_a-strcmp.o)
                0x02807130                strcmp
 .text          0x028071ec       0x78 c:/altera/13.0sp1/nios2eds/bin/gnu/h-i686-mingw32/bin/../lib/gcc/nios2-elf/4.1.2/../../../../nios2-elf/lib/mno-hw-mul\libc.a(lib_a-writer.o)
                0x028071ec                _write_r
 .text          0x02807264       0xc8 c:/altera/13.0sp1/nios2eds/bin/gnu/h-i686-mingw32/bin/../lib/gcc/nios2-elf/4.1.2/../../../../nios2-elf/lib/mno-hw-mul\libc.a(lib_a-callocr.o)
                0x02807264                _calloc_r
 .text          0x0280732c       0x70 c:/altera/13.0sp1/nios2eds/bin/gnu/h-i686-mingw32/bin/../lib/gcc/nios2-elf/4.1.2/../../../../nios2-elf/lib/mno-hw-mul\libc.a(lib_a-closer.o)
                0x0280732c                _close_r
 .text          0x0280739c      0x124 c:/altera/13.0sp1/nios2eds/bin/gnu/h-i686-mingw32/bin/../lib/gcc/nios2-elf/4.1.2/../../../../nios2-elf/lib/mno-hw-mul\libc.a(lib_a-fclose.o)
                0x0280739c                _fclose_r
                0x028074ac                fclose
 .text          0x028074c0       0x74 c:/altera/13.0sp1/nios2eds/bin/gnu/h-i686-mingw32/bin/../lib/gcc/nios2-elf/4.1.2/../../../../nios2-elf/lib/mno-hw-mul\libc.a(lib_a-fstatr.o)
                0x028074c0                _fstat_r
 .text          0x02807534        0x0 c:/altera/13.0sp1/nios2eds/bin/gnu/h-i686-mingw32/bin/../lib/gcc/nios2-elf/4.1.2/../../../../nios2-elf/lib/mno-hw-mul\libc.a(lib_a-int_errno.o)
 .text          0x02807534       0x70 c:/altera/13.0sp1/nios2eds/bin/gnu/h-i686-mingw32/bin/../lib/gcc/nios2-elf/4.1.2/../../../../nios2-elf/lib/mno-hw-mul\libc.a(lib_a-isattyr.o)
                0x02807534                _isatty_r
 .text          0x028075a4       0x78 c:/altera/13.0sp1/nios2eds/bin/gnu/h-i686-mingw32/bin/../lib/gcc/nios2-elf/4.1.2/../../../../nios2-elf/lib/mno-hw-mul\libc.a(lib_a-lseekr.o)
                0x028075a4                _lseek_r
 .text          0x0280761c       0x78 c:/altera/13.0sp1/nios2eds/bin/gnu/h-i686-mingw32/bin/../lib/gcc/nios2-elf/4.1.2/../../../../nios2-elf/lib/mno-hw-mul\libc.a(lib_a-readr.o)
                0x0280761c                _read_r
 .text          0x02807694      0x66c c:/altera/13.0sp1/nios2eds/bin/gnu/h-i686-mingw32/bin/../lib/gcc/nios2-elf/4.1.2/mno-hw-mul\libgcc.a(_udivdi3.o)
                0x02807694                __udivdi3
 .text          0x02807d00      0x660 c:/altera/13.0sp1/nios2eds/bin/gnu/h-i686-mingw32/bin/../lib/gcc/nios2-elf/4.1.2/mno-hw-mul\libgcc.a(_umoddi3.o)
                0x02807d00                __umoddi3
 .text          0x02808360      0x504 c:/altera/13.0sp1/nios2eds/bin/gnu/h-i686-mingw32/bin/../lib/gcc/nios2-elf/4.1.2/mno-hw-mul\libgcc.a(_addsub_df.o)
                0x02808770                __subdf3
                0x028087f0                __adddf3
 .text          0x02808864      0x3c4 c:/altera/13.0sp1/nios2eds/bin/gnu/h-i686-mingw32/bin/../lib/gcc/nios2-elf/4.1.2/mno-hw-mul\libgcc.a(_mul_df.o)
                0x02808864                __muldf3
 .text          0x02808c28      0x258 c:/altera/13.0sp1/nios2eds/bin/gnu/h-i686-mingw32/bin/../lib/gcc/nios2-elf/4.1.2/mno-hw-mul\libgcc.a(_div_df.o)
                0x02808c28                __divdf3
 .text          0x02808e80       0x88 c:/altera/13.0sp1/nios2eds/bin/gnu/h-i686-mingw32/bin/../lib/gcc/nios2-elf/4.1.2/mno-hw-mul\libgcc.a(_eq_df.o)
                0x02808e80                __eqdf2
 .text          0x02808f08       0x88 c:/altera/13.0sp1/nios2eds/bin/gnu/h-i686-mingw32/bin/../lib/gcc/nios2-elf/4.1.2/mno-hw-mul\libgcc.a(_ne_df.o)
                0x02808f08                __nedf2
 .text          0x02808f90       0x88 c:/altera/13.0sp1/nios2eds/bin/gnu/h-i686-mingw32/bin/../lib/gcc/nios2-elf/4.1.2/mno-hw-mul\libgcc.a(_gt_df.o)
                0x02808f90                __gtdf2
 .text          0x02809018       0x88 c:/altera/13.0sp1/nios2eds/bin/gnu/h-i686-mingw32/bin/../lib/gcc/nios2-elf/4.1.2/mno-hw-mul\libgcc.a(_ge_df.o)
                0x02809018                __gedf2
 .text          0x028090a0       0x88 c:/altera/13.0sp1/nios2eds/bin/gnu/h-i686-mingw32/bin/../lib/gcc/nios2-elf/4.1.2/mno-hw-mul\libgcc.a(_lt_df.o)
                0x028090a0                __ltdf2
 .text          0x02809128       0xf8 c:/altera/13.0sp1/nios2eds/bin/gnu/h-i686-mingw32/bin/../lib/gcc/nios2-elf/4.1.2/mno-hw-mul\libgcc.a(_si_to_df.o)
                0x02809128                __floatsidf
 .text          0x02809220       0xd8 c:/altera/13.0sp1/nios2eds/bin/gnu/h-i686-mingw32/bin/../lib/gcc/nios2-elf/4.1.2/mno-hw-mul\libgcc.a(_df_to_si.o)
                0x02809220                __fixdfsi
 .text          0x028092f8        0x0 c:/altera/13.0sp1/nios2eds/bin/gnu/h-i686-mingw32/bin/../lib/gcc/nios2-elf/4.1.2/mno-hw-mul\libgcc.a(_thenan_df.o)
 .text          0x028092f8      0x194 c:/altera/13.0sp1/nios2eds/bin/gnu/h-i686-mingw32/bin/../lib/gcc/nios2-elf/4.1.2/mno-hw-mul\libgcc.a(_usi_to_df.o)
                0x028092f8                __floatunsidf
 .text          0x0280948c      0x14c c:/altera/13.0sp1/nios2eds/bin/gnu/h-i686-mingw32/bin/../lib/gcc/nios2-elf/4.1.2/mno-hw-mul\libgcc.a(lib2-divmod.o)
                0x02809508                __divsi3
                0x02809568                __modsi3
                0x028095c8                __udivsi3
                0x028095d0                __umodsi3
 .text          0x028095d8       0x38 c:/altera/13.0sp1/nios2eds/bin/gnu/h-i686-mingw32/bin/../lib/gcc/nios2-elf/4.1.2/mno-hw-mul\libgcc.a(lib2-mul.o)
                0x028095d8                __mulsi3
 .text          0x02809610      0x124 c:/altera/13.0sp1/nios2eds/bin/gnu/h-i686-mingw32/bin/../lib/gcc/nios2-elf/4.1.2/mno-hw-mul\libgcc.a(_muldi3.o)
                0x02809610                __muldi3
 .text          0x02809734        0x0 c:/altera/13.0sp1/nios2eds/bin/gnu/h-i686-mingw32/bin/../lib/gcc/nios2-elf/4.1.2/mno-hw-mul\libgcc.a(_clz.o)
 .text          0x02809734       0x80 c:/altera/13.0sp1/nios2eds/bin/gnu/h-i686-mingw32/bin/../lib/gcc/nios2-elf/4.1.2/mno-hw-mul\libgcc.a(_clzsi2.o)
                0x02809734                __clzsi2
 .text          0x028097b4      0x314 c:/altera/13.0sp1/nios2eds/bin/gnu/h-i686-mingw32/bin/../lib/gcc/nios2-elf/4.1.2/mno-hw-mul\libgcc.a(_pack_df.o)
                0x028097b4                __pack_d
 .text          0x02809ac8      0x138 c:/altera/13.0sp1/nios2eds/bin/gnu/h-i686-mingw32/bin/../lib/gcc/nios2-elf/4.1.2/mno-hw-mul\libgcc.a(_unpack_df.o)
                0x02809ac8                __unpack_d
 .text          0x02809c00       0xc8 c:/altera/13.0sp1/nios2eds/bin/gnu/h-i686-mingw32/bin/../lib/gcc/nios2-elf/4.1.2/mno-hw-mul\libgcc.a(_fpcmp_parts_df.o)
                0x02809c00                __fpcmp_parts_d
 .text          0x02809cc8      0x160 ../hw4_bsp/\libhal_bsp.a(alt_close.o)
                0x02809cc8                close
 .text          0x02809e28       0x2c ../hw4_bsp/\libhal_bsp.a(alt_dev.o)
 .text          0x02809e54        0x0 ../hw4_bsp/\libhal_bsp.a(alt_errno.o)
 .text          0x02809e54      0x138 ../hw4_bsp/\libhal_bsp.a(alt_fstat.o)
                0x02809e54                fstat
 .text          0x02809f8c      0x124 ../hw4_bsp/\libhal_bsp.a(alt_isatty.o)
                0x02809f8c                isatty
 .text          0x0280a0b0       0xec ../hw4_bsp/\libhal_bsp.a(alt_load.o)
                0x0280a0b0                alt_load
 .text          0x0280a19c      0x154 ../hw4_bsp/\libhal_bsp.a(alt_lseek.o)
                0x0280a19c                lseek
 .text          0x0280a2f0       0x6c ../hw4_bsp/\libhal_bsp.a(alt_main.o)
                0x0280a2f0                alt_main
 .text          0x0280a35c       0x40 ../hw4_bsp/\libhal_bsp.a(alt_malloc_lock.o)
                0x0280a35c                __malloc_lock
                0x0280a37c                __malloc_unlock
 .text          0x0280a39c      0x184 ../hw4_bsp/\libhal_bsp.a(alt_read.o)
                0x0280a39c                read
 .text          0x0280a520       0x78 ../hw4_bsp/\libhal_bsp.a(alt_release_fd.o)
                0x0280a520                alt_release_fd
 .text          0x0280a598       0xbc ../hw4_bsp/\libhal_bsp.a(alt_sbrk.o)
                0x0280a598                sbrk
 .text          0x0280a654       0x30 ../hw4_bsp/\libhal_bsp.a(alt_usleep.o)
                0x0280a654                usleep
 .text          0x0280a684      0x184 ../hw4_bsp/\libhal_bsp.a(alt_write.o)
                0x0280a684                write
 .text          0x0280a808       0xfc ../hw4_bsp/\libhal_bsp.a(alt_sys_init.o)
                0x0280a808                alt_irq_init
                0x0280a83c                alt_sys_init
 .text          0x0280a904      0xcac ../hw4_bsp/\libhal_bsp.a(altera_avalon_dma.o)
                0x0280a904                alt_avalon_dma_launch_bidir
                0x0280af18                alt_avalon_dma_tx_ioctl
                0x0280af5c                alt_avalon_dma_rx_ioctl
                0x0280afa0                alt_avalon_dma_prepare
                0x0280b0f4                alt_avalon_dma_space
                0x0280b174                alt_avalon_dma_send
                0x0280b490                alt_avalon_dma_init
 .text          0x0280b5b0      0x148 ../hw4_bsp/\libhal_bsp.a(altera_avalon_jtag_uart_fd.o)
                0x0280b5b0                altera_avalon_jtag_uart_read_fd
                0x0280b608                altera_avalon_jtag_uart_write_fd
                0x0280b660                altera_avalon_jtag_uart_close_fd
                0x0280b6a8                altera_avalon_jtag_uart_ioctl_fd
 .text          0x0280b6f8      0x40c ../hw4_bsp/\libhal_bsp.a(altera_avalon_jtag_uart_init.o)
                0x0280b6f8                altera_avalon_jtag_uart_init
                0x0280ba90                altera_avalon_jtag_uart_close
 .text          0x0280bb04       0xf4 ../hw4_bsp/\libhal_bsp.a(altera_avalon_jtag_uart_ioctl.o)
                0x0280bb04                altera_avalon_jtag_uart_ioctl
 .text          0x0280bbf8      0x224 ../hw4_bsp/\libhal_bsp.a(altera_avalon_jtag_uart_read.o)
                0x0280bbf8                altera_avalon_jtag_uart_read
 .text          0x0280be1c      0x240 ../hw4_bsp/\libhal_bsp.a(altera_avalon_jtag_uart_write.o)
                0x0280be1c                altera_avalon_jtag_uart_write
 .text          0x0280c05c        0x0 ../hw4_bsp/\libhal_bsp.a(altera_avalon_timer_vars.o)
 .text          0x0280c05c      0x154 ../hw4_bsp/\libhal_bsp.a(alt_alarm_start.o)
                0x0280c05c                alt_alarm_start
 .text          0x0280c1b0      0x15c ../hw4_bsp/\libhal_bsp.a(alt_busy_sleep.o)
                0x0280c1b0                alt_busy_sleep
 .text          0x0280c30c       0x1c ../hw4_bsp/\libhal_bsp.a(alt_dcache_flush_all.o)
                0x0280c30c                alt_dcache_flush_all
 .text          0x0280c328      0x114 ../hw4_bsp/\libhal_bsp.a(alt_dev_llist_insert.o)
                0x0280c328                alt_dev_llist_insert
 .text          0x0280c43c       0xb8 ../hw4_bsp/\libhal_bsp.a(alt_dma_rxchan_open.o)
                0x0280c43c                alt_dma_rxchan_open
 .text          0x0280c4f4       0xb8 ../hw4_bsp/\libhal_bsp.a(alt_dma_txchan_open.o)
                0x0280c4f4                alt_dma_txchan_open
 .text          0x0280c5ac       0x64 ../hw4_bsp/\libhal_bsp.a(alt_do_ctors.o)
                0x0280c5ac                _do_ctors
 .text          0x0280c610       0x64 ../hw4_bsp/\libhal_bsp.a(alt_do_dtors.o)
                0x0280c610                _do_dtors
 .text          0x0280c674       0x94 ../hw4_bsp/\libhal_bsp.a(alt_find_dev.o)
                0x0280c674                alt_find_dev
 .text          0x0280c708       0x1c ../hw4_bsp/\libhal_bsp.a(alt_icache_flush_all.o)
                0x0280c708                alt_icache_flush_all
 .text          0x0280c724      0x1d4 ../hw4_bsp/\libhal_bsp.a(alt_iic.o)
                0x0280c724                alt_ic_isr_register
                0x0280c774                alt_ic_irq_enable
                0x0280c810                alt_ic_irq_disable
                0x0280c8b0                alt_ic_irq_enabled
 .text          0x0280c8f8       0xf8 ../hw4_bsp/\libhal_bsp.a(alt_iic_isr_register.o)
                0x0280c8f8                alt_iic_isr_register
 .text          0x0280c9f0      0x150 ../hw4_bsp/\libhal_bsp.a(alt_io_redirect.o)
                0x0280cac8                alt_io_redirect
 .text          0x0280cb40        0x0 ../hw4_bsp/\libhal_bsp.a(alt_irq_entry.o)
 .text          0x0280cb40        0x0 ../hw4_bsp/\libhal_bsp.a(alt_irq_handler.o)
 .text          0x0280cb40        0x0 ../hw4_bsp/\libhal_bsp.a(alt_irq_vars.o)
 .text          0x0280cb40      0x2e4 ../hw4_bsp/\libhal_bsp.a(alt_open.o)
                0x0280cc38                open
 .text          0x0280ce24      0x1a4 ../hw4_bsp/\libhal_bsp.a(alt_tick.o)
                0x0280ce24                alt_alarm_stop
                0x0280cebc                alt_tick
 .text          0x0280cfc8       0x20 ../hw4_bsp/\libhal_bsp.a(altera_nios2_qsys_irq.o)
                0x0280cfc8                altera_nios2_qsys_irq_init
 .text          0x0280cfe8        0x0 ../hw4_bsp/\libhal_bsp.a(alt_exception_entry.o)
 .text          0x0280cfe8      0x120 ../hw4_bsp/\libhal_bsp.a(alt_find_file.o)
                0x0280cfe8                alt_find_file
 .text          0x0280d108       0xd0 ../hw4_bsp/\libhal_bsp.a(alt_get_fd.o)
                0x0280d108                alt_get_fd
 .text          0x0280d1d8       0x14 c:/altera/13.0sp1/nios2eds/bin/gnu/h-i686-mingw32/bin/../lib/gcc/nios2-elf/4.1.2/../../../../nios2-elf/lib/mno-hw-mul\libc.a(lib_a-atexit.o)
                0x0280d1d8                atexit
 .text          0x0280d1ec       0x38 c:/altera/13.0sp1/nios2eds/bin/gnu/h-i686-mingw32/bin/../lib/gcc/nios2-elf/4.1.2/../../../../nios2-elf/lib/mno-hw-mul\libc.a(lib_a-exit.o)
                0x0280d1ec                exit
 .text          0x0280d224       0x74 c:/altera/13.0sp1/nios2eds/bin/gnu/h-i686-mingw32/bin/../lib/gcc/nios2-elf/4.1.2/../../../../nios2-elf/lib/mno-hw-mul\libc.a(lib_a-memcmp.o)
                0x0280d224                memcmp
 .text          0x0280d298      0x134 c:/altera/13.0sp1/nios2eds/bin/gnu/h-i686-mingw32/bin/../lib/gcc/nios2-elf/4.1.2/../../../../nios2-elf/lib/mno-hw-mul\libc.a(lib_a-__atexit.o)
                0x0280d298                __register_exitproc
 .text          0x0280d3cc      0x1b4 c:/altera/13.0sp1/nios2eds/bin/gnu/h-i686-mingw32/bin/../lib/gcc/nios2-elf/4.1.2/../../../../nios2-elf/lib/mno-hw-mul\libc.a(lib_a-__call_atexit.o)
                0x0280d3d0                __call_exitprocs
 .text          0x0280d580       0x60 ../hw4_bsp/\libhal_bsp.a(alt_exit.o)
                0x0280d5c0                _exit
 *(.gnu.warning.*)
 *(.fini)
                0x0280d5e0                PROVIDE (__etext, ABSOLUTE (.))
                0x0280d5e0                PROVIDE (_etext, ABSOLUTE (.))
                0x0280d5e0                PROVIDE (etext, ABSOLUTE (.))
 *(.eh_frame_hdr)
                0x0280d5e0                . = ALIGN (0x4)
                0x0280d5e0                PROVIDE (__preinit_array_start, ABSOLUTE (.))
 *(.preinit_array)
                0x0280d5e0                PROVIDE (__preinit_array_end, ABSOLUTE (.))
                0x0280d5e0                PROVIDE (__init_array_start, ABSOLUTE (.))
 *(.init_array)
                0x0280d5e0                PROVIDE (__init_array_end, ABSOLUTE (.))
                0x0280d5e0                PROVIDE (__fini_array_start, ABSOLUTE (.))
 *(.fini_array)
                0x0280d5e0                PROVIDE (__fini_array_end, ABSOLUTE (.))
 *(.eh_frame)
 *(.gcc_except_table)
 *(.dynamic)
                0x0280d5e0                PROVIDE (__CTOR_LIST__, ABSOLUTE (.))
 *(.ctors)
 *(SORT(.ctors.*))
 .ctors.65535   0x0280d5e0        0x4 c:/altera/13.0sp1/nios2eds/bin/gnu/h-i686-mingw32/bin/../lib/gcc/nios2-elf/4.1.2/../../../../nios2-elf/lib/mno-hw-mul\libc.a(lib_a-__call_atexit.o)
                0x0280d5e4                PROVIDE (__CTOR_END__, ABSOLUTE (.))
                0x0280d5e4                PROVIDE (__DTOR_LIST__, ABSOLUTE (.))
 *(.dtors)
 *(SORT(.dtors.*))
                0x0280d5e4                PROVIDE (__DTOR_END__, ABSOLUTE (.))
 *(.jcr)
                0x0280d5e4                . = ALIGN (0x4)

.rodata         0x0280d5e4      0x368
                0x0280d5e4                PROVIDE (__ram_rodata_start, ABSOLUTE (.))
                0x0280d5e4                . = ALIGN (0x4)
 *(.rodata .rodata.* .gnu.linkonce.r.*)
 .rodata        0x0280d5e4       0x20 obj/default/hello_world.o
 .rodata.str1.4
                0x0280d604        0x2 c:/altera/13.0sp1/nios2eds/bin/gnu/h-i686-mingw32/bin/../lib/gcc/nios2-elf/4.1.2/../../../../nios2-elf/lib/mno-hw-mul\libc.a(lib_a-puts.o)
                                  0x4 (size before relaxing)
 *fill*         0x0280d606        0x2 00
 .rodata.str1.4
                0x0280d608       0x5e c:/altera/13.0sp1/nios2eds/bin/gnu/h-i686-mingw32/bin/../lib/gcc/nios2-elf/4.1.2/../../../../nios2-elf/lib/mno-hw-mul\libc.a(lib_a-vfprintf.o)
                                 0x60 (size before relaxing)
 .rodata        0x0280d666       0x20 c:/altera/13.0sp1/nios2eds/bin/gnu/h-i686-mingw32/bin/../lib/gcc/nios2-elf/4.1.2/../../../../nios2-elf/lib/mno-hw-mul\libc.a(lib_a-vfprintf.o)
 *fill*         0x0280d686        0x2 00
 .rodata.str1.4
                0x0280d688       0x10 c:/altera/13.0sp1/nios2eds/bin/gnu/h-i686-mingw32/bin/../lib/gcc/nios2-elf/4.1.2/../../../../nios2-elf/lib/mno-hw-mul\libc.a(lib_a-dtoa.o)
                                 0x14 (size before relaxing)
 .rodata.str1.4
                0x0280d698        0x2 c:/altera/13.0sp1/nios2eds/bin/gnu/h-i686-mingw32/bin/../lib/gcc/nios2-elf/4.1.2/../../../../nios2-elf/lib/mno-hw-mul\libc.a(lib_a-impure.o)
                                  0x4 (size before relaxing)
 *fill*         0x0280d69a        0x2 00
 .rodata.str1.4
                0x0280d69c       0x10 c:/altera/13.0sp1/nios2eds/bin/gnu/h-i686-mingw32/bin/../lib/gcc/nios2-elf/4.1.2/../../../../nios2-elf/lib/mno-hw-mul\libc.a(lib_a-locale.o)
                                 0x18 (size before relaxing)
 .rodata        0x0280d6ac       0x30 c:/altera/13.0sp1/nios2eds/bin/gnu/h-i686-mingw32/bin/../lib/gcc/nios2-elf/4.1.2/../../../../nios2-elf/lib/mno-hw-mul\libc.a(lib_a-locale.o)
 .rodata        0x0280d6dc      0x124 c:/altera/13.0sp1/nios2eds/bin/gnu/h-i686-mingw32/bin/../lib/gcc/nios2-elf/4.1.2/../../../../nios2-elf/lib/mno-hw-mul\libc.a(lib_a-mprec.o)
                0x0280d6dc                __mprec_tens
                0x0280d7a4                __mprec_bigtens
                0x0280d7cc                __mprec_tinytens
 .rodata        0x0280d800       0x14 c:/altera/13.0sp1/nios2eds/bin/gnu/h-i686-mingw32/bin/../lib/gcc/nios2-elf/4.1.2/mno-hw-mul\libgcc.a(_thenan_df.o)
                0x0280d800                __thenan_df
 .rodata        0x0280d814      0x100 c:/altera/13.0sp1/nios2eds/bin/gnu/h-i686-mingw32/bin/../lib/gcc/nios2-elf/4.1.2/mno-hw-mul\libgcc.a(_clz.o)
                0x0280d814                __clz_tab
 .rodata        0x0280d914        0xc ../hw4_bsp/\libhal_bsp.a(alt_dev.o)
 .rodata        0x0280d920       0x10 ../hw4_bsp/\libhal_bsp.a(alt_main.o)
 .rodata        0x0280d930       0x1c ../hw4_bsp/\libhal_bsp.a(alt_sys_init.o)
 *(.rodata1)
                0x0280d94c                . = ALIGN (0x4)
                0x0280d94c                PROVIDE (__ram_rodata_end, ABSOLUTE (.))
                0x0280d5e4                PROVIDE (__flash_rodata_start, LOADADDR (.rodata))

.rwdata         0x0280d94c     0x1b48 load address 0x0280f494
                0x0280d94c                PROVIDE (__ram_rwdata_start, ABSOLUTE (.))
                0x0280d94c                . = ALIGN (0x4)
 *(.got.plt)
 *(.got)
 *(.data1)
 *(.data .data.* .gnu.linkonce.d.*)
 .data          0x0280d94c        0x0 ../hw4_bsp//obj/HAL/src/crt0.o
 .data          0x0280d94c        0x0 obj/default/hello_world.o
 .data          0x0280d94c        0x0 c:/altera/13.0sp1/nios2eds/bin/gnu/h-i686-mingw32/bin/../lib/gcc/nios2-elf/4.1.2/../../../../nios2-elf/lib/mno-hw-mul\libc.a(lib_a-printf.o)
 .data          0x0280d94c        0x0 c:/altera/13.0sp1/nios2eds/bin/gnu/h-i686-mingw32/bin/../lib/gcc/nios2-elf/4.1.2/../../../../nios2-elf/lib/mno-hw-mul\libc.a(lib_a-puts.o)
 .data          0x0280d94c        0x0 c:/altera/13.0sp1/nios2eds/bin/gnu/h-i686-mingw32/bin/../lib/gcc/nios2-elf/4.1.2/../../../../nios2-elf/lib/mno-hw-mul\libc.a(lib_a-strlen.o)
 .data          0x0280d94c        0x0 c:/altera/13.0sp1/nios2eds/bin/gnu/h-i686-mingw32/bin/../lib/gcc/nios2-elf/4.1.2/../../../../nios2-elf/lib/mno-hw-mul\libc.a(lib_a-vfprintf.o)
 .data          0x0280d94c        0x0 c:/altera/13.0sp1/nios2eds/bin/gnu/h-i686-mingw32/bin/../lib/gcc/nios2-elf/4.1.2/../../../../nios2-elf/lib/mno-hw-mul\libc.a(lib_a-wsetup.o)
 .data          0x0280d94c        0x0 c:/altera/13.0sp1/nios2eds/bin/gnu/h-i686-mingw32/bin/../lib/gcc/nios2-elf/4.1.2/../../../../nios2-elf/lib/mno-hw-mul\libc.a(lib_a-dtoa.o)
 .data          0x0280d94c        0x0 c:/altera/13.0sp1/nios2eds/bin/gnu/h-i686-mingw32/bin/../lib/gcc/nios2-elf/4.1.2/../../../../nios2-elf/lib/mno-hw-mul\libc.a(lib_a-fflush.o)
 .data          0x0280d94c        0x0 c:/altera/13.0sp1/nios2eds/bin/gnu/h-i686-mingw32/bin/../lib/gcc/nios2-elf/4.1.2/../../../../nios2-elf/lib/mno-hw-mul\libc.a(lib_a-findfp.o)
 .data          0x0280d94c        0x0 c:/altera/13.0sp1/nios2eds/bin/gnu/h-i686-mingw32/bin/../lib/gcc/nios2-elf/4.1.2/../../../../nios2-elf/lib/mno-hw-mul\libc.a(lib_a-freer.o)
 .data          0x0280d94c        0x0 c:/altera/13.0sp1/nios2eds/bin/gnu/h-i686-mingw32/bin/../lib/gcc/nios2-elf/4.1.2/../../../../nios2-elf/lib/mno-hw-mul\libc.a(lib_a-fvwrite.o)
 .data          0x0280d94c        0x0 c:/altera/13.0sp1/nios2eds/bin/gnu/h-i686-mingw32/bin/../lib/gcc/nios2-elf/4.1.2/../../../../nios2-elf/lib/mno-hw-mul\libc.a(lib_a-fwalk.o)
 .data          0x0280d94c      0x400 c:/altera/13.0sp1/nios2eds/bin/gnu/h-i686-mingw32/bin/../lib/gcc/nios2-elf/4.1.2/../../../../nios2-elf/lib/mno-hw-mul\libc.a(lib_a-impure.o)
 .data          0x0280dd4c        0xc c:/altera/13.0sp1/nios2eds/bin/gnu/h-i686-mingw32/bin/../lib/gcc/nios2-elf/4.1.2/../../../../nios2-elf/lib/mno-hw-mul\libc.a(lib_a-locale.o)
                0x0280dd4c                __lc_ctype
 .data          0x0280dd58        0x0 c:/altera/13.0sp1/nios2eds/bin/gnu/h-i686-mingw32/bin/../lib/gcc/nios2-elf/4.1.2/../../../../nios2-elf/lib/mno-hw-mul\libc.a(lib_a-makebuf.o)
 .data          0x0280dd58      0x408 c:/altera/13.0sp1/nios2eds/bin/gnu/h-i686-mingw32/bin/../lib/gcc/nios2-elf/4.1.2/../../../../nios2-elf/lib/mno-hw-mul\libc.a(lib_a-mallocr.o)
                0x0280dd58                __malloc_av_
 .data          0x0280e160        0x0 c:/altera/13.0sp1/nios2eds/bin/gnu/h-i686-mingw32/bin/../lib/gcc/nios2-elf/4.1.2/../../../../nios2-elf/lib/mno-hw-mul\libc.a(lib_a-memchr.o)
 .data          0x0280e160        0x0 c:/altera/13.0sp1/nios2eds/bin/gnu/h-i686-mingw32/bin/../lib/gcc/nios2-elf/4.1.2/../../../../nios2-elf/lib/mno-hw-mul\libc.a(lib_a-memcpy.o)
 .data          0x0280e160        0x0 c:/altera/13.0sp1/nios2eds/bin/gnu/h-i686-mingw32/bin/../lib/gcc/nios2-elf/4.1.2/../../../../nios2-elf/lib/mno-hw-mul\libc.a(lib_a-memmove.o)
 .data          0x0280e160        0x0 c:/altera/13.0sp1/nios2eds/bin/gnu/h-i686-mingw32/bin/../lib/gcc/nios2-elf/4.1.2/../../../../nios2-elf/lib/mno-hw-mul\libc.a(lib_a-memset.o)
 .data          0x0280e160        0x0 c:/altera/13.0sp1/nios2eds/bin/gnu/h-i686-mingw32/bin/../lib/gcc/nios2-elf/4.1.2/../../../../nios2-elf/lib/mno-hw-mul\libc.a(lib_a-mprec.o)
 .data          0x0280e160        0x0 c:/altera/13.0sp1/nios2eds/bin/gnu/h-i686-mingw32/bin/../lib/gcc/nios2-elf/4.1.2/../../../../nios2-elf/lib/mno-hw-mul\libc.a(lib_a-reallocr.o)
 .data          0x0280e160        0x0 c:/altera/13.0sp1/nios2eds/bin/gnu/h-i686-mingw32/bin/../lib/gcc/nios2-elf/4.1.2/../../../../nios2-elf/lib/mno-hw-mul\libc.a(lib_a-s_isinfd.o)
 .data          0x0280e160        0x0 c:/altera/13.0sp1/nios2eds/bin/gnu/h-i686-mingw32/bin/../lib/gcc/nios2-elf/4.1.2/../../../../nios2-elf/lib/mno-hw-mul\libc.a(lib_a-s_isnand.o)
 .data          0x0280e160        0x0 c:/altera/13.0sp1/nios2eds/bin/gnu/h-i686-mingw32/bin/../lib/gcc/nios2-elf/4.1.2/../../../../nios2-elf/lib/mno-hw-mul\libc.a(lib_a-sbrkr.o)
 .data          0x0280e160        0x0 c:/altera/13.0sp1/nios2eds/bin/gnu/h-i686-mingw32/bin/../lib/gcc/nios2-elf/4.1.2/../../../../nios2-elf/lib/mno-hw-mul\libc.a(lib_a-stdio.o)
 .data          0x0280e160        0x0 c:/altera/13.0sp1/nios2eds/bin/gnu/h-i686-mingw32/bin/../lib/gcc/nios2-elf/4.1.2/../../../../nios2-elf/lib/mno-hw-mul\libc.a(lib_a-strcmp.o)
 .data          0x0280e160        0x0 c:/altera/13.0sp1/nios2eds/bin/gnu/h-i686-mingw32/bin/../lib/gcc/nios2-elf/4.1.2/../../../../nios2-elf/lib/mno-hw-mul\libc.a(lib_a-writer.o)
 .data          0x0280e160        0x0 c:/altera/13.0sp1/nios2eds/bin/gnu/h-i686-mingw32/bin/../lib/gcc/nios2-elf/4.1.2/../../../../nios2-elf/lib/mno-hw-mul\libc.a(lib_a-callocr.o)
 .data          0x0280e160        0x0 c:/altera/13.0sp1/nios2eds/bin/gnu/h-i686-mingw32/bin/../lib/gcc/nios2-elf/4.1.2/../../../../nios2-elf/lib/mno-hw-mul\libc.a(lib_a-closer.o)
 .data          0x0280e160        0x0 c:/altera/13.0sp1/nios2eds/bin/gnu/h-i686-mingw32/bin/../lib/gcc/nios2-elf/4.1.2/../../../../nios2-elf/lib/mno-hw-mul\libc.a(lib_a-fclose.o)
 .data          0x0280e160        0x0 c:/altera/13.0sp1/nios2eds/bin/gnu/h-i686-mingw32/bin/../lib/gcc/nios2-elf/4.1.2/../../../../nios2-elf/lib/mno-hw-mul\libc.a(lib_a-fstatr.o)
 .data          0x0280e160        0x0 c:/altera/13.0sp1/nios2eds/bin/gnu/h-i686-mingw32/bin/../lib/gcc/nios2-elf/4.1.2/../../../../nios2-elf/lib/mno-hw-mul\libc.a(lib_a-int_errno.o)
 .data          0x0280e160        0x0 c:/altera/13.0sp1/nios2eds/bin/gnu/h-i686-mingw32/bin/../lib/gcc/nios2-elf/4.1.2/../../../../nios2-elf/lib/mno-hw-mul\libc.a(lib_a-isattyr.o)
 .data          0x0280e160        0x0 c:/altera/13.0sp1/nios2eds/bin/gnu/h-i686-mingw32/bin/../lib/gcc/nios2-elf/4.1.2/../../../../nios2-elf/lib/mno-hw-mul\libc.a(lib_a-lseekr.o)
 .data          0x0280e160        0x0 c:/altera/13.0sp1/nios2eds/bin/gnu/h-i686-mingw32/bin/../lib/gcc/nios2-elf/4.1.2/../../../../nios2-elf/lib/mno-hw-mul\libc.a(lib_a-readr.o)
 .data          0x0280e160        0x0 c:/altera/13.0sp1/nios2eds/bin/gnu/h-i686-mingw32/bin/../lib/gcc/nios2-elf/4.1.2/mno-hw-mul\libgcc.a(_udivdi3.o)
 .data          0x0280e160        0x0 c:/altera/13.0sp1/nios2eds/bin/gnu/h-i686-mingw32/bin/../lib/gcc/nios2-elf/4.1.2/mno-hw-mul\libgcc.a(_umoddi3.o)
 .data          0x0280e160        0x0 c:/altera/13.0sp1/nios2eds/bin/gnu/h-i686-mingw32/bin/../lib/gcc/nios2-elf/4.1.2/mno-hw-mul\libgcc.a(_addsub_df.o)
 .data          0x0280e160        0x0 c:/altera/13.0sp1/nios2eds/bin/gnu/h-i686-mingw32/bin/../lib/gcc/nios2-elf/4.1.2/mno-hw-mul\libgcc.a(_mul_df.o)
 .data          0x0280e160        0x0 c:/altera/13.0sp1/nios2eds/bin/gnu/h-i686-mingw32/bin/../lib/gcc/nios2-elf/4.1.2/mno-hw-mul\libgcc.a(_div_df.o)
 .data          0x0280e160        0x0 c:/altera/13.0sp1/nios2eds/bin/gnu/h-i686-mingw32/bin/../lib/gcc/nios2-elf/4.1.2/mno-hw-mul\libgcc.a(_eq_df.o)
 .data          0x0280e160        0x0 c:/altera/13.0sp1/nios2eds/bin/gnu/h-i686-mingw32/bin/../lib/gcc/nios2-elf/4.1.2/mno-hw-mul\libgcc.a(_ne_df.o)
 .data          0x0280e160        0x0 c:/altera/13.0sp1/nios2eds/bin/gnu/h-i686-mingw32/bin/../lib/gcc/nios2-elf/4.1.2/mno-hw-mul\libgcc.a(_gt_df.o)
 .data          0x0280e160        0x0 c:/altera/13.0sp1/nios2eds/bin/gnu/h-i686-mingw32/bin/../lib/gcc/nios2-elf/4.1.2/mno-hw-mul\libgcc.a(_ge_df.o)
 .data          0x0280e160        0x0 c:/altera/13.0sp1/nios2eds/bin/gnu/h-i686-mingw32/bin/../lib/gcc/nios2-elf/4.1.2/mno-hw-mul\libgcc.a(_lt_df.o)
 .data          0x0280e160        0x0 c:/altera/13.0sp1/nios2eds/bin/gnu/h-i686-mingw32/bin/../lib/gcc/nios2-elf/4.1.2/mno-hw-mul\libgcc.a(_si_to_df.o)
 .data          0x0280e160        0x0 c:/altera/13.0sp1/nios2eds/bin/gnu/h-i686-mingw32/bin/../lib/gcc/nios2-elf/4.1.2/mno-hw-mul\libgcc.a(_df_to_si.o)
 .data          0x0280e160        0x0 c:/altera/13.0sp1/nios2eds/bin/gnu/h-i686-mingw32/bin/../lib/gcc/nios2-elf/4.1.2/mno-hw-mul\libgcc.a(_thenan_df.o)
 .data          0x0280e160        0x0 c:/altera/13.0sp1/nios2eds/bin/gnu/h-i686-mingw32/bin/../lib/gcc/nios2-elf/4.1.2/mno-hw-mul\libgcc.a(_usi_to_df.o)
 .data          0x0280e160        0x0 c:/altera/13.0sp1/nios2eds/bin/gnu/h-i686-mingw32/bin/../lib/gcc/nios2-elf/4.1.2/mno-hw-mul\libgcc.a(lib2-divmod.o)
 .data          0x0280e160        0x0 c:/altera/13.0sp1/nios2eds/bin/gnu/h-i686-mingw32/bin/../lib/gcc/nios2-elf/4.1.2/mno-hw-mul\libgcc.a(lib2-mul.o)
 .data          0x0280e160        0x0 c:/altera/13.0sp1/nios2eds/bin/gnu/h-i686-mingw32/bin/../lib/gcc/nios2-elf/4.1.2/mno-hw-mul\libgcc.a(_muldi3.o)
 .data          0x0280e160        0x0 c:/altera/13.0sp1/nios2eds/bin/gnu/h-i686-mingw32/bin/../lib/gcc/nios2-elf/4.1.2/mno-hw-mul\libgcc.a(_clz.o)
 .data          0x0280e160        0x0 c:/altera/13.0sp1/nios2eds/bin/gnu/h-i686-mingw32/bin/../lib/gcc/nios2-elf/4.1.2/mno-hw-mul\libgcc.a(_clzsi2.o)
 .data          0x0280e160        0x0 c:/altera/13.0sp1/nios2eds/bin/gnu/h-i686-mingw32/bin/../lib/gcc/nios2-elf/4.1.2/mno-hw-mul\libgcc.a(_pack_df.o)
 .data          0x0280e160        0x0 c:/altera/13.0sp1/nios2eds/bin/gnu/h-i686-mingw32/bin/../lib/gcc/nios2-elf/4.1.2/mno-hw-mul\libgcc.a(_unpack_df.o)
 .data          0x0280e160        0x0 c:/altera/13.0sp1/nios2eds/bin/gnu/h-i686-mingw32/bin/../lib/gcc/nios2-elf/4.1.2/mno-hw-mul\libgcc.a(_fpcmp_parts_df.o)
 .data          0x0280e160        0x0 ../hw4_bsp/\libhal_bsp.a(alt_close.o)
 .data          0x0280e160      0x1a8 ../hw4_bsp/\libhal_bsp.a(alt_dev.o)
                0x0280e160                alt_dev_null
                0x0280e188                alt_fd_list
 .data          0x0280e308        0x0 ../hw4_bsp/\libhal_bsp.a(alt_errno.o)
 .data          0x0280e308        0x0 ../hw4_bsp/\libhal_bsp.a(alt_fstat.o)
 .data          0x0280e308        0x0 ../hw4_bsp/\libhal_bsp.a(alt_isatty.o)
 .data          0x0280e308        0x0 ../hw4_bsp/\libhal_bsp.a(alt_load.o)
 .data          0x0280e308        0x0 ../hw4_bsp/\libhal_bsp.a(alt_lseek.o)
 .data          0x0280e308        0x0 ../hw4_bsp/\libhal_bsp.a(alt_main.o)
 .data          0x0280e308        0x0 ../hw4_bsp/\libhal_bsp.a(alt_malloc_lock.o)
 .data          0x0280e308        0x0 ../hw4_bsp/\libhal_bsp.a(alt_read.o)
 .data          0x0280e308        0x0 ../hw4_bsp/\libhal_bsp.a(alt_release_fd.o)
 .data          0x0280e308        0x0 ../hw4_bsp/\libhal_bsp.a(alt_sbrk.o)
 .data          0x0280e308        0x0 ../hw4_bsp/\libhal_bsp.a(alt_usleep.o)
 .data          0x0280e308        0x0 ../hw4_bsp/\libhal_bsp.a(alt_write.o)
 .data          0x0280e308     0x113c ../hw4_bsp/\libhal_bsp.a(alt_sys_init.o)
 .data          0x0280f444        0x0 ../hw4_bsp/\libhal_bsp.a(altera_avalon_dma.o)
 .data          0x0280f444        0x0 ../hw4_bsp/\libhal_bsp.a(altera_avalon_jtag_uart_fd.o)
 .data          0x0280f444        0x0 ../hw4_bsp/\libhal_bsp.a(altera_avalon_jtag_uart_init.o)
 .data          0x0280f444        0x0 ../hw4_bsp/\libhal_bsp.a(altera_avalon_jtag_uart_ioctl.o)
 .data          0x0280f444        0x0 ../hw4_bsp/\libhal_bsp.a(altera_avalon_jtag_uart_read.o)
 .data          0x0280f444        0x0 ../hw4_bsp/\libhal_bsp.a(altera_avalon_jtag_uart_write.o)
 .data          0x0280f444        0x0 ../hw4_bsp/\libhal_bsp.a(altera_avalon_timer_vars.o)
 .data          0x0280f444        0x0 ../hw4_bsp/\libhal_bsp.a(alt_alarm_start.o)
 .data          0x0280f444        0x0 ../hw4_bsp/\libhal_bsp.a(alt_busy_sleep.o)
 .data          0x0280f444        0x0 ../hw4_bsp/\libhal_bsp.a(alt_dcache_flush_all.o)
 .data          0x0280f444        0x0 ../hw4_bsp/\libhal_bsp.a(alt_dev_llist_insert.o)
 .data          0x0280f444        0x0 ../hw4_bsp/\libhal_bsp.a(alt_dma_rxchan_open.o)
 .data          0x0280f444        0x0 ../hw4_bsp/\libhal_bsp.a(alt_dma_txchan_open.o)
 .data          0x0280f444        0x0 ../hw4_bsp/\libhal_bsp.a(alt_do_ctors.o)
 .data          0x0280f444        0x0 ../hw4_bsp/\libhal_bsp.a(alt_do_dtors.o)
 .data          0x0280f444        0x0 ../hw4_bsp/\libhal_bsp.a(alt_find_dev.o)
 .data          0x0280f444        0x0 ../hw4_bsp/\libhal_bsp.a(alt_icache_flush_all.o)
 .data          0x0280f444        0x0 ../hw4_bsp/\libhal_bsp.a(alt_iic.o)
 .data          0x0280f444        0x0 ../hw4_bsp/\libhal_bsp.a(alt_iic_isr_register.o)
 .data          0x0280f444        0x0 ../hw4_bsp/\libhal_bsp.a(alt_io_redirect.o)
 .data          0x0280f444        0x0 ../hw4_bsp/\libhal_bsp.a(alt_irq_entry.o)
 .data          0x0280f444        0x0 ../hw4_bsp/\libhal_bsp.a(alt_irq_handler.o)
 .data          0x0280f444        0x0 ../hw4_bsp/\libhal_bsp.a(alt_irq_vars.o)
 .data          0x0280f444        0x0 ../hw4_bsp/\libhal_bsp.a(alt_open.o)
 .data          0x0280f444        0x0 ../hw4_bsp/\libhal_bsp.a(alt_tick.o)
 .data          0x0280f444        0x0 ../hw4_bsp/\libhal_bsp.a(altera_nios2_qsys_irq.o)
 .data          0x0280f444        0x0 ../hw4_bsp/\libhal_bsp.a(alt_exception_entry.o)
 .data          0x0280f444        0x0 ../hw4_bsp/\libhal_bsp.a(alt_find_file.o)
 .data          0x0280f444        0x0 ../hw4_bsp/\libhal_bsp.a(alt_get_fd.o)
 .data          0x0280f444        0x0 c:/altera/13.0sp1/nios2eds/bin/gnu/h-i686-mingw32/bin/../lib/gcc/nios2-elf/4.1.2/../../../../nios2-elf/lib/mno-hw-mul\libc.a(lib_a-atexit.o)
 .data          0x0280f444        0x0 c:/altera/13.0sp1/nios2eds/bin/gnu/h-i686-mingw32/bin/../lib/gcc/nios2-elf/4.1.2/../../../../nios2-elf/lib/mno-hw-mul\libc.a(lib_a-exit.o)
 .data          0x0280f444        0x0 c:/altera/13.0sp1/nios2eds/bin/gnu/h-i686-mingw32/bin/../lib/gcc/nios2-elf/4.1.2/../../../../nios2-elf/lib/mno-hw-mul\libc.a(lib_a-memcmp.o)
 .data          0x0280f444        0x0 c:/altera/13.0sp1/nios2eds/bin/gnu/h-i686-mingw32/bin/../lib/gcc/nios2-elf/4.1.2/../../../../nios2-elf/lib/mno-hw-mul\libc.a(lib_a-__atexit.o)
 .data          0x0280f444        0x0 c:/altera/13.0sp1/nios2eds/bin/gnu/h-i686-mingw32/bin/../lib/gcc/nios2-elf/4.1.2/../../../../nios2-elf/lib/mno-hw-mul\libc.a(lib_a-__call_atexit.o)
 .data          0x0280f444        0x0 ../hw4_bsp/\libhal_bsp.a(alt_exit.o)
                0x02817444                _gp = ABSOLUTE ((. + 0x8000))
                0x02817444                PROVIDE (gp, _gp)
 *(.rwdata .rwdata.*)
 *(.sdata .sdata.* .gnu.linkonce.s.*)
 .sdata         0x0280f444        0x8 c:/altera/13.0sp1/nios2eds/bin/gnu/h-i686-mingw32/bin/../lib/gcc/nios2-elf/4.1.2/../../../../nios2-elf/lib/mno-hw-mul\libc.a(lib_a-impure.o)
                0x0280f444                _impure_ptr
                0x0280f448                _global_impure_ptr
 .sdata         0x0280f44c        0x8 c:/altera/13.0sp1/nios2eds/bin/gnu/h-i686-mingw32/bin/../lib/gcc/nios2-elf/4.1.2/../../../../nios2-elf/lib/mno-hw-mul\libc.a(lib_a-locale.o)
                0x0280f44c                __mb_cur_max
 .sdata         0x0280f454        0x8 c:/altera/13.0sp1/nios2eds/bin/gnu/h-i686-mingw32/bin/../lib/gcc/nios2-elf/4.1.2/../../../../nios2-elf/lib/mno-hw-mul\libc.a(lib_a-mallocr.o)
                0x0280f454                __malloc_trim_threshold
                0x0280f458                __malloc_sbrk_base
 .sdata         0x0280f45c       0x14 ../hw4_bsp/\libhal_bsp.a(alt_dev.o)
                0x0280f45c                alt_fs_list
                0x0280f464                alt_dev_list
                0x0280f46c                alt_max_fd
 .sdata         0x0280f470        0x4 ../hw4_bsp/\libhal_bsp.a(alt_errno.o)
                0x0280f470                alt_errno
 .sdata         0x0280f474        0x4 ../hw4_bsp/\libhal_bsp.a(alt_sbrk.o)
 .sdata         0x0280f478        0x8 ../hw4_bsp/\libhal_bsp.a(alt_dma_rxchan_open.o)
                0x0280f478                alt_dma_rxchan_list
 .sdata         0x0280f480        0x8 ../hw4_bsp/\libhal_bsp.a(alt_dma_txchan_open.o)
                0x0280f480                alt_dma_txchan_list
 .sdata         0x0280f488        0x4 ../hw4_bsp/\libhal_bsp.a(alt_irq_vars.o)
                0x0280f488                alt_priority_mask
 .sdata         0x0280f48c        0x8 ../hw4_bsp/\libhal_bsp.a(alt_tick.o)
                0x0280f48c                alt_alarm_list
 *(.sdata2 .sdata2.* .gnu.linkonce.s2.*)
                0x0280f494                . = ALIGN (0x4)
                0x0280f494                _edata = ABSOLUTE (.)
                0x0280f494                PROVIDE (edata, ABSOLUTE (.))
                0x0280f494                PROVIDE (__ram_rwdata_end, ABSOLUTE (.))
                0x0280f494                PROVIDE (__flash_rwdata_start, LOADADDR (.rwdata))

.bss            0x02810fdc      0x2f4
                0x02810fdc                __bss_start = ABSOLUTE (.)
                0x02810fdc                PROVIDE (__sbss_start, ABSOLUTE (.))
                0x02810fdc                PROVIDE (___sbss_start, ABSOLUTE (.))
 *(.dynsbss)
 *(.sbss .sbss.* .gnu.linkonce.sb.*)
 .sbss          0x02810fdc        0xc c:/altera/13.0sp1/nios2eds/bin/gnu/h-i686-mingw32/bin/../lib/gcc/nios2-elf/4.1.2/../../../../nios2-elf/lib/mno-hw-mul\libc.a(lib_a-locale.o)
                0x02810fdc                __nlocale_changed
                0x02810fe0                __mlocale_changed
                0x02810fe4                _PathLocale
 .sbss          0x02810fe8        0xc c:/altera/13.0sp1/nios2eds/bin/gnu/h-i686-mingw32/bin/../lib/gcc/nios2-elf/4.1.2/../../../../nios2-elf/lib/mno-hw-mul\libc.a(lib_a-mallocr.o)
                0x02810fe8                __malloc_top_pad
                0x02810fec                __malloc_max_sbrked_mem
                0x02810ff0                __malloc_max_total_mem
 .sbss          0x02810ff4        0x4 c:/altera/13.0sp1/nios2eds/bin/gnu/h-i686-mingw32/bin/../lib/gcc/nios2-elf/4.1.2/../../../../nios2-elf/lib/mno-hw-mul\libc.a(lib_a-int_errno.o)
                0x02810ff4                errno
 .sbss          0x02810ff8        0xc ../hw4_bsp/\libhal_bsp.a(alt_main.o)
                0x02810ff8                alt_argc
                0x02810ffc                alt_argv
                0x02811000                alt_envp
 .sbss          0x02811004        0x8 ../hw4_bsp/\libhal_bsp.a(altera_avalon_timer_vars.o)
                0x02811004                altera_avalon_timer_ts_base
                0x02811008                altera_avalon_timer_ts_freq
 .sbss          0x0281100c        0x4 ../hw4_bsp/\libhal_bsp.a(alt_irq_vars.o)
                0x0281100c                alt_irq_active
 .sbss          0x02811010        0x8 ../hw4_bsp/\libhal_bsp.a(alt_tick.o)
                0x02811010                _alt_tick_rate
                0x02811014                _alt_nticks
 *(.sbss2 .sbss2.* .gnu.linkonce.sb2.*)
 *(.scommon)
                0x02811018                PROVIDE (__sbss_end, ABSOLUTE (.))
                0x02811018                PROVIDE (___sbss_end, ABSOLUTE (.))
 *(.dynbss)
 *(.bss .bss.* .gnu.linkonce.b.*)
 .bss           0x02811018        0x0 ../hw4_bsp//obj/HAL/src/crt0.o
 .bss           0x02811018        0x0 obj/default/hello_world.o
 .bss           0x02811018        0x0 c:/altera/13.0sp1/nios2eds/bin/gnu/h-i686-mingw32/bin/../lib/gcc/nios2-elf/4.1.2/../../../../nios2-elf/lib/mno-hw-mul\libc.a(lib_a-printf.o)
 .bss           0x02811018        0x0 c:/altera/13.0sp1/nios2eds/bin/gnu/h-i686-mingw32/bin/../lib/gcc/nios2-elf/4.1.2/../../../../nios2-elf/lib/mno-hw-mul\libc.a(lib_a-puts.o)
 .bss           0x02811018        0x0 c:/altera/13.0sp1/nios2eds/bin/gnu/h-i686-mingw32/bin/../lib/gcc/nios2-elf/4.1.2/../../../../nios2-elf/lib/mno-hw-mul\libc.a(lib_a-strlen.o)
 .bss           0x02811018        0x0 c:/altera/13.0sp1/nios2eds/bin/gnu/h-i686-mingw32/bin/../lib/gcc/nios2-elf/4.1.2/../../../../nios2-elf/lib/mno-hw-mul\libc.a(lib_a-vfprintf.o)
 .bss           0x02811018        0x0 c:/altera/13.0sp1/nios2eds/bin/gnu/h-i686-mingw32/bin/../lib/gcc/nios2-elf/4.1.2/../../../../nios2-elf/lib/mno-hw-mul\libc.a(lib_a-wsetup.o)
 .bss           0x02811018        0x0 c:/altera/13.0sp1/nios2eds/bin/gnu/h-i686-mingw32/bin/../lib/gcc/nios2-elf/4.1.2/../../../../nios2-elf/lib/mno-hw-mul\libc.a(lib_a-dtoa.o)
 .bss           0x02811018        0x0 c:/altera/13.0sp1/nios2eds/bin/gnu/h-i686-mingw32/bin/../lib/gcc/nios2-elf/4.1.2/../../../../nios2-elf/lib/mno-hw-mul\libc.a(lib_a-fflush.o)
 .bss           0x02811018        0x0 c:/altera/13.0sp1/nios2eds/bin/gnu/h-i686-mingw32/bin/../lib/gcc/nios2-elf/4.1.2/../../../../nios2-elf/lib/mno-hw-mul\libc.a(lib_a-findfp.o)
 .bss           0x02811018        0x0 c:/altera/13.0sp1/nios2eds/bin/gnu/h-i686-mingw32/bin/../lib/gcc/nios2-elf/4.1.2/../../../../nios2-elf/lib/mno-hw-mul\libc.a(lib_a-freer.o)
 .bss           0x02811018        0x0 c:/altera/13.0sp1/nios2eds/bin/gnu/h-i686-mingw32/bin/../lib/gcc/nios2-elf/4.1.2/../../../../nios2-elf/lib/mno-hw-mul\libc.a(lib_a-fvwrite.o)
 .bss           0x02811018        0x0 c:/altera/13.0sp1/nios2eds/bin/gnu/h-i686-mingw32/bin/../lib/gcc/nios2-elf/4.1.2/../../../../nios2-elf/lib/mno-hw-mul\libc.a(lib_a-fwalk.o)
 .bss           0x02811018        0x0 c:/altera/13.0sp1/nios2eds/bin/gnu/h-i686-mingw32/bin/../lib/gcc/nios2-elf/4.1.2/../../../../nios2-elf/lib/mno-hw-mul\libc.a(lib_a-impure.o)
 .bss           0x02811018        0x0 c:/altera/13.0sp1/nios2eds/bin/gnu/h-i686-mingw32/bin/../lib/gcc/nios2-elf/4.1.2/../../../../nios2-elf/lib/mno-hw-mul\libc.a(lib_a-locale.o)
 .bss           0x02811018        0x0 c:/altera/13.0sp1/nios2eds/bin/gnu/h-i686-mingw32/bin/../lib/gcc/nios2-elf/4.1.2/../../../../nios2-elf/lib/mno-hw-mul\libc.a(lib_a-makebuf.o)
 .bss           0x02811018       0x28 c:/altera/13.0sp1/nios2eds/bin/gnu/h-i686-mingw32/bin/../lib/gcc/nios2-elf/4.1.2/../../../../nios2-elf/lib/mno-hw-mul\libc.a(lib_a-mallocr.o)
                0x02811018                __malloc_current_mallinfo
 .bss           0x02811040        0x0 c:/altera/13.0sp1/nios2eds/bin/gnu/h-i686-mingw32/bin/../lib/gcc/nios2-elf/4.1.2/../../../../nios2-elf/lib/mno-hw-mul\libc.a(lib_a-memchr.o)
 .bss           0x02811040        0x0 c:/altera/13.0sp1/nios2eds/bin/gnu/h-i686-mingw32/bin/../lib/gcc/nios2-elf/4.1.2/../../../../nios2-elf/lib/mno-hw-mul\libc.a(lib_a-memcpy.o)
 .bss           0x02811040        0x0 c:/altera/13.0sp1/nios2eds/bin/gnu/h-i686-mingw32/bin/../lib/gcc/nios2-elf/4.1.2/../../../../nios2-elf/lib/mno-hw-mul\libc.a(lib_a-memmove.o)
 .bss           0x02811040        0x0 c:/altera/13.0sp1/nios2eds/bin/gnu/h-i686-mingw32/bin/../lib/gcc/nios2-elf/4.1.2/../../../../nios2-elf/lib/mno-hw-mul\libc.a(lib_a-memset.o)
 .bss           0x02811040        0x0 c:/altera/13.0sp1/nios2eds/bin/gnu/h-i686-mingw32/bin/../lib/gcc/nios2-elf/4.1.2/../../../../nios2-elf/lib/mno-hw-mul\libc.a(lib_a-mprec.o)
 .bss           0x02811040        0x0 c:/altera/13.0sp1/nios2eds/bin/gnu/h-i686-mingw32/bin/../lib/gcc/nios2-elf/4.1.2/../../../../nios2-elf/lib/mno-hw-mul\libc.a(lib_a-reallocr.o)
 .bss           0x02811040        0x0 c:/altera/13.0sp1/nios2eds/bin/gnu/h-i686-mingw32/bin/../lib/gcc/nios2-elf/4.1.2/../../../../nios2-elf/lib/mno-hw-mul\libc.a(lib_a-s_isinfd.o)
 .bss           0x02811040        0x0 c:/altera/13.0sp1/nios2eds/bin/gnu/h-i686-mingw32/bin/../lib/gcc/nios2-elf/4.1.2/../../../../nios2-elf/lib/mno-hw-mul\libc.a(lib_a-s_isnand.o)
 .bss           0x02811040        0x0 c:/altera/13.0sp1/nios2eds/bin/gnu/h-i686-mingw32/bin/../lib/gcc/nios2-elf/4.1.2/../../../../nios2-elf/lib/mno-hw-mul\libc.a(lib_a-sbrkr.o)
 .bss           0x02811040        0x0 c:/altera/13.0sp1/nios2eds/bin/gnu/h-i686-mingw32/bin/../lib/gcc/nios2-elf/4.1.2/../../../../nios2-elf/lib/mno-hw-mul\libc.a(lib_a-stdio.o)
 .bss           0x02811040        0x0 c:/altera/13.0sp1/nios2eds/bin/gnu/h-i686-mingw32/bin/../lib/gcc/nios2-elf/4.1.2/../../../../nios2-elf/lib/mno-hw-mul\libc.a(lib_a-strcmp.o)
 .bss           0x02811040        0x0 c:/altera/13.0sp1/nios2eds/bin/gnu/h-i686-mingw32/bin/../lib/gcc/nios2-elf/4.1.2/../../../../nios2-elf/lib/mno-hw-mul\libc.a(lib_a-writer.o)
 .bss           0x02811040        0x0 c:/altera/13.0sp1/nios2eds/bin/gnu/h-i686-mingw32/bin/../lib/gcc/nios2-elf/4.1.2/../../../../nios2-elf/lib/mno-hw-mul\libc.a(lib_a-callocr.o)
 .bss           0x02811040        0x0 c:/altera/13.0sp1/nios2eds/bin/gnu/h-i686-mingw32/bin/../lib/gcc/nios2-elf/4.1.2/../../../../nios2-elf/lib/mno-hw-mul\libc.a(lib_a-closer.o)
 .bss           0x02811040        0x0 c:/altera/13.0sp1/nios2eds/bin/gnu/h-i686-mingw32/bin/../lib/gcc/nios2-elf/4.1.2/../../../../nios2-elf/lib/mno-hw-mul\libc.a(lib_a-fclose.o)
 .bss           0x02811040        0x0 c:/altera/13.0sp1/nios2eds/bin/gnu/h-i686-mingw32/bin/../lib/gcc/nios2-elf/4.1.2/../../../../nios2-elf/lib/mno-hw-mul\libc.a(lib_a-fstatr.o)
 .bss           0x02811040        0x0 c:/altera/13.0sp1/nios2eds/bin/gnu/h-i686-mingw32/bin/../lib/gcc/nios2-elf/4.1.2/../../../../nios2-elf/lib/mno-hw-mul\libc.a(lib_a-int_errno.o)
 .bss           0x02811040        0x0 c:/altera/13.0sp1/nios2eds/bin/gnu/h-i686-mingw32/bin/../lib/gcc/nios2-elf/4.1.2/../../../../nios2-elf/lib/mno-hw-mul\libc.a(lib_a-isattyr.o)
 .bss           0x02811040        0x0 c:/altera/13.0sp1/nios2eds/bin/gnu/h-i686-mingw32/bin/../lib/gcc/nios2-elf/4.1.2/../../../../nios2-elf/lib/mno-hw-mul\libc.a(lib_a-lseekr.o)
 .bss           0x02811040        0x0 c:/altera/13.0sp1/nios2eds/bin/gnu/h-i686-mingw32/bin/../lib/gcc/nios2-elf/4.1.2/../../../../nios2-elf/lib/mno-hw-mul\libc.a(lib_a-readr.o)
 .bss           0x02811040        0x0 c:/altera/13.0sp1/nios2eds/bin/gnu/h-i686-mingw32/bin/../lib/gcc/nios2-elf/4.1.2/mno-hw-mul\libgcc.a(_udivdi3.o)
 .bss           0x02811040        0x0 c:/altera/13.0sp1/nios2eds/bin/gnu/h-i686-mingw32/bin/../lib/gcc/nios2-elf/4.1.2/mno-hw-mul\libgcc.a(_umoddi3.o)
 .bss           0x02811040        0x0 c:/altera/13.0sp1/nios2eds/bin/gnu/h-i686-mingw32/bin/../lib/gcc/nios2-elf/4.1.2/mno-hw-mul\libgcc.a(_addsub_df.o)
 .bss           0x02811040        0x0 c:/altera/13.0sp1/nios2eds/bin/gnu/h-i686-mingw32/bin/../lib/gcc/nios2-elf/4.1.2/mno-hw-mul\libgcc.a(_mul_df.o)
 .bss           0x02811040        0x0 c:/altera/13.0sp1/nios2eds/bin/gnu/h-i686-mingw32/bin/../lib/gcc/nios2-elf/4.1.2/mno-hw-mul\libgcc.a(_div_df.o)
 .bss           0x02811040        0x0 c:/altera/13.0sp1/nios2eds/bin/gnu/h-i686-mingw32/bin/../lib/gcc/nios2-elf/4.1.2/mno-hw-mul\libgcc.a(_eq_df.o)
 .bss           0x02811040        0x0 c:/altera/13.0sp1/nios2eds/bin/gnu/h-i686-mingw32/bin/../lib/gcc/nios2-elf/4.1.2/mno-hw-mul\libgcc.a(_ne_df.o)
 .bss           0x02811040        0x0 c:/altera/13.0sp1/nios2eds/bin/gnu/h-i686-mingw32/bin/../lib/gcc/nios2-elf/4.1.2/mno-hw-mul\libgcc.a(_gt_df.o)
 .bss           0x02811040        0x0 c:/altera/13.0sp1/nios2eds/bin/gnu/h-i686-mingw32/bin/../lib/gcc/nios2-elf/4.1.2/mno-hw-mul\libgcc.a(_ge_df.o)
 .bss           0x02811040        0x0 c:/altera/13.0sp1/nios2eds/bin/gnu/h-i686-mingw32/bin/../lib/gcc/nios2-elf/4.1.2/mno-hw-mul\libgcc.a(_lt_df.o)
 .bss           0x02811040        0x0 c:/altera/13.0sp1/nios2eds/bin/gnu/h-i686-mingw32/bin/../lib/gcc/nios2-elf/4.1.2/mno-hw-mul\libgcc.a(_si_to_df.o)
 .bss           0x02811040        0x0 c:/altera/13.0sp1/nios2eds/bin/gnu/h-i686-mingw32/bin/../lib/gcc/nios2-elf/4.1.2/mno-hw-mul\libgcc.a(_df_to_si.o)
 .bss           0x02811040        0x0 c:/altera/13.0sp1/nios2eds/bin/gnu/h-i686-mingw32/bin/../lib/gcc/nios2-elf/4.1.2/mno-hw-mul\libgcc.a(_thenan_df.o)
 .bss           0x02811040        0x0 c:/altera/13.0sp1/nios2eds/bin/gnu/h-i686-mingw32/bin/../lib/gcc/nios2-elf/4.1.2/mno-hw-mul\libgcc.a(_usi_to_df.o)
 .bss           0x02811040        0x0 c:/altera/13.0sp1/nios2eds/bin/gnu/h-i686-mingw32/bin/../lib/gcc/nios2-elf/4.1.2/mno-hw-mul\libgcc.a(lib2-divmod.o)
 .bss           0x02811040        0x0 c:/altera/13.0sp1/nios2eds/bin/gnu/h-i686-mingw32/bin/../lib/gcc/nios2-elf/4.1.2/mno-hw-mul\libgcc.a(lib2-mul.o)
 .bss           0x02811040        0x0 c:/altera/13.0sp1/nios2eds/bin/gnu/h-i686-mingw32/bin/../lib/gcc/nios2-elf/4.1.2/mno-hw-mul\libgcc.a(_muldi3.o)
 .bss           0x02811040        0x0 c:/altera/13.0sp1/nios2eds/bin/gnu/h-i686-mingw32/bin/../lib/gcc/nios2-elf/4.1.2/mno-hw-mul\libgcc.a(_clz.o)
 .bss           0x02811040        0x0 c:/altera/13.0sp1/nios2eds/bin/gnu/h-i686-mingw32/bin/../lib/gcc/nios2-elf/4.1.2/mno-hw-mul\libgcc.a(_clzsi2.o)
 .bss           0x02811040        0x0 c:/altera/13.0sp1/nios2eds/bin/gnu/h-i686-mingw32/bin/../lib/gcc/nios2-elf/4.1.2/mno-hw-mul\libgcc.a(_pack_df.o)
 .bss           0x02811040        0x0 c:/altera/13.0sp1/nios2eds/bin/gnu/h-i686-mingw32/bin/../lib/gcc/nios2-elf/4.1.2/mno-hw-mul\libgcc.a(_unpack_df.o)
 .bss           0x02811040        0x0 c:/altera/13.0sp1/nios2eds/bin/gnu/h-i686-mingw32/bin/../lib/gcc/nios2-elf/4.1.2/mno-hw-mul\libgcc.a(_fpcmp_parts_df.o)
 .bss           0x02811040        0x0 ../hw4_bsp/\libhal_bsp.a(alt_close.o)
 .bss           0x02811040        0x0 ../hw4_bsp/\libhal_bsp.a(alt_dev.o)
 .bss           0x02811040        0x0 ../hw4_bsp/\libhal_bsp.a(alt_errno.o)
 .bss           0x02811040        0x0 ../hw4_bsp/\libhal_bsp.a(alt_fstat.o)
 .bss           0x02811040        0x0 ../hw4_bsp/\libhal_bsp.a(alt_isatty.o)
 .bss           0x02811040        0x0 ../hw4_bsp/\libhal_bsp.a(alt_load.o)
 .bss           0x02811040        0x0 ../hw4_bsp/\libhal_bsp.a(alt_lseek.o)
 .bss           0x02811040        0x0 ../hw4_bsp/\libhal_bsp.a(alt_main.o)
 .bss           0x02811040        0x0 ../hw4_bsp/\libhal_bsp.a(alt_malloc_lock.o)
 .bss           0x02811040        0x0 ../hw4_bsp/\libhal_bsp.a(alt_read.o)
 .bss           0x02811040        0x0 ../hw4_bsp/\libhal_bsp.a(alt_release_fd.o)
 .bss           0x02811040        0x0 ../hw4_bsp/\libhal_bsp.a(alt_sbrk.o)
 .bss           0x02811040        0x0 ../hw4_bsp/\libhal_bsp.a(alt_usleep.o)
 .bss           0x02811040        0x0 ../hw4_bsp/\libhal_bsp.a(alt_write.o)
 .bss           0x02811040        0x0 ../hw4_bsp/\libhal_bsp.a(alt_sys_init.o)
 .bss           0x02811040        0x0 ../hw4_bsp/\libhal_bsp.a(altera_avalon_dma.o)
 .bss           0x02811040        0x0 ../hw4_bsp/\libhal_bsp.a(altera_avalon_jtag_uart_fd.o)
 .bss           0x02811040        0x0 ../hw4_bsp/\libhal_bsp.a(altera_avalon_jtag_uart_init.o)
 .bss           0x02811040        0x0 ../hw4_bsp/\libhal_bsp.a(altera_avalon_jtag_uart_ioctl.o)
 .bss           0x02811040        0x0 ../hw4_bsp/\libhal_bsp.a(altera_avalon_jtag_uart_read.o)
 .bss           0x02811040        0x0 ../hw4_bsp/\libhal_bsp.a(altera_avalon_jtag_uart_write.o)
 .bss           0x02811040        0x0 ../hw4_bsp/\libhal_bsp.a(altera_avalon_timer_vars.o)
 .bss           0x02811040        0x0 ../hw4_bsp/\libhal_bsp.a(alt_alarm_start.o)
 .bss           0x02811040        0x0 ../hw4_bsp/\libhal_bsp.a(alt_busy_sleep.o)
 .bss           0x02811040        0x0 ../hw4_bsp/\libhal_bsp.a(alt_dcache_flush_all.o)
 .bss           0x02811040        0x0 ../hw4_bsp/\libhal_bsp.a(alt_dev_llist_insert.o)
 .bss           0x02811040        0x0 ../hw4_bsp/\libhal_bsp.a(alt_dma_rxchan_open.o)
 .bss           0x02811040        0x0 ../hw4_bsp/\libhal_bsp.a(alt_dma_txchan_open.o)
 .bss           0x02811040        0x0 ../hw4_bsp/\libhal_bsp.a(alt_do_ctors.o)
 .bss           0x02811040        0x0 ../hw4_bsp/\libhal_bsp.a(alt_do_dtors.o)
 .bss           0x02811040        0x0 ../hw4_bsp/\libhal_bsp.a(alt_find_dev.o)
 .bss           0x02811040        0x0 ../hw4_bsp/\libhal_bsp.a(alt_icache_flush_all.o)
 .bss           0x02811040        0x0 ../hw4_bsp/\libhal_bsp.a(alt_iic.o)
 .bss           0x02811040        0x0 ../hw4_bsp/\libhal_bsp.a(alt_iic_isr_register.o)
 .bss           0x02811040        0x0 ../hw4_bsp/\libhal_bsp.a(alt_io_redirect.o)
 .bss           0x02811040        0x0 ../hw4_bsp/\libhal_bsp.a(alt_irq_entry.o)
 .bss           0x02811040        0x0 ../hw4_bsp/\libhal_bsp.a(alt_irq_handler.o)
 .bss           0x02811040        0x0 ../hw4_bsp/\libhal_bsp.a(alt_irq_vars.o)
 .bss           0x02811040        0x0 ../hw4_bsp/\libhal_bsp.a(alt_open.o)
 .bss           0x02811040        0x0 ../hw4_bsp/\libhal_bsp.a(alt_tick.o)
 .bss           0x02811040        0x0 ../hw4_bsp/\libhal_bsp.a(altera_nios2_qsys_irq.o)
 .bss           0x02811040        0x0 ../hw4_bsp/\libhal_bsp.a(alt_exception_entry.o)
 .bss           0x02811040        0x0 ../hw4_bsp/\libhal_bsp.a(alt_find_file.o)
 .bss           0x02811040        0x0 ../hw4_bsp/\libhal_bsp.a(alt_get_fd.o)
 .bss           0x02811040        0x0 c:/altera/13.0sp1/nios2eds/bin/gnu/h-i686-mingw32/bin/../lib/gcc/nios2-elf/4.1.2/../../../../nios2-elf/lib/mno-hw-mul\libc.a(lib_a-atexit.o)
 .bss           0x02811040        0x0 c:/altera/13.0sp1/nios2eds/bin/gnu/h-i686-mingw32/bin/../lib/gcc/nios2-elf/4.1.2/../../../../nios2-elf/lib/mno-hw-mul\libc.a(lib_a-exit.o)
 .bss           0x02811040        0x0 c:/altera/13.0sp1/nios2eds/bin/gnu/h-i686-mingw32/bin/../lib/gcc/nios2-elf/4.1.2/../../../../nios2-elf/lib/mno-hw-mul\libc.a(lib_a-memcmp.o)
 .bss           0x02811040        0x0 c:/altera/13.0sp1/nios2eds/bin/gnu/h-i686-mingw32/bin/../lib/gcc/nios2-elf/4.1.2/../../../../nios2-elf/lib/mno-hw-mul\libc.a(lib_a-__atexit.o)
 .bss           0x02811040        0x0 c:/altera/13.0sp1/nios2eds/bin/gnu/h-i686-mingw32/bin/../lib/gcc/nios2-elf/4.1.2/../../../../nios2-elf/lib/mno-hw-mul\libc.a(lib_a-__call_atexit.o)
 .bss           0x02811040        0x0 ../hw4_bsp/\libhal_bsp.a(alt_exit.o)
 *(COMMON)
 COMMON         0x02811040      0x100 ../hw4_bsp/\libhal_bsp.a(alt_irq_handler.o)
                0x02811040                alt_irq
 COMMON         0x02811140      0x190 c:/altera/13.0sp1/nios2eds/bin/gnu/h-i686-mingw32/bin/../lib/gcc/nios2-elf/4.1.2/../../../../nios2-elf/lib/mno-hw-mul\libc.a(lib_a-atexit.o)
                0x02811140                _atexit0
                0x028112d0                . = ALIGN (0x4)
                0x028112d0                __bss_end = ABSOLUTE (.)

.sdram_ctrl     0x028112d0        0x0
                0x028112d0                PROVIDE (_alt_partition_sdram_ctrl_start, ABSOLUTE (.))
 *(.sdram_ctrl. sdram_ctrl.*)
                0x028112d0                . = ALIGN (0x4)
                0x028112d0                PROVIDE (_alt_partition_sdram_ctrl_end, ABSOLUTE (.))
                0x028112d0                _end = ABSOLUTE (.)
                0x028112d0                end = ABSOLUTE (.)
                0x028112d0                __alt_stack_base = ABSOLUTE (.)
                0x028112d0                PROVIDE (_alt_partition_sdram_ctrl_load_addr, LOADADDR (.sdram_ctrl))

.stab
 *(.stab)

.stabstr
 *(.stabstr)

.stab.excl
 *(.stab.excl)

.stab.exclstr
 *(.stab.exclstr)

.stab.index
 *(.stab.index)

.stab.indexstr
 *(.stab.indexstr)

.comment        0x00000000       0x26
 *(.comment)
 .comment       0x00000000       0x26 obj/default/hello_world.o
                                 0x27 (size before relaxing)
 .comment       0x00000000       0x27 c:/altera/13.0sp1/nios2eds/bin/gnu/h-i686-mingw32/bin/../lib/gcc/nios2-elf/4.1.2/../../../../nios2-elf/lib/mno-hw-mul\libc.a(lib_a-printf.o)
 .comment       0x00000000       0x27 c:/altera/13.0sp1/nios2eds/bin/gnu/h-i686-mingw32/bin/../lib/gcc/nios2-elf/4.1.2/../../../../nios2-elf/lib/mno-hw-mul\libc.a(lib_a-puts.o)
 .comment       0x00000000       0x27 c:/altera/13.0sp1/nios2eds/bin/gnu/h-i686-mingw32/bin/../lib/gcc/nios2-elf/4.1.2/../../../../nios2-elf/lib/mno-hw-mul\libc.a(lib_a-strlen.o)
 .comment       0x00000000       0x27 c:/altera/13.0sp1/nios2eds/bin/gnu/h-i686-mingw32/bin/../lib/gcc/nios2-elf/4.1.2/../../../../nios2-elf/lib/mno-hw-mul\libc.a(lib_a-vfprintf.o)
 .comment       0x00000000       0x27 c:/altera/13.0sp1/nios2eds/bin/gnu/h-i686-mingw32/bin/../lib/gcc/nios2-elf/4.1.2/../../../../nios2-elf/lib/mno-hw-mul\libc.a(lib_a-wsetup.o)
 .comment       0x00000000       0x27 c:/altera/13.0sp1/nios2eds/bin/gnu/h-i686-mingw32/bin/../lib/gcc/nios2-elf/4.1.2/../../../../nios2-elf/lib/mno-hw-mul\libc.a(lib_a-dtoa.o)
 .comment       0x00000000       0x27 c:/altera/13.0sp1/nios2eds/bin/gnu/h-i686-mingw32/bin/../lib/gcc/nios2-elf/4.1.2/../../../../nios2-elf/lib/mno-hw-mul\libc.a(lib_a-fflush.o)
 .comment       0x00000000       0x27 c:/altera/13.0sp1/nios2eds/bin/gnu/h-i686-mingw32/bin/../lib/gcc/nios2-elf/4.1.2/../../../../nios2-elf/lib/mno-hw-mul\libc.a(lib_a-findfp.o)
 .comment       0x00000000       0x27 c:/altera/13.0sp1/nios2eds/bin/gnu/h-i686-mingw32/bin/../lib/gcc/nios2-elf/4.1.2/../../../../nios2-elf/lib/mno-hw-mul\libc.a(lib_a-freer.o)
 .comment       0x00000000       0x27 c:/altera/13.0sp1/nios2eds/bin/gnu/h-i686-mingw32/bin/../lib/gcc/nios2-elf/4.1.2/../../../../nios2-elf/lib/mno-hw-mul\libc.a(lib_a-fvwrite.o)
 .comment       0x00000000       0x27 c:/altera/13.0sp1/nios2eds/bin/gnu/h-i686-mingw32/bin/../lib/gcc/nios2-elf/4.1.2/../../../../nios2-elf/lib/mno-hw-mul\libc.a(lib_a-fwalk.o)
 .comment       0x00000000       0x27 c:/altera/13.0sp1/nios2eds/bin/gnu/h-i686-mingw32/bin/../lib/gcc/nios2-elf/4.1.2/../../../../nios2-elf/lib/mno-hw-mul\libc.a(lib_a-impure.o)
 .comment       0x00000000       0x27 c:/altera/13.0sp1/nios2eds/bin/gnu/h-i686-mingw32/bin/../lib/gcc/nios2-elf/4.1.2/../../../../nios2-elf/lib/mno-hw-mul\libc.a(lib_a-locale.o)
 .comment       0x00000000       0x27 c:/altera/13.0sp1/nios2eds/bin/gnu/h-i686-mingw32/bin/../lib/gcc/nios2-elf/4.1.2/../../../../nios2-elf/lib/mno-hw-mul\libc.a(lib_a-makebuf.o)
 .comment       0x00000000       0x27 c:/altera/13.0sp1/nios2eds/bin/gnu/h-i686-mingw32/bin/../lib/gcc/nios2-elf/4.1.2/../../../../nios2-elf/lib/mno-hw-mul\libc.a(lib_a-mallocr.o)
 .comment       0x00000000       0x27 c:/altera/13.0sp1/nios2eds/bin/gnu/h-i686-mingw32/bin/../lib/gcc/nios2-elf/4.1.2/../../../../nios2-elf/lib/mno-hw-mul\libc.a(lib_a-memchr.o)
 .comment       0x00000000       0x27 c:/altera/13.0sp1/nios2eds/bin/gnu/h-i686-mingw32/bin/../lib/gcc/nios2-elf/4.1.2/../../../../nios2-elf/lib/mno-hw-mul\libc.a(lib_a-memcpy.o)
 .comment       0x00000000       0x27 c:/altera/13.0sp1/nios2eds/bin/gnu/h-i686-mingw32/bin/../lib/gcc/nios2-elf/4.1.2/../../../../nios2-elf/lib/mno-hw-mul\libc.a(lib_a-memmove.o)
 .comment       0x00000000       0x27 c:/altera/13.0sp1/nios2eds/bin/gnu/h-i686-mingw32/bin/../lib/gcc/nios2-elf/4.1.2/../../../../nios2-elf/lib/mno-hw-mul\libc.a(lib_a-memset.o)
 .comment       0x00000000       0x27 c:/altera/13.0sp1/nios2eds/bin/gnu/h-i686-mingw32/bin/../lib/gcc/nios2-elf/4.1.2/../../../../nios2-elf/lib/mno-hw-mul\libc.a(lib_a-mprec.o)
 .comment       0x00000000       0x27 c:/altera/13.0sp1/nios2eds/bin/gnu/h-i686-mingw32/bin/../lib/gcc/nios2-elf/4.1.2/../../../../nios2-elf/lib/mno-hw-mul\libc.a(lib_a-reallocr.o)
 .comment       0x00000000       0x27 c:/altera/13.0sp1/nios2eds/bin/gnu/h-i686-mingw32/bin/../lib/gcc/nios2-elf/4.1.2/../../../../nios2-elf/lib/mno-hw-mul\libc.a(lib_a-s_isinfd.o)
 .comment       0x00000000       0x27 c:/altera/13.0sp1/nios2eds/bin/gnu/h-i686-mingw32/bin/../lib/gcc/nios2-elf/4.1.2/../../../../nios2-elf/lib/mno-hw-mul\libc.a(lib_a-s_isnand.o)
 .comment       0x00000000       0x27 c:/altera/13.0sp1/nios2eds/bin/gnu/h-i686-mingw32/bin/../lib/gcc/nios2-elf/4.1.2/../../../../nios2-elf/lib/mno-hw-mul\libc.a(lib_a-sbrkr.o)
 .comment       0x00000000       0x27 c:/altera/13.0sp1/nios2eds/bin/gnu/h-i686-mingw32/bin/../lib/gcc/nios2-elf/4.1.2/../../../../nios2-elf/lib/mno-hw-mul\libc.a(lib_a-stdio.o)
 .comment       0x00000000       0x27 c:/altera/13.0sp1/nios2eds/bin/gnu/h-i686-mingw32/bin/../lib/gcc/nios2-elf/4.1.2/../../../../nios2-elf/lib/mno-hw-mul\libc.a(lib_a-strcmp.o)
 .comment       0x00000000       0x27 c:/altera/13.0sp1/nios2eds/bin/gnu/h-i686-mingw32/bin/../lib/gcc/nios2-elf/4.1.2/../../../../nios2-elf/lib/mno-hw-mul\libc.a(lib_a-writer.o)
 .comment       0x00000000       0x27 c:/altera/13.0sp1/nios2eds/bin/gnu/h-i686-mingw32/bin/../lib/gcc/nios2-elf/4.1.2/../../../../nios2-elf/lib/mno-hw-mul\libc.a(lib_a-callocr.o)
 .comment       0x00000000       0x27 c:/altera/13.0sp1/nios2eds/bin/gnu/h-i686-mingw32/bin/../lib/gcc/nios2-elf/4.1.2/../../../../nios2-elf/lib/mno-hw-mul\libc.a(lib_a-closer.o)
 .comment       0x00000000       0x27 c:/altera/13.0sp1/nios2eds/bin/gnu/h-i686-mingw32/bin/../lib/gcc/nios2-elf/4.1.2/../../../../nios2-elf/lib/mno-hw-mul\libc.a(lib_a-fclose.o)
 .comment       0x00000000       0x27 c:/altera/13.0sp1/nios2eds/bin/gnu/h-i686-mingw32/bin/../lib/gcc/nios2-elf/4.1.2/../../../../nios2-elf/lib/mno-hw-mul\libc.a(lib_a-fstatr.o)
 .comment       0x00000000       0x27 c:/altera/13.0sp1/nios2eds/bin/gnu/h-i686-mingw32/bin/../lib/gcc/nios2-elf/4.1.2/../../../../nios2-elf/lib/mno-hw-mul\libc.a(lib_a-int_errno.o)
 .comment       0x00000000       0x27 c:/altera/13.0sp1/nios2eds/bin/gnu/h-i686-mingw32/bin/../lib/gcc/nios2-elf/4.1.2/../../../../nios2-elf/lib/mno-hw-mul\libc.a(lib_a-isattyr.o)
 .comment       0x00000000       0x27 c:/altera/13.0sp1/nios2eds/bin/gnu/h-i686-mingw32/bin/../lib/gcc/nios2-elf/4.1.2/../../../../nios2-elf/lib/mno-hw-mul\libc.a(lib_a-lseekr.o)
 .comment       0x00000000       0x27 c:/altera/13.0sp1/nios2eds/bin/gnu/h-i686-mingw32/bin/../lib/gcc/nios2-elf/4.1.2/../../../../nios2-elf/lib/mno-hw-mul\libc.a(lib_a-readr.o)
 .comment       0x00000000       0x27 c:/altera/13.0sp1/nios2eds/bin/gnu/h-i686-mingw32/bin/../lib/gcc/nios2-elf/4.1.2/mno-hw-mul\libgcc.a(_udivdi3.o)
 .comment       0x00000000       0x27 c:/altera/13.0sp1/nios2eds/bin/gnu/h-i686-mingw32/bin/../lib/gcc/nios2-elf/4.1.2/mno-hw-mul\libgcc.a(_umoddi3.o)
 .comment       0x00000000       0x27 c:/altera/13.0sp1/nios2eds/bin/gnu/h-i686-mingw32/bin/../lib/gcc/nios2-elf/4.1.2/mno-hw-mul\libgcc.a(_addsub_df.o)
 .comment       0x00000000       0x27 c:/altera/13.0sp1/nios2eds/bin/gnu/h-i686-mingw32/bin/../lib/gcc/nios2-elf/4.1.2/mno-hw-mul\libgcc.a(_mul_df.o)
 .comment       0x00000000       0x27 c:/altera/13.0sp1/nios2eds/bin/gnu/h-i686-mingw32/bin/../lib/gcc/nios2-elf/4.1.2/mno-hw-mul\libgcc.a(_div_df.o)
 .comment       0x00000000       0x27 c:/altera/13.0sp1/nios2eds/bin/gnu/h-i686-mingw32/bin/../lib/gcc/nios2-elf/4.1.2/mno-hw-mul\libgcc.a(_eq_df.o)
 .comment       0x00000000       0x27 c:/altera/13.0sp1/nios2eds/bin/gnu/h-i686-mingw32/bin/../lib/gcc/nios2-elf/4.1.2/mno-hw-mul\libgcc.a(_ne_df.o)
 .comment       0x00000000       0x27 c:/altera/13.0sp1/nios2eds/bin/gnu/h-i686-mingw32/bin/../lib/gcc/nios2-elf/4.1.2/mno-hw-mul\libgcc.a(_gt_df.o)
 .comment       0x00000000       0x27 c:/altera/13.0sp1/nios2eds/bin/gnu/h-i686-mingw32/bin/../lib/gcc/nios2-elf/4.1.2/mno-hw-mul\libgcc.a(_ge_df.o)
 .comment       0x00000000       0x27 c:/altera/13.0sp1/nios2eds/bin/gnu/h-i686-mingw32/bin/../lib/gcc/nios2-elf/4.1.2/mno-hw-mul\libgcc.a(_lt_df.o)
 .comment       0x00000000       0x27 c:/altera/13.0sp1/nios2eds/bin/gnu/h-i686-mingw32/bin/../lib/gcc/nios2-elf/4.1.2/mno-hw-mul\libgcc.a(_si_to_df.o)
 .comment       0x00000000       0x27 c:/altera/13.0sp1/nios2eds/bin/gnu/h-i686-mingw32/bin/../lib/gcc/nios2-elf/4.1.2/mno-hw-mul\libgcc.a(_df_to_si.o)
 .comment       0x00000000       0x27 c:/altera/13.0sp1/nios2eds/bin/gnu/h-i686-mingw32/bin/../lib/gcc/nios2-elf/4.1.2/mno-hw-mul\libgcc.a(_thenan_df.o)
 .comment       0x00000000       0x27 c:/altera/13.0sp1/nios2eds/bin/gnu/h-i686-mingw32/bin/../lib/gcc/nios2-elf/4.1.2/mno-hw-mul\libgcc.a(_usi_to_df.o)
 .comment       0x00000000       0x27 c:/altera/13.0sp1/nios2eds/bin/gnu/h-i686-mingw32/bin/../lib/gcc/nios2-elf/4.1.2/mno-hw-mul\libgcc.a(lib2-divmod.o)
 .comment       0x00000000       0x27 c:/altera/13.0sp1/nios2eds/bin/gnu/h-i686-mingw32/bin/../lib/gcc/nios2-elf/4.1.2/mno-hw-mul\libgcc.a(lib2-mul.o)
 .comment       0x00000000       0x27 c:/altera/13.0sp1/nios2eds/bin/gnu/h-i686-mingw32/bin/../lib/gcc/nios2-elf/4.1.2/mno-hw-mul\libgcc.a(_muldi3.o)
 .comment       0x00000000       0x27 c:/altera/13.0sp1/nios2eds/bin/gnu/h-i686-mingw32/bin/../lib/gcc/nios2-elf/4.1.2/mno-hw-mul\libgcc.a(_clz.o)
 .comment       0x00000000       0x27 c:/altera/13.0sp1/nios2eds/bin/gnu/h-i686-mingw32/bin/../lib/gcc/nios2-elf/4.1.2/mno-hw-mul\libgcc.a(_clzsi2.o)
 .comment       0x00000000       0x27 c:/altera/13.0sp1/nios2eds/bin/gnu/h-i686-mingw32/bin/../lib/gcc/nios2-elf/4.1.2/mno-hw-mul\libgcc.a(_pack_df.o)
 .comment       0x00000000       0x27 c:/altera/13.0sp1/nios2eds/bin/gnu/h-i686-mingw32/bin/../lib/gcc/nios2-elf/4.1.2/mno-hw-mul\libgcc.a(_unpack_df.o)
 .comment       0x00000000       0x27 c:/altera/13.0sp1/nios2eds/bin/gnu/h-i686-mingw32/bin/../lib/gcc/nios2-elf/4.1.2/mno-hw-mul\libgcc.a(_fpcmp_parts_df.o)
 .comment       0x00000000       0x27 ../hw4_bsp/\libhal_bsp.a(alt_close.o)
 .comment       0x00000000       0x27 ../hw4_bsp/\libhal_bsp.a(alt_dev.o)
 .comment       0x00000000       0x27 ../hw4_bsp/\libhal_bsp.a(alt_errno.o)
 .comment       0x00000000       0x27 ../hw4_bsp/\libhal_bsp.a(alt_fstat.o)
 .comment       0x00000000       0x27 ../hw4_bsp/\libhal_bsp.a(alt_isatty.o)
 .comment       0x00000000       0x27 ../hw4_bsp/\libhal_bsp.a(alt_load.o)
 .comment       0x00000000       0x27 ../hw4_bsp/\libhal_bsp.a(alt_lseek.o)
 .comment       0x00000000       0x27 ../hw4_bsp/\libhal_bsp.a(alt_main.o)
 .comment       0x00000000       0x27 ../hw4_bsp/\libhal_bsp.a(alt_malloc_lock.o)
 .comment       0x00000000       0x27 ../hw4_bsp/\libhal_bsp.a(alt_read.o)
 .comment       0x00000000       0x27 ../hw4_bsp/\libhal_bsp.a(alt_release_fd.o)
 .comment       0x00000000       0x27 ../hw4_bsp/\libhal_bsp.a(alt_sbrk.o)
 .comment       0x00000000       0x27 ../hw4_bsp/\libhal_bsp.a(alt_usleep.o)
 .comment       0x00000000       0x27 ../hw4_bsp/\libhal_bsp.a(alt_write.o)
 .comment       0x00000000       0x27 ../hw4_bsp/\libhal_bsp.a(alt_sys_init.o)
 .comment       0x00000000       0x27 ../hw4_bsp/\libhal_bsp.a(altera_avalon_dma.o)
 .comment       0x00000000       0x27 ../hw4_bsp/\libhal_bsp.a(altera_avalon_jtag_uart_fd.o)
 .comment       0x00000000       0x27 ../hw4_bsp/\libhal_bsp.a(altera_avalon_jtag_uart_init.o)
 .comment       0x00000000       0x27 ../hw4_bsp/\libhal_bsp.a(altera_avalon_jtag_uart_ioctl.o)
 .comment       0x00000000       0x27 ../hw4_bsp/\libhal_bsp.a(altera_avalon_jtag_uart_read.o)
 .comment       0x00000000       0x27 ../hw4_bsp/\libhal_bsp.a(altera_avalon_jtag_uart_write.o)
 .comment       0x00000000       0x27 ../hw4_bsp/\libhal_bsp.a(altera_avalon_timer_vars.o)
 .comment       0x00000000       0x27 ../hw4_bsp/\libhal_bsp.a(alt_alarm_start.o)
 .comment       0x00000000       0x27 ../hw4_bsp/\libhal_bsp.a(alt_busy_sleep.o)
 .comment       0x00000000       0x27 ../hw4_bsp/\libhal_bsp.a(alt_dcache_flush_all.o)
 .comment       0x00000000       0x27 ../hw4_bsp/\libhal_bsp.a(alt_dev_llist_insert.o)
 .comment       0x00000000       0x27 ../hw4_bsp/\libhal_bsp.a(alt_dma_rxchan_open.o)
 .comment       0x00000000       0x27 ../hw4_bsp/\libhal_bsp.a(alt_dma_txchan_open.o)
 .comment       0x00000000       0x27 ../hw4_bsp/\libhal_bsp.a(alt_do_ctors.o)
 .comment       0x00000000       0x27 ../hw4_bsp/\libhal_bsp.a(alt_do_dtors.o)
 .comment       0x00000000       0x27 ../hw4_bsp/\libhal_bsp.a(alt_find_dev.o)
 .comment       0x00000000       0x27 ../hw4_bsp/\libhal_bsp.a(alt_icache_flush_all.o)
 .comment       0x00000000       0x27 ../hw4_bsp/\libhal_bsp.a(alt_iic.o)
 .comment       0x00000000       0x27 ../hw4_bsp/\libhal_bsp.a(alt_iic_isr_register.o)
 .comment       0x00000000       0x27 ../hw4_bsp/\libhal_bsp.a(alt_io_redirect.o)
 .comment       0x00000000       0x27 ../hw4_bsp/\libhal_bsp.a(alt_irq_handler.o)
 .comment       0x00000000       0x27 ../hw4_bsp/\libhal_bsp.a(alt_irq_vars.o)
 .comment       0x00000000       0x27 ../hw4_bsp/\libhal_bsp.a(alt_open.o)
 .comment       0x00000000       0x27 ../hw4_bsp/\libhal_bsp.a(alt_tick.o)
 .comment       0x00000000       0x27 ../hw4_bsp/\libhal_bsp.a(altera_nios2_qsys_irq.o)
 .comment       0x00000000       0x27 ../hw4_bsp/\libhal_bsp.a(alt_find_file.o)
 .comment       0x00000000       0x27 ../hw4_bsp/\libhal_bsp.a(alt_get_fd.o)
 .comment       0x00000000       0x27 c:/altera/13.0sp1/nios2eds/bin/gnu/h-i686-mingw32/bin/../lib/gcc/nios2-elf/4.1.2/../../../../nios2-elf/lib/mno-hw-mul\libc.a(lib_a-atexit.o)
 .comment       0x00000000       0x27 c:/altera/13.0sp1/nios2eds/bin/gnu/h-i686-mingw32/bin/../lib/gcc/nios2-elf/4.1.2/../../../../nios2-elf/lib/mno-hw-mul\libc.a(lib_a-exit.o)
 .comment       0x00000000       0x27 c:/altera/13.0sp1/nios2eds/bin/gnu/h-i686-mingw32/bin/../lib/gcc/nios2-elf/4.1.2/../../../../nios2-elf/lib/mno-hw-mul\libc.a(lib_a-memcmp.o)
 .comment       0x00000000       0x27 c:/altera/13.0sp1/nios2eds/bin/gnu/h-i686-mingw32/bin/../lib/gcc/nios2-elf/4.1.2/../../../../nios2-elf/lib/mno-hw-mul\libc.a(lib_a-__atexit.o)
 .comment       0x00000000       0x27 c:/altera/13.0sp1/nios2eds/bin/gnu/h-i686-mingw32/bin/../lib/gcc/nios2-elf/4.1.2/../../../../nios2-elf/lib/mno-hw-mul\libc.a(lib_a-__call_atexit.o)
 .comment       0x00000000       0x27 ../hw4_bsp/\libhal_bsp.a(alt_exit.o)

.debug
 *(.debug)

.line
 *(.line)

.debug_srcinfo
 *(.debug_srcinfo)

.debug_sfnames
 *(.debug_sfnames)

.debug_aranges  0x00000000      0xcf8
 *(.debug_aranges)
 .debug_aranges
                0x00000000       0x28 ../hw4_bsp//obj/HAL/src/crt0.o
 .debug_aranges
                0x00000028       0x20 obj/default/hello_world.o
 .debug_aranges
                0x00000048       0x20 c:/altera/13.0sp1/nios2eds/bin/gnu/h-i686-mingw32/bin/../lib/gcc/nios2-elf/4.1.2/../../../../nios2-elf/lib/mno-hw-mul\libc.a(lib_a-printf.o)
 .debug_aranges
                0x00000068       0x20 c:/altera/13.0sp1/nios2eds/bin/gnu/h-i686-mingw32/bin/../lib/gcc/nios2-elf/4.1.2/../../../../nios2-elf/lib/mno-hw-mul\libc.a(lib_a-puts.o)
 .debug_aranges
                0x00000088       0x20 c:/altera/13.0sp1/nios2eds/bin/gnu/h-i686-mingw32/bin/../lib/gcc/nios2-elf/4.1.2/../../../../nios2-elf/lib/mno-hw-mul\libc.a(lib_a-strlen.o)
 .debug_aranges
                0x000000a8       0x20 c:/altera/13.0sp1/nios2eds/bin/gnu/h-i686-mingw32/bin/../lib/gcc/nios2-elf/4.1.2/../../../../nios2-elf/lib/mno-hw-mul\libc.a(lib_a-vfprintf.o)
 .debug_aranges
                0x000000c8       0x20 c:/altera/13.0sp1/nios2eds/bin/gnu/h-i686-mingw32/bin/../lib/gcc/nios2-elf/4.1.2/../../../../nios2-elf/lib/mno-hw-mul\libc.a(lib_a-wsetup.o)
 .debug_aranges
                0x000000e8       0x20 c:/altera/13.0sp1/nios2eds/bin/gnu/h-i686-mingw32/bin/../lib/gcc/nios2-elf/4.1.2/../../../../nios2-elf/lib/mno-hw-mul\libc.a(lib_a-dtoa.o)
 .debug_aranges
                0x00000108       0x20 c:/altera/13.0sp1/nios2eds/bin/gnu/h-i686-mingw32/bin/../lib/gcc/nios2-elf/4.1.2/../../../../nios2-elf/lib/mno-hw-mul\libc.a(lib_a-fflush.o)
 .debug_aranges
                0x00000128       0x20 c:/altera/13.0sp1/nios2eds/bin/gnu/h-i686-mingw32/bin/../lib/gcc/nios2-elf/4.1.2/../../../../nios2-elf/lib/mno-hw-mul\libc.a(lib_a-findfp.o)
 .debug_aranges
                0x00000148       0x20 c:/altera/13.0sp1/nios2eds/bin/gnu/h-i686-mingw32/bin/../lib/gcc/nios2-elf/4.1.2/../../../../nios2-elf/lib/mno-hw-mul\libc.a(lib_a-freer.o)
 .debug_aranges
                0x00000168       0x20 c:/altera/13.0sp1/nios2eds/bin/gnu/h-i686-mingw32/bin/../lib/gcc/nios2-elf/4.1.2/../../../../nios2-elf/lib/mno-hw-mul\libc.a(lib_a-fvwrite.o)
 .debug_aranges
                0x00000188       0x20 c:/altera/13.0sp1/nios2eds/bin/gnu/h-i686-mingw32/bin/../lib/gcc/nios2-elf/4.1.2/../../../../nios2-elf/lib/mno-hw-mul\libc.a(lib_a-fwalk.o)
 .debug_aranges
                0x000001a8       0x20 c:/altera/13.0sp1/nios2eds/bin/gnu/h-i686-mingw32/bin/../lib/gcc/nios2-elf/4.1.2/../../../../nios2-elf/lib/mno-hw-mul\libc.a(lib_a-locale.o)
 .debug_aranges
                0x000001c8       0x20 c:/altera/13.0sp1/nios2eds/bin/gnu/h-i686-mingw32/bin/../lib/gcc/nios2-elf/4.1.2/../../../../nios2-elf/lib/mno-hw-mul\libc.a(lib_a-makebuf.o)
 .debug_aranges
                0x000001e8       0x20 c:/altera/13.0sp1/nios2eds/bin/gnu/h-i686-mingw32/bin/../lib/gcc/nios2-elf/4.1.2/../../../../nios2-elf/lib/mno-hw-mul\libc.a(lib_a-mallocr.o)
 .debug_aranges
                0x00000208       0x20 c:/altera/13.0sp1/nios2eds/bin/gnu/h-i686-mingw32/bin/../lib/gcc/nios2-elf/4.1.2/../../../../nios2-elf/lib/mno-hw-mul\libc.a(lib_a-memchr.o)
 .debug_aranges
                0x00000228       0x20 c:/altera/13.0sp1/nios2eds/bin/gnu/h-i686-mingw32/bin/../lib/gcc/nios2-elf/4.1.2/../../../../nios2-elf/lib/mno-hw-mul\libc.a(lib_a-memcpy.o)
 .debug_aranges
                0x00000248       0x20 c:/altera/13.0sp1/nios2eds/bin/gnu/h-i686-mingw32/bin/../lib/gcc/nios2-elf/4.1.2/../../../../nios2-elf/lib/mno-hw-mul\libc.a(lib_a-memmove.o)
 .debug_aranges
                0x00000268       0x20 c:/altera/13.0sp1/nios2eds/bin/gnu/h-i686-mingw32/bin/../lib/gcc/nios2-elf/4.1.2/../../../../nios2-elf/lib/mno-hw-mul\libc.a(lib_a-memset.o)
 .debug_aranges
                0x00000288       0x20 c:/altera/13.0sp1/nios2eds/bin/gnu/h-i686-mingw32/bin/../lib/gcc/nios2-elf/4.1.2/../../../../nios2-elf/lib/mno-hw-mul\libc.a(lib_a-mprec.o)
 .debug_aranges
                0x000002a8       0x20 c:/altera/13.0sp1/nios2eds/bin/gnu/h-i686-mingw32/bin/../lib/gcc/nios2-elf/4.1.2/../../../../nios2-elf/lib/mno-hw-mul\libc.a(lib_a-reallocr.o)
 .debug_aranges
                0x000002c8       0x20 c:/altera/13.0sp1/nios2eds/bin/gnu/h-i686-mingw32/bin/../lib/gcc/nios2-elf/4.1.2/../../../../nios2-elf/lib/mno-hw-mul\libc.a(lib_a-s_isinfd.o)
 .debug_aranges
                0x000002e8       0x20 c:/altera/13.0sp1/nios2eds/bin/gnu/h-i686-mingw32/bin/../lib/gcc/nios2-elf/4.1.2/../../../../nios2-elf/lib/mno-hw-mul\libc.a(lib_a-s_isnand.o)
 .debug_aranges
                0x00000308       0x20 c:/altera/13.0sp1/nios2eds/bin/gnu/h-i686-mingw32/bin/../lib/gcc/nios2-elf/4.1.2/../../../../nios2-elf/lib/mno-hw-mul\libc.a(lib_a-sbrkr.o)
 .debug_aranges
                0x00000328       0x20 c:/altera/13.0sp1/nios2eds/bin/gnu/h-i686-mingw32/bin/../lib/gcc/nios2-elf/4.1.2/../../../../nios2-elf/lib/mno-hw-mul\libc.a(lib_a-stdio.o)
 .debug_aranges
                0x00000348       0x20 c:/altera/13.0sp1/nios2eds/bin/gnu/h-i686-mingw32/bin/../lib/gcc/nios2-elf/4.1.2/../../../../nios2-elf/lib/mno-hw-mul\libc.a(lib_a-strcmp.o)
 .debug_aranges
                0x00000368       0x20 c:/altera/13.0sp1/nios2eds/bin/gnu/h-i686-mingw32/bin/../lib/gcc/nios2-elf/4.1.2/../../../../nios2-elf/lib/mno-hw-mul\libc.a(lib_a-writer.o)
 .debug_aranges
                0x00000388       0x20 c:/altera/13.0sp1/nios2eds/bin/gnu/h-i686-mingw32/bin/../lib/gcc/nios2-elf/4.1.2/../../../../nios2-elf/lib/mno-hw-mul\libc.a(lib_a-callocr.o)
 .debug_aranges
                0x000003a8       0x20 c:/altera/13.0sp1/nios2eds/bin/gnu/h-i686-mingw32/bin/../lib/gcc/nios2-elf/4.1.2/../../../../nios2-elf/lib/mno-hw-mul\libc.a(lib_a-closer.o)
 .debug_aranges
                0x000003c8       0x20 c:/altera/13.0sp1/nios2eds/bin/gnu/h-i686-mingw32/bin/../lib/gcc/nios2-elf/4.1.2/../../../../nios2-elf/lib/mno-hw-mul\libc.a(lib_a-fclose.o)
 .debug_aranges
                0x000003e8       0x20 c:/altera/13.0sp1/nios2eds/bin/gnu/h-i686-mingw32/bin/../lib/gcc/nios2-elf/4.1.2/../../../../nios2-elf/lib/mno-hw-mul\libc.a(lib_a-fstatr.o)
 .debug_aranges
                0x00000408       0x20 c:/altera/13.0sp1/nios2eds/bin/gnu/h-i686-mingw32/bin/../lib/gcc/nios2-elf/4.1.2/../../../../nios2-elf/lib/mno-hw-mul\libc.a(lib_a-isattyr.o)
 .debug_aranges
                0x00000428       0x20 c:/altera/13.0sp1/nios2eds/bin/gnu/h-i686-mingw32/bin/../lib/gcc/nios2-elf/4.1.2/../../../../nios2-elf/lib/mno-hw-mul\libc.a(lib_a-lseekr.o)
 .debug_aranges
                0x00000448       0x20 c:/altera/13.0sp1/nios2eds/bin/gnu/h-i686-mingw32/bin/../lib/gcc/nios2-elf/4.1.2/../../../../nios2-elf/lib/mno-hw-mul\libc.a(lib_a-readr.o)
 .debug_aranges
                0x00000468       0x20 c:/altera/13.0sp1/nios2eds/bin/gnu/h-i686-mingw32/bin/../lib/gcc/nios2-elf/4.1.2/mno-hw-mul\libgcc.a(_udivdi3.o)
 .debug_aranges
                0x00000488       0x20 c:/altera/13.0sp1/nios2eds/bin/gnu/h-i686-mingw32/bin/../lib/gcc/nios2-elf/4.1.2/mno-hw-mul\libgcc.a(_umoddi3.o)
 .debug_aranges
                0x000004a8       0x20 c:/altera/13.0sp1/nios2eds/bin/gnu/h-i686-mingw32/bin/../lib/gcc/nios2-elf/4.1.2/mno-hw-mul\libgcc.a(_addsub_df.o)
 .debug_aranges
                0x000004c8       0x20 c:/altera/13.0sp1/nios2eds/bin/gnu/h-i686-mingw32/bin/../lib/gcc/nios2-elf/4.1.2/mno-hw-mul\libgcc.a(_mul_df.o)
 .debug_aranges
                0x000004e8       0x20 c:/altera/13.0sp1/nios2eds/bin/gnu/h-i686-mingw32/bin/../lib/gcc/nios2-elf/4.1.2/mno-hw-mul\libgcc.a(_div_df.o)
 .debug_aranges
                0x00000508       0x20 c:/altera/13.0sp1/nios2eds/bin/gnu/h-i686-mingw32/bin/../lib/gcc/nios2-elf/4.1.2/mno-hw-mul\libgcc.a(_eq_df.o)
 .debug_aranges
                0x00000528       0x20 c:/altera/13.0sp1/nios2eds/bin/gnu/h-i686-mingw32/bin/../lib/gcc/nios2-elf/4.1.2/mno-hw-mul\libgcc.a(_ne_df.o)
 .debug_aranges
                0x00000548       0x20 c:/altera/13.0sp1/nios2eds/bin/gnu/h-i686-mingw32/bin/../lib/gcc/nios2-elf/4.1.2/mno-hw-mul\libgcc.a(_gt_df.o)
 .debug_aranges
                0x00000568       0x20 c:/altera/13.0sp1/nios2eds/bin/gnu/h-i686-mingw32/bin/../lib/gcc/nios2-elf/4.1.2/mno-hw-mul\libgcc.a(_ge_df.o)
 .debug_aranges
                0x00000588       0x20 c:/altera/13.0sp1/nios2eds/bin/gnu/h-i686-mingw32/bin/../lib/gcc/nios2-elf/4.1.2/mno-hw-mul\libgcc.a(_lt_df.o)
 .debug_aranges
                0x000005a8       0x20 c:/altera/13.0sp1/nios2eds/bin/gnu/h-i686-mingw32/bin/../lib/gcc/nios2-elf/4.1.2/mno-hw-mul\libgcc.a(_si_to_df.o)
 .debug_aranges
                0x000005c8       0x20 c:/altera/13.0sp1/nios2eds/bin/gnu/h-i686-mingw32/bin/../lib/gcc/nios2-elf/4.1.2/mno-hw-mul\libgcc.a(_df_to_si.o)
 .debug_aranges
                0x000005e8       0x20 c:/altera/13.0sp1/nios2eds/bin/gnu/h-i686-mingw32/bin/../lib/gcc/nios2-elf/4.1.2/mno-hw-mul\libgcc.a(_usi_to_df.o)
 .debug_aranges
                0x00000608       0x20 c:/altera/13.0sp1/nios2eds/bin/gnu/h-i686-mingw32/bin/../lib/gcc/nios2-elf/4.1.2/mno-hw-mul\libgcc.a(lib2-divmod.o)
 .debug_aranges
                0x00000628       0x20 c:/altera/13.0sp1/nios2eds/bin/gnu/h-i686-mingw32/bin/../lib/gcc/nios2-elf/4.1.2/mno-hw-mul\libgcc.a(lib2-mul.o)
 .debug_aranges
                0x00000648       0x20 c:/altera/13.0sp1/nios2eds/bin/gnu/h-i686-mingw32/bin/../lib/gcc/nios2-elf/4.1.2/mno-hw-mul\libgcc.a(_muldi3.o)
 .debug_aranges
                0x00000668       0x20 c:/altera/13.0sp1/nios2eds/bin/gnu/h-i686-mingw32/bin/../lib/gcc/nios2-elf/4.1.2/mno-hw-mul\libgcc.a(_clzsi2.o)
 .debug_aranges
                0x00000688       0x20 c:/altera/13.0sp1/nios2eds/bin/gnu/h-i686-mingw32/bin/../lib/gcc/nios2-elf/4.1.2/mno-hw-mul\libgcc.a(_pack_df.o)
 .debug_aranges
                0x000006a8       0x20 c:/altera/13.0sp1/nios2eds/bin/gnu/h-i686-mingw32/bin/../lib/gcc/nios2-elf/4.1.2/mno-hw-mul\libgcc.a(_unpack_df.o)
 .debug_aranges
                0x000006c8       0x20 c:/altera/13.0sp1/nios2eds/bin/gnu/h-i686-mingw32/bin/../lib/gcc/nios2-elf/4.1.2/mno-hw-mul\libgcc.a(_fpcmp_parts_df.o)
 .debug_aranges
                0x000006e8       0x20 ../hw4_bsp/\libhal_bsp.a(alt_close.o)
 .debug_aranges
                0x00000708       0x20 ../hw4_bsp/\libhal_bsp.a(alt_dev.o)
 .debug_aranges
                0x00000728       0x20 ../hw4_bsp/\libhal_bsp.a(alt_fstat.o)
 .debug_aranges
                0x00000748       0x20 ../hw4_bsp/\libhal_bsp.a(alt_isatty.o)
 .debug_aranges
                0x00000768       0x20 ../hw4_bsp/\libhal_bsp.a(alt_load.o)
 .debug_aranges
                0x00000788       0x20 ../hw4_bsp/\libhal_bsp.a(alt_lseek.o)
 .debug_aranges
                0x000007a8       0x20 ../hw4_bsp/\libhal_bsp.a(alt_main.o)
 .debug_aranges
                0x000007c8       0x20 ../hw4_bsp/\libhal_bsp.a(alt_malloc_lock.o)
 .debug_aranges
                0x000007e8       0x20 ../hw4_bsp/\libhal_bsp.a(alt_read.o)
 .debug_aranges
                0x00000808       0x20 ../hw4_bsp/\libhal_bsp.a(alt_release_fd.o)
 .debug_aranges
                0x00000828       0x20 ../hw4_bsp/\libhal_bsp.a(alt_sbrk.o)
 .debug_aranges
                0x00000848       0x20 ../hw4_bsp/\libhal_bsp.a(alt_usleep.o)
 .debug_aranges
                0x00000868       0x20 ../hw4_bsp/\libhal_bsp.a(alt_write.o)
 .debug_aranges
                0x00000888       0x20 ../hw4_bsp/\libhal_bsp.a(alt_sys_init.o)
 .debug_aranges
                0x000008a8       0x20 ../hw4_bsp/\libhal_bsp.a(altera_avalon_dma.o)
 .debug_aranges
                0x000008c8       0x20 ../hw4_bsp/\libhal_bsp.a(altera_avalon_jtag_uart_fd.o)
 .debug_aranges
                0x000008e8       0x20 ../hw4_bsp/\libhal_bsp.a(altera_avalon_jtag_uart_init.o)
 .debug_aranges
                0x00000908       0x20 ../hw4_bsp/\libhal_bsp.a(altera_avalon_jtag_uart_ioctl.o)
 .debug_aranges
                0x00000928       0x20 ../hw4_bsp/\libhal_bsp.a(altera_avalon_jtag_uart_read.o)
 .debug_aranges
                0x00000948       0x20 ../hw4_bsp/\libhal_bsp.a(altera_avalon_jtag_uart_write.o)
 .debug_aranges
                0x00000968       0x20 ../hw4_bsp/\libhal_bsp.a(alt_alarm_start.o)
 .debug_aranges
                0x00000988       0x20 ../hw4_bsp/\libhal_bsp.a(alt_busy_sleep.o)
 .debug_aranges
                0x000009a8       0x20 ../hw4_bsp/\libhal_bsp.a(alt_dcache_flush_all.o)
 .debug_aranges
                0x000009c8       0x20 ../hw4_bsp/\libhal_bsp.a(alt_dev_llist_insert.o)
 .debug_aranges