Archive member included because of file (symbol)

c:/altera/13.0sp1/nios2eds/bin/gnu/h-i686-mingw32/bin/../lib/gcc/nios2-elf/4.1.2/../../../../nios2-elf/lib/mno-hw-mul\libc.a(lib_a-puts.o)
                              obj/default/hello_world.o (puts)
c:/altera/13.0sp1/nios2eds/bin/gnu/h-i686-mingw32/bin/../lib/gcc/nios2-elf/4.1.2/../../../../nios2-elf/lib/mno-hw-mul\libc.a(lib_a-strlen.o)
                              c:/altera/13.0sp1/nios2eds/bin/gnu/h-i686-mingw32/bin/../lib/gcc/nios2-elf/4.1.2/../../../../nios2-elf/lib/mno-hw-mul\libc.a(lib_a-puts.o) (strlen)
c:/altera/13.0sp1/nios2eds/bin/gnu/h-i686-mingw32/bin/../lib/gcc/nios2-elf/4.1.2/../../../../nios2-elf/lib/mno-hw-mul\libc.a(lib_a-fvwrite.o)
                              c:/altera/13.0sp1/nios2eds/bin/gnu/h-i686-mingw32/bin/../lib/gcc/nios2-elf/4.1.2/../../../../nios2-elf/lib/mno-hw-mul\libc.a(lib_a-puts.o) (__sfvwrite_r)
c:/altera/13.0sp1/nios2eds/bin/gnu/h-i686-mingw32/bin/../lib/gcc/nios2-elf/4.1.2/../../../../nios2-elf/lib/mno-hw-mul\libc.a(lib_a-impure.o)
                              c:/altera/13.0sp1/nios2eds/bin/gnu/h-i686-mingw32/bin/../lib/gcc/nios2-elf/4.1.2/../../../../nios2-elf/lib/mno-hw-mul\libc.a(lib_a-puts.o) (_impure_ptr)
c:/altera/13.0sp1/nios2eds/bin/gnu/h-i686-mingw32/bin/../lib/gcc/nios2-elf/4.1.2/../../../../nios2-elf/lib/mno-hw-mul\libc.a(lib_a-mallocr.o)
                              c:/altera/13.0sp1/nios2eds/bin/gnu/h-i686-mingw32/bin/../lib/gcc/nios2-elf/4.1.2/../../../../nios2-elf/lib/mno-hw-mul\libc.a(lib_a-fvwrite.o) (_malloc_r)
c:/altera/13.0sp1/nios2eds/bin/gnu/h-i686-mingw32/bin/../lib/gcc/nios2-elf/4.1.2/../../../../nios2-elf/lib/mno-hw-mul\libc.a(lib_a-memchr.o)
                              c:/altera/13.0sp1/nios2eds/bin/gnu/h-i686-mingw32/bin/../lib/gcc/nios2-elf/4.1.2/../../../../nios2-elf/lib/mno-hw-mul\libc.a(lib_a-fvwrite.o) (memchr)
c:/altera/13.0sp1/nios2eds/bin/gnu/h-i686-mingw32/bin/../lib/gcc/nios2-elf/4.1.2/../../../../nios2-elf/lib/mno-hw-mul\libc.a(lib_a-memcpy.o)
                              c:/altera/13.0sp1/nios2eds/bin/gnu/h-i686-mingw32/bin/../lib/gcc/nios2-elf/4.1.2/../../../../nios2-elf/lib/mno-hw-mul\libc.a(lib_a-fvwrite.o) (memcpy)
c:/altera/13.0sp1/nios2eds/bin/gnu/h-i686-mingw32/bin/../lib/gcc/nios2-elf/4.1.2/../../../../nios2-elf/lib/mno-hw-mul\libc.a(lib_a-memmove.o)
                              c:/altera/13.0sp1/nios2eds/bin/gnu/h-i686-mingw32/bin/../lib/gcc/nios2-elf/4.1.2/../../../../nios2-elf/lib/mno-hw-mul\libc.a(lib_a-fvwrite.o) (memmove)
c:/altera/13.0sp1/nios2eds/bin/gnu/h-i686-mingw32/bin/../lib/gcc/nios2-elf/4.1.2/../../../../nios2-elf/lib/mno-hw-mul\libc.a(lib_a-reallocr.o)
                              c:/altera/13.0sp1/nios2eds/bin/gnu/h-i686-mingw32/bin/../lib/gcc/nios2-elf/4.1.2/../../../../nios2-elf/lib/mno-hw-mul\libc.a(lib_a-fvwrite.o) (_realloc_r)
c:/altera/13.0sp1/nios2eds/bin/gnu/h-i686-mingw32/bin/../lib/gcc/nios2-elf/4.1.2/../../../../nios2-elf/lib/mno-hw-mul\libc.a(lib_a-sbrkr.o)
                              c:/altera/13.0sp1/nios2eds/bin/gnu/h-i686-mingw32/bin/../lib/gcc/nios2-elf/4.1.2/../../../../nios2-elf/lib/mno-hw-mul\libc.a(lib_a-mallocr.o) (_sbrk_r)
c:/altera/13.0sp1/nios2eds/bin/gnu/h-i686-mingw32/bin/../lib/gcc/nios2-elf/4.1.2/../../../../nios2-elf/lib/mno-hw-mul\libc.a(lib_a-wsetup.o)
                              c:/altera/13.0sp1/nios2eds/bin/gnu/h-i686-mingw32/bin/../lib/gcc/nios2-elf/4.1.2/../../../../nios2-elf/lib/mno-hw-mul\libc.a(lib_a-fvwrite.o) (__swsetup_r)
c:/altera/13.0sp1/nios2eds/bin/gnu/h-i686-mingw32/bin/../lib/gcc/nios2-elf/4.1.2/../../../../nios2-elf/lib/mno-hw-mul\libc.a(lib_a-fflush.o)
                              c:/altera/13.0sp1/nios2eds/bin/gnu/h-i686-mingw32/bin/../lib/gcc/nios2-elf/4.1.2/../../../../nios2-elf/lib/mno-hw-mul\libc.a(lib_a-fvwrite.o) (_fflush_r)
c:/altera/13.0sp1/nios2eds/bin/gnu/h-i686-mingw32/bin/../lib/gcc/nios2-elf/4.1.2/../../../../nios2-elf/lib/mno-hw-mul\libc.a(lib_a-findfp.o)
                              c:/altera/13.0sp1/nios2eds/bin/gnu/h-i686-mingw32/bin/../lib/gcc/nios2-elf/4.1.2/../../../../nios2-elf/lib/mno-hw-mul\libc.a(lib_a-wsetup.o) (__sinit)
c:/altera/13.0sp1/nios2eds/bin/gnu/h-i686-mingw32/bin/../lib/gcc/nios2-elf/4.1.2/../../../../nios2-elf/lib/mno-hw-mul\libc.a(lib_a-freer.o)
                              c:/altera/13.0sp1/nios2eds/bin/gnu/h-i686-mingw32/bin/../lib/gcc/nios2-elf/4.1.2/../../../../nios2-elf/lib/mno-hw-mul\libc.a(lib_a-fvwrite.o) (_free_r)
c:/altera/13.0sp1/nios2eds/bin/gnu/h-i686-mingw32/bin/../lib/gcc/nios2-elf/4.1.2/../../../../nios2-elf/lib/mno-hw-mul\libc.a(lib_a-fwalk.o)
                              c:/altera/13.0sp1/nios2eds/bin/gnu/h-i686-mingw32/bin/../lib/gcc/nios2-elf/4.1.2/../../../../nios2-elf/lib/mno-hw-mul\libc.a(lib_a-fflush.o) (_fwalk_reent)
c:/altera/13.0sp1/nios2eds/bin/gnu/h-i686-mingw32/bin/../lib/gcc/nios2-elf/4.1.2/../../../../nios2-elf/lib/mno-hw-mul\libc.a(lib_a-int_errno.o)
[...]
Memory Configuration

Name             Origin             Length             Attributes
reset            0x02800000         0x00000020
sdram_ctrl       0x02800020         0x007fffe0
*default*        0x00000000         0xffffffff

Linker script and memory map

LOAD ../hw4_bsp//obj/HAL/src/crt0.o
LOAD obj/default/hello_world.o
LOAD c:/altera/13.0sp1/nios2eds/bin/gnu/h-i686-mingw32/bin/../lib/gcc/nios2-elf/4.1.2/../../../../nios2-elf/lib/mno-hw-mul\libstdc++.a
LOAD c:/altera/13.0sp1/nios2eds/bin/gnu/h-i686-mingw32/bin/../lib/gcc/nios2-elf/4.1.2/../../../../nios2-elf/lib/mno-hw-mul\libm.a
LOAD c:/altera/13.0sp1/nios2eds/bin/gnu/h-i686-mingw32/bin/../lib/gcc/nios2-elf/4.1.2/mno-hw-mul\libgcc.a
START GROUP
LOAD c:/altera/13.0sp1/nios2eds/bin/gnu/h-i686-mingw32/bin/../lib/gcc/nios2-elf/4.1.2/../../../../nios2-elf/lib/mno-hw-mul\libc.a
LOAD c:/altera/13.0sp1/nios2eds/bin/gnu/h-i686-mingw32/bin/../lib/gcc/nios2-elf/4.1.2/mno-hw-mul\libgcc.a
LOAD ../hw4_bsp/\libhal_bsp.a
END GROUP
LOAD c:/altera/13.0sp1/nios2eds/bin/gnu/h-i686-mingw32/bin/../lib/gcc/nios2-elf/4.1.2/mno-hw-mul\libgcc.a
                0x02800000                __alt_mem_sdram_ctrl = 0x2800000

.entry          0x02800000       0x20
 *(.entry)
 .entry         0x02800000       0x20 ../hw4_bsp//obj/HAL/src/crt0.o
                0x02800000                __reset

.exceptions     0x02800020      0x194
                0x02800020                PROVIDE (__ram_exceptions_start, ABSOLUTE (.))
                0x02800020                . = ALIGN (0x20)
 *(.irq)
 *(.exceptions.entry.label)
 .exceptions.entry.label
                0x02800020        0x0 ../hw4_bsp/\libhal_bsp.a(alt_irq_entry.o)
                0x02800020                alt_irq_entry
 .exceptions.entry.label
                0x02800020        0x0 ../hw4_bsp/\libhal_bsp.a(alt_exception_entry.o)
                0x02800020                alt_exception
 *(.exceptions.entry.user)
 *(.exceptions.entry)
 .exceptions.entry
                0x02800020       0x54 ../hw4_bsp/\libhal_bsp.a(alt_exception_entry.o)
 *(.exceptions.irqtest.user)
 *(.exceptions.irqtest)
 .exceptions.irqtest
                0x02800074       0x10 ../hw4_bsp/\libhal_bsp.a(alt_irq_entry.o)
 *(.exceptions.irqhandler.user)
 *(.exceptions.irqhandler)
 .exceptions.irqhandler
                0x02800084        0x4 ../hw4_bsp/\libhal_bsp.a(alt_irq_entry.o)
 *(.exceptions.irqreturn.user)
 *(.exceptions.irqreturn)
 .exceptions.irqreturn
                0x02800088        0x4 ../hw4_bsp/\libhal_bsp.a(alt_irq_entry.o)
 *(.exceptions.notirq.label)
 .exceptions.notirq.label
                0x0280008c        0x0 ../hw4_bsp/\libhal_bsp.a(alt_irq_entry.o)
 *(.exceptions.notirq.user)
 *(.exceptions.notirq)
 .exceptions.notirq
                0x0280008c        0x8 ../hw4_bsp/\libhal_bsp.a(alt_exception_entry.o)
 *(.exceptions.soft.user)
 *(.exceptions.soft)
 *(.exceptions.unknown.user)
 *(.exceptions.unknown)
 .exceptions.unknown
                0x02800094        0x4 ../hw4_bsp/\libhal_bsp.a(alt_exception_entry.o)
 *(.exceptions.exit.label)
 .exceptions.exit.label
                0x02800098        0x0 ../hw4_bsp/\libhal_bsp.a(alt_irq_entry.o)
 .exceptions.exit.label
                0x02800098        0x0 ../hw4_bsp/\libhal_bsp.a(alt_exception_entry.o)
 *(.exceptions.exit.user)
 *(.exceptions.exit)
 .exceptions.exit
                0x02800098       0x54 ../hw4_bsp/\libhal_bsp.a(alt_exception_entry.o)
 *(.exceptions)
 .exceptions    0x028000ec       0xc8 ../hw4_bsp/\libhal_bsp.a(alt_irq_handler.o)
                0x028000ec                alt_irq_handler
                0x028001b4                PROVIDE (__ram_exceptions_end, ABSOLUTE (.))
                0x02800020                PROVIDE (__flash_exceptions_start, LOADADDR (.exceptions))

.text           0x028001b4     0x632c
                0x028001b4                PROVIDE (stext, ABSOLUTE (.))
 *(.interp)
 *(.hash)
 *(.dynsym)
 *(.dynstr)
 *(.gnu.version)
 *(.gnu.version_d)
 *(.gnu.version_r)
 *(.rel.init)
 *(.rela.init)
 *(.rel.text .rel.text.* .rel.gnu.linkonce.t.*)
 *(.rela.text .rela.text.* .rela.gnu.linkonce.t.*)
 *(.rel.fini)
 *(.rela.fini)
 *(.rel.rodata .rel.rodata.* .rel.gnu.linkonce.r.*)
 *(.rela.rodata .rela.rodata.* .rela.gnu.linkonce.r.*)
 *(.rel.data .rel.data.* .rel.gnu.linkonce.d.*)
 *(.rela.data .rela.data.* .rela.gnu.linkonce.d.*)
 *(.rel.tdata .rel.tdata.* .rel.gnu.linkonce.td.*)
 *(.rela.tdata .rela.tdata.* .rela.gnu.linkonce.td.*)
 *(.rel.tbss .rel.tbss.* .rel.gnu.linkonce.tb.*)
 *(.rela.tbss .rela.tbss.* .rela.gnu.linkonce.tb.*)
 *(.rel.ctors)
 *(.rela.ctors)
 *(.rel.dtors)
 *(.rela.dtors)
 *(.rel.got)
 *(.rela.got)
 *(.rel.sdata .rel.sdata.* .rel.gnu.linkonce.s.*)
 *(.rela.sdata .rela.sdata.* .rela.gnu.linkonce.s.*)
 *(.rel.sbss .rel.sbss.* .rel.gnu.linkonce.sb.*)
 *(.rela.sbss .rela.sbss.* .rela.gnu.linkonce.sb.*)
 *(.rel.sdata2 .rel.sdata2.* .rel.gnu.linkonce.s2.*)
 *(.rela.sdata2 .rela.sdata2.* .rela.gnu.linkonce.s2.*)
 *(.rel.sbss2 .rel.sbss2.* .rel.gnu.linkonce.sb2.*)
 *(.rela.sbss2 .rela.sbss2.* .rela.gnu.linkonce.sb2.*)
 *(.rel.bss .rel.bss.* .rel.gnu.linkonce.b.*)
 *(.rela.bss .rela.bss.* .rela.gnu.linkonce.b.*)
 *(.rel.plt)
 *(.rela.plt)
 *(.rel.dyn)
 *(.init)
 *(.plt)
 *(.text .stub .text.* .gnu.linkonce.t.*)
 .text          0x028001b4       0x3c ../hw4_bsp//obj/HAL/src/crt0.o
                0x028001b4                _start
 .text          0x028001f0      0x1e4 obj/default/hello_world.o
                0x028001f0                main
                0x02800228                motor_ctrl
 .text          0x028003d4       0xb4 c:/altera/13.0sp1/nios2eds/bin/gnu/h-i686-mingw32/bin/../lib/gcc/nios2-elf/4.1.2/../../../../nios2-elf/lib/mno-hw-mul\libc.a(lib_a-puts.o)
                0x028003d4                _puts_r
                0x02800474                puts
 .text          0x02800488       0x74 c:/altera/13.0sp1/nios2eds/bin/gnu/h-i686-mingw32/bin/../lib/gcc/nios2-elf/4.1.2/../../../../nios2-elf/lib/mno-hw-mul\libc.a(lib_a-strlen.o)
                0x02800488                strlen
 .text          0x028004fc      0x49c c:/altera/13.0sp1/nios2eds/bin/gnu/h-i686-mingw32/bin/../lib/gcc/nios2-elf/4.1.2/../../../../nios2-elf/lib/mno-hw-mul\libc.a(lib_a-fvwrite.o)
                0x028004fc                __sfvwrite_r
 .text          0x02800998        0x0 c:/altera/13.0sp1/nios2eds/bin/gnu/h-i686-mingw32/bin/../lib/gcc/nios2-elf/4.1.2/../../../../nios2-elf/lib/mno-hw-mul\libc.a(lib_a-impure.o)
 .text          0x02800998      0x740 c:/altera/13.0sp1/nios2eds/bin/gnu/h-i686-mingw32/bin/../lib/gcc/nios2-elf/4.1.2/../../../../nios2-elf/lib/mno-hw-mul\libc.a(lib_a-mallocr.o)
                0x02800998                _malloc_r
 .text          0x028010d8       0xe4 c:/altera/13.0sp1/nios2eds/bin/gnu/h-i686-mingw32/bin/../lib/gcc/nios2-elf/4.1.2/../../../../nios2-elf/lib/mno-hw-mul\libc.a(lib_a-memchr.o)
                0x028010d8                memchr
 .text          0x028011bc       0xa0 c:/altera/13.0sp1/nios2eds/bin/gnu/h-i686-mingw32/bin/../lib/gcc/nios2-elf/4.1.2/../../../../nios2-elf/lib/mno-hw-mul\libc.a(lib_a-memcpy.o)
                0x028011bc                memcpy
 .text          0x0280125c       0xe0 c:/altera/13.0sp1/nios2eds/bin/gnu/h-i686-mingw32/bin/../lib/gcc/nios2-elf/4.1.2/../../../../nios2-elf/lib/mno-hw-mul\libc.a(lib_a-memmove.o)
                0x0280125c                memmove
 .text          0x0280133c      0x5f4 c:/altera/13.0sp1/nios2eds/bin/gnu/h-i686-mingw32/bin/../lib/gcc/nios2-elf/4.1.2/../../../../nios2-elf/lib/mno-hw-mul\libc.a(lib_a-reallocr.o)
                0x0280133c                _realloc_r
 .text          0x02801930       0x70 c:/altera/13.0sp1/nios2eds/bin/gnu/h-i686-mingw32/bin/../lib/gcc/nios2-elf/4.1.2/../../../../nios2-elf/lib/mno-hw-mul\libc.a(lib_a-sbrkr.o)
                0x02801930                _sbrk_r
 .text          0x028019a0      0x13c c:/altera/13.0sp1/nios2eds/bin/gnu/h-i686-mingw32/bin/../lib/gcc/nios2-elf/4.1.2/../../../../nios2-elf/lib/mno-hw-mul\libc.a(lib_a-wsetup.o)
                0x028019a0                __swsetup_r
 .text          0x02801adc      0x230 c:/altera/13.0sp1/nios2eds/bin/gnu/h-i686-mingw32/bin/../lib/gcc/nios2-elf/4.1.2/../../../../nios2-elf/lib/mno-hw-mul\libc.a(lib_a-fflush.o)
                0x02801adc                _fflush_r
                0x02801cd8                fflush
 .text          0x02801d0c      0x2f4 c:/altera/13.0sp1/nios2eds/bin/gnu/h-i686-mingw32/bin/../lib/gcc/nios2-elf/4.1.2/../../../../nios2-elf/lib/mno-hw-mul\libc.a(lib_a-findfp.o)
                0x02801d64                __sfp_lock_acquire
                0x02801d68                __sfp_lock_release
                0x02801d6c                __sinit_lock_acquire
                0x02801d70                __sinit_lock_release
                0x02801d74                __sinit
                0x02801e28                __fp_unlock_all
                0x02801e40                __fp_lock_all
                0x02801e58                _cleanup_r
                0x02801e64                _cleanup
                0x02801e74                __sfmoreglue
                0x02801f10                __sfp
 .text          0x02802000      0x440 c:/altera/13.0sp1/nios2eds/bin/gnu/h-i686-mingw32/bin/../lib/gcc/nios2-elf/4.1.2/../../../../nios2-elf/lib/mno-hw-mul\libc.a(lib_a-freer.o)
                0x02802000                _malloc_trim_r
                0x0280212c                _free_r
 .text          0x02802440      0x180 c:/altera/13.0sp1/nios2eds/bin/gnu/h-i686-mingw32/bin/../lib/gcc/nios2-elf/4.1.2/../../../../nios2-elf/lib/mno-hw-mul\libc.a(lib_a-fwalk.o)
                0x02802440                _fwalk_reent
                0x02802508                _fwalk
 .text          0x028025c0        0x0 c:/altera/13.0sp1/nios2eds/bin/gnu/h-i686-mingw32/bin/../lib/gcc/nios2-elf/4.1.2/../../../../nios2-elf/lib/mno-hw-mul\libc.a(lib_a-int_errno.o)
 .text          0x028025c0      0x194 c:/altera/13.0sp1/nios2eds/bin/gnu/h-i686-mingw32/bin/../lib/gcc/nios2-elf/4.1.2/../../../../nios2-elf/lib/mno-hw-mul\libc.a(lib_a-makebuf.o)
                0x028025c0                __smakebuf_r
 .text          0x02802754       0x98 c:/altera/13.0sp1/nios2eds/bin/gnu/h-i686-mingw32/bin/../lib/gcc/nios2-elf/4.1.2/../../../../nios2-elf/lib/mno-hw-mul\libc.a(lib_a-memset.o)
                0x02802754                memset
 .text          0x028027ec      0x14c c:/altera/13.0sp1/nios2eds/bin/gnu/h-i686-mingw32/bin/../lib/gcc/nios2-elf/4.1.2/../../../../nios2-elf/lib/mno-hw-mul\libc.a(lib_a-stdio.o)
                0x028027ec                __sclose
                0x028027f4                __sseek
                0x0280285c                __swrite
                0x028028d8                __sread
 .text          0x02802938       0x78 c:/altera/13.0sp1/nios2eds/bin/gnu/h-i686-mingw32/bin/../lib/gcc/nios2-elf/4.1.2/../../../../nios2-elf/lib/mno-hw-mul\libc.a(lib_a-writer.o)
                0x02802938                _write_r
 .text          0x028029b0       0x70 c:/altera/13.0sp1/nios2eds/bin/gnu/h-i686-mingw32/bin/../lib/gcc/nios2-elf/4.1.2/../../../../nios2-elf/lib/mno-hw-mul\libc.a(lib_a-closer.o)
                0x028029b0                _close_r
 .text          0x02802a20      0x124 c:/altera/13.0sp1/nios2eds/bin/gnu/h-i686-mingw32/bin/../lib/gcc/nios2-elf/4.1.2/../../../../nios2-elf/lib/mno-hw-mul\libc.a(lib_a-fclose.o)
                0x02802a20                _fclose_r
                0x02802b30                fclose
 .text          0x02802b44       0x74 c:/altera/13.0sp1/nios2eds/bin/gnu/h-i686-mingw32/bin/../lib/gcc/nios2-elf/4.1.2/../../../../nios2-elf/lib/mno-hw-mul\libc.a(lib_a-fstatr.o)
                0x02802b44                _fstat_r
 .text          0x02802bb8       0x70 c:/altera/13.0sp1/nios2eds/bin/gnu/h-i686-mingw32/bin/../lib/gcc/nios2-elf/4.1.2/../../../../nios2-elf/lib/mno-hw-mul\libc.a(lib_a-isattyr.o)
                0x02802bb8                _isatty_r
 .text          0x02802c28       0x78 c:/altera/13.0sp1/nios2eds/bin/gnu/h-i686-mingw32/bin/../lib/gcc/nios2-elf/4.1.2/../../../../nios2-elf/lib/mno-hw-mul\libc.a(lib_a-lseekr.o)
                0x02802c28                _lseek_r
 .text          0x02802ca0       0x78 c:/altera/13.0sp1/nios2eds/bin/gnu/h-i686-mingw32/bin/../lib/gcc/nios2-elf/4.1.2/../../../../nios2-elf/lib/mno-hw-mul\libc.a(lib_a-readr.o)
                0x02802ca0                _read_r
 .text          0x02802d18       0x38 c:/altera/13.0sp1/nios2eds/bin/gnu/h-i686-mingw32/bin/../lib/gcc/nios2-elf/4.1.2/mno-hw-mul\libgcc.a(lib2-mul.o)
                0x02802d18                __mulsi3
 .text          0x02802d50      0x160 ../hw4_bsp/\libhal_bsp.a(alt_close.o)
                0x02802d50                close
 .text          0x02802eb0       0x2c ../hw4_bsp/\libhal_bsp.a(alt_dev.o)
 .text          0x02802edc        0x0 ../hw4_bsp/\libhal_bsp.a(alt_errno.o)
 .text          0x02802edc      0x138 ../hw4_bsp/\libhal_bsp.a(alt_fstat.o)
                0x02802edc                fstat
 .text          0x02803014      0x124 ../hw4_bsp/\libhal_bsp.a(alt_isatty.o)
                0x02803014                isatty
 .text          0x02803138       0xec ../hw4_bsp/\libhal_bsp.a(alt_load.o)
                0x02803138                alt_load
 .text          0x02803224      0x154 ../hw4_bsp/\libhal_bsp.a(alt_lseek.o)
                0x02803224                lseek
 .text          0x02803378       0x6c ../hw4_bsp/\libhal_bsp.a(alt_main.o)
                0x02803378                alt_main
 .text          0x028033e4       0x40 ../hw4_bsp/\libhal_bsp.a(alt_malloc_lock.o)
                0x028033e4                __malloc_lock
                0x02803404                __malloc_unlock
 .text          0x02803424      0x184 ../hw4_bsp/\libhal_bsp.a(alt_read.o)
                0x02803424                read
 .text          0x028035a8       0x78 ../hw4_bsp/\libhal_bsp.a(alt_release_fd.o)
                0x028035a8                alt_release_fd
 .text          0x02803620       0xbc ../hw4_bsp/\libhal_bsp.a(alt_sbrk.o)
                0x02803620                sbrk
 .text          0x028036dc      0x184 ../hw4_bsp/\libhal_bsp.a(alt_write.o)
                0x028036dc                write
 .text          0x02803860       0xfc ../hw4_bsp/\libhal_bsp.a(alt_sys_init.o)
                0x02803860                alt_irq_init
                0x02803894                alt_sys_init
 .text          0x0280395c      0xcac ../hw4_bsp/\libhal_bsp.a(altera_avalon_dma.o)
                0x0280395c                alt_avalon_dma_launch_bidir
                0x02803f70                alt_avalon_dma_tx_ioctl
                0x02803fb4                alt_avalon_dma_rx_ioctl
                0x02803ff8                alt_avalon_dma_prepare
                0x0280414c                alt_avalon_dma_space
                0x028041cc                alt_avalon_dma_send
                0x028044e8                alt_avalon_dma_init
 .text          0x02804608      0x148 ../hw4_bsp/\libhal_bsp.a(altera_avalon_jtag_uart_fd.o)
                0x02804608                altera_avalon_jtag_uart_read_fd
                0x02804660                altera_avalon_jtag_uart_write_fd
                0x028046b8                altera_avalon_jtag_uart_close_fd
                0x02804700                altera_avalon_jtag_uart_ioctl_fd
 .text          0x02804750      0x40c ../hw4_bsp/\libhal_bsp.a(altera_avalon_jtag_uart_init.o)
                0x02804750                altera_avalon_jtag_uart_init
                0x02804ae8                altera_avalon_jtag_uart_close
 .text          0x02804b5c       0xf4 ../hw4_bsp/\libhal_bsp.a(altera_avalon_jtag_uart_ioctl.o)
                0x02804b5c                altera_avalon_jtag_uart_ioctl
 .text          0x02804c50      0x224 ../hw4_bsp/\libhal_bsp.a(altera_avalon_jtag_uart_read.o)
                0x02804c50                altera_avalon_jtag_uart_read
 .text          0x02804e74      0x240 ../hw4_bsp/\libhal_bsp.a(altera_avalon_jtag_uart_write.o)
                0x02804e74                altera_avalon_jtag_uart_write
 .text          0x028050b4        0x0 ../hw4_bsp/\libhal_bsp.a(altera_avalon_timer_vars.o)
 .text          0x028050b4      0x154 ../hw4_bsp/\libhal_bsp.a(alt_alarm_start.o)
                0x028050b4                alt_alarm_start
 .text          0x02805208       0x1c ../hw4_bsp/\libhal_bsp.a(alt_dcache_flush_all.o)
                0x02805208                alt_dcache_flush_all
 .text          0x02805224      0x114 ../hw4_bsp/\libhal_bsp.a(alt_dev_llist_insert.o)
                0x02805224                alt_dev_llist_insert
 .text          0x02805338       0xb8 ../hw4_bsp/\libhal_bsp.a(alt_dma_rxchan_open.o)
                0x02805338                alt_dma_rxchan_open
 .text          0x028053f0       0xb8 ../hw4_bsp/\libhal_bsp.a(alt_dma_txchan_open.o)
                0x028053f0                alt_dma_txchan_open
 .text          0x028054a8       0x64 ../hw4_bsp/\libhal_bsp.a(alt_do_ctors.o)
                0x028054a8                _do_ctors
 .text          0x0280550c       0x64 ../hw4_bsp/\libhal_bsp.a(alt_do_dtors.o)
                0x0280550c                _do_dtors
 .text          0x02805570       0x94 ../hw4_bsp/\libhal_bsp.a(alt_find_dev.o)
                0x02805570                alt_find_dev
 .text          0x02805604       0x1c ../hw4_bsp/\libhal_bsp.a(alt_icache_flush_all.o)
                0x02805604                alt_icache_flush_all
 .text          0x02805620      0x1d4 ../hw4_bsp/\libhal_bsp.a(alt_iic.o)
                0x02805620                alt_ic_isr_register
                0x02805670                alt_ic_irq_enable
                0x0280570c                alt_ic_irq_disable
                0x028057ac                alt_ic_irq_enabled
 .text          0x028057f4       0xf8 ../hw4_bsp/\libhal_bsp.a(alt_iic_isr_register.o)
                0x028057f4                alt_iic_isr_register
 .text          0x028058ec      0x150 ../hw4_bsp/\libhal_bsp.a(alt_io_redirect.o)
                0x028059c4                alt_io_redirect
 .text          0x02805a3c        0x0 ../hw4_bsp/\libhal_bsp.a(alt_irq_entry.o)
 .text          0x02805a3c        0x0 ../hw4_bsp/\libhal_bsp.a(alt_irq_handler.o)
 .text          0x02805a3c        0x0 ../hw4_bsp/\libhal_bsp.a(alt_irq_vars.o)
 .text          0x02805a3c      0x2e4 ../hw4_bsp/\libhal_bsp.a(alt_open.o)
                0x02805b34                open
 .text          0x02805d20      0x1a4 ../hw4_bsp/\libhal_bsp.a(alt_tick.o)
                0x02805d20                alt_alarm_stop
                0x02805db8                alt_tick
 .text          0x02805ec4       0x20 ../hw4_bsp/\libhal_bsp.a(altera_nios2_qsys_irq.o)
                0x02805ec4                altera_nios2_qsys_irq_init
 .text          0x02805ee4        0x0 ../hw4_bsp/\libhal_bsp.a(alt_exception_entry.o)
 .text          0x02805ee4      0x120 ../hw4_bsp/\libhal_bsp.a(alt_find_file.o)
                0x02805ee4                alt_find_file
 .text          0x02806004       0xd0 ../hw4_bsp/\libhal_bsp.a(alt_get_fd.o)
                0x02806004                alt_get_fd
 .text          0x028060d4       0x14 c:/altera/13.0sp1/nios2eds/bin/gnu/h-i686-mingw32/bin/../lib/gcc/nios2-elf/4.1.2/../../../../nios2-elf/lib/mno-hw-mul\libc.a(lib_a-atexit.o)
                0x028060d4                atexit
 .text          0x028060e8       0x38 c:/altera/13.0sp1/nios2eds/bin/gnu/h-i686-mingw32/bin/../lib/gcc/nios2-elf/4.1.2/../../../../nios2-elf/lib/mno-hw-mul\libc.a(lib_a-exit.o)
                0x028060e8                exit
 .text          0x02806120       0x74 c:/altera/13.0sp1/nios2eds/bin/gnu/h-i686-mingw32/bin/../lib/gcc/nios2-elf/4.1.2/../../../../nios2-elf/lib/mno-hw-mul\libc.a(lib_a-memcmp.o)
                0x02806120                memcmp
 .text          0x02806194      0x134 c:/altera/13.0sp1/nios2eds/bin/gnu/h-i686-mingw32/bin/../lib/gcc/nios2-elf/4.1.2/../../../../nios2-elf/lib/mno-hw-mul\libc.a(lib_a-__atexit.o)
                0x02806194                __register_exitproc
 .text          0x028062c8      0x1b4 c:/altera/13.0sp1/nios2eds/bin/gnu/h-i686-mingw32/bin/../lib/gcc/nios2-elf/4.1.2/../../../../nios2-elf/lib/mno-hw-mul\libc.a(lib_a-__call_atexit.o)
                0x028062cc                __call_exitprocs
 .text          0x0280647c       0x60 ../hw4_bsp/\libhal_bsp.a(alt_exit.o)
                0x028064bc                _exit
 *(.gnu.warning.*)
 *(.fini)
                0x028064dc                PROVIDE (__etext, ABSOLUTE (.))
                0x028064dc                PROVIDE (_etext, ABSOLUTE (.))
                0x028064dc                PROVIDE (etext, ABSOLUTE (.))
 *(.eh_frame_hdr)
                0x028064dc                . = ALIGN (0x4)
                0x028064dc                PROVIDE (__preinit_array_start, ABSOLUTE (.))
 *(.preinit_array)
                0x028064dc                PROVIDE (__preinit_array_end, ABSOLUTE (.))
                0x028064dc                PROVIDE (__init_array_start, ABSOLUTE (.))
 *(.init_array)
                0x028064dc                PROVIDE (__init_array_end, ABSOLUTE (.))
                0x028064dc                PROVIDE (__fini_array_start, ABSOLUTE (.))
 *(.fini_array)
                0x028064dc                PROVIDE (__fini_array_end, ABSOLUTE (.))
 *(.eh_frame)
 *(.gcc_except_table)
 *(.dynamic)
                0x028064dc                PROVIDE (__CTOR_LIST__, ABSOLUTE (.))
 *(.ctors)
 *(SORT(.ctors.*))
 .ctors.65535   0x028064dc        0x4 c:/altera/13.0sp1/nios2eds/bin/gnu/h-i686-mingw32/bin/../lib/gcc/nios2-elf/4.1.2/../../../../nios2-elf/lib/mno-hw-mul\libc.a(lib_a-__call_atexit.o)
                0x028064e0                PROVIDE (__CTOR_END__, ABSOLUTE (.))
                0x028064e0                PROVIDE (__DTOR_LIST__, ABSOLUTE (.))
 *(.dtors)
 *(SORT(.dtors.*))
                0x028064e0                PROVIDE (__DTOR_END__, ABSOLUTE (.))
 *(.jcr)
                0x028064e0                . = ALIGN (0x4)

.rodata         0x028064e0       0x50
                0x028064e0                PROVIDE (__ram_rodata_start, ABSOLUTE (.))
                0x028064e0                . = ALIGN (0x4)
 *(.rodata .rodata.* .gnu.linkonce.r.*)
 .rodata        0x028064e0       0x10 obj/default/hello_world.o
 .rodata.str1.4
                0x028064f0        0x2 c:/altera/13.0sp1/nios2eds/bin/gnu/h-i686-mingw32/bin/../lib/gcc/nios2-elf/4.1.2/../../../../nios2-elf/lib/mno-hw-mul\libc.a(lib_a-puts.o)
                                  0x4 (size before relaxing)
 *fill*         0x028064f2        0x2 00
 .rodata.str1.4
                0x028064f4        0x4 c:/altera/13.0sp1/nios2eds/bin/gnu/h-i686-mingw32/bin/../lib/gcc/nios2-elf/4.1.2/../../../../nios2-elf/lib/mno-hw-mul\libc.a(lib_a-impure.o)
 .rodata        0x028064f8        0xc ../hw4_bsp/\libhal_bsp.a(alt_dev.o)
 .rodata        0x02806504       0x10 ../hw4_bsp/\libhal_bsp.a(alt_main.o)
 .rodata        0x02806514       0x1c ../hw4_bsp/\libhal_bsp.a(alt_sys_init.o)
 *(.rodata1)
                0x02806530                . = ALIGN (0x4)
                0x02806530                PROVIDE (__ram_rodata_end, ABSOLUTE (.))
                0x028064e0                PROVIDE (__flash_rodata_start, LOADADDR (.rodata))

.rwdata         0x02806530     0x1b34 load address 0x02808064
                0x02806530                PROVIDE (__ram_rwdata_start, ABSOLUTE (.))
                0x02806530                . = ALIGN (0x4)
 *(.got.plt)
 *(.got)
 *(.data1)
 *(.data .data.* .gnu.linkonce.d.*)
 .data          0x02806530        0x0 ../hw4_bsp//obj/HAL/src/crt0.o
 .data          0x02806530        0x0 obj/default/hello_world.o
 .data          0x02806530        0x0 c:/altera/13.0sp1/nios2eds/bin/gnu/h-i686-mingw32/bin/../lib/gcc/nios2-elf/4.1.2/../../../../nios2-elf/lib/mno-hw-mul\libc.a(lib_a-puts.o)
 .data          0x02806530        0x0 c:/altera/13.0sp1/nios2eds/bin/gnu/h-i686-mingw32/bin/../lib/gcc/nios2-elf/4.1.2/../../../../nios2-elf/lib/mno-hw-mul\libc.a(lib_a-strlen.o)
 .data          0x02806530        0x0 c:/altera/13.0sp1/nios2eds/bin/gnu/h-i686-mingw32/bin/../lib/gcc/nios2-elf/4.1.2/../../../../nios2-elf/lib/mno-hw-mul\libc.a(lib_a-fvwrite.o)
 .data          0x02806530      0x400 c:/altera/13.0sp1/nios2eds/bin/gnu/h-i686-mingw32/bin/../lib/gcc/nios2-elf/4.1.2/../../../../nios2-elf/lib/mno-hw-mul\libc.a(lib_a-impure.o)
 .data          0x02806930      0x408 c:/altera/13.0sp1/nios2eds/bin/gnu/h-i686-mingw32/bin/../lib/gcc/nios2-elf/4.1.2/../../../../nios2-elf/lib/mno-hw-mul\libc.a(lib_a-mallocr.o)
                0x02806930                __malloc_av_
 .data          0x02806d38        0x0 c:/altera/13.0sp1/nios2eds/bin/gnu/h-i686-mingw32/bin/../lib/gcc/nios2-elf/4.1.2/../../../../nios2-elf/lib/mno-hw-mul\libc.a(lib_a-memchr.o)
 .data          0x02806d38        0x0 c:/altera/13.0sp1/nios2eds/bin/gnu/h-i686-mingw32/bin/../lib/gcc/nios2-elf/4.1.2/../../../../nios2-elf/lib/mno-hw-mul\libc.a(lib_a-memcpy.o)
 .data          0x02806d38        0x0 c:/altera/13.0sp1/nios2eds/bin/gnu/h-i686-mingw32/bin/../lib/gcc/nios2-elf/4.1.2/../../../../nios2-elf/lib/mno-hw-mul\libc.a(lib_a-memmove.o)
 .data          0x02806d38        0x0 c:/altera/13.0sp1/nios2eds/bin/gnu/h-i686-mingw32/bin/../lib/gcc/nios2-elf/4.1.2/../../../../nios2-elf/lib/mno-hw-mul\libc.a(lib_a-reallocr.o)
 .data          0x02806d38        0x0 c:/altera/13.0sp1/nios2eds/bin/gnu/h-i686-mingw32/bin/../lib/gcc/nios2-elf/4.1.2/../../../../nios2-elf/lib/mno-hw-mul\libc.a(lib_a-sbrkr.o)
 .data          0x02806d38        0x0 c:/altera/13.0sp1/nios2eds/bin/gnu/h-i686-mingw32/bin/../lib/gcc/nios2-elf/4.1.2/../../../../nios2-elf/lib/mno-hw-mul\libc.a(lib_a-wsetup.o)
 .data          0x02806d38        0x0 c:/altera/13.0sp1/nios2eds/bin/gnu/h-i686-mingw32/bin/../lib/gcc/nios2-elf/4.1.2/../../../../nios2-elf/lib/mno-hw-mul\libc.a(lib_a-fflush.o)
 .data          0x02806d38        0x0 c:/altera/13.0sp1/nios2eds/bin/gnu/h-i686-mingw32/bin/../lib/gcc/nios2-elf/4.1.2/../../../../nios2-elf/lib/mno-hw-mul\libc.a(lib_a-findfp.o)
 .data          0x02806d38        0x0 c:/altera/13.0sp1/nios2eds/bin/gnu/h-i686-mingw32/bin/../lib/gcc/nios2-elf/4.1.2/../../../../nios2-elf/lib/mno-hw-mul\libc.a(lib_a-freer.o)
 .data          0x02806d38        0x0 c:/altera/13.0sp1/nios2eds/bin/gnu/h-i686-mingw32/bin/../lib/gcc/nios2-elf/4.1.2/../../../../nios2-elf/lib/mno-hw-mul\libc.a(lib_a-fwalk.o)
 .data          0x02806d38        0x0 c:/altera/13.0sp1/nios2eds/bin/gnu/h-i686-mingw32/bin/../lib/gcc/nios2-elf/4.1.2/../../../../nios2-elf/lib/mno-hw-mul\libc.a(lib_a-int_errno.o)
 .data          0x02806d38        0x0 c:/altera/13.0sp1/nios2eds/bin/gnu/h-i686-mingw32/bin/../lib/gcc/nios2-elf/4.1.2/../../../../nios2-elf/lib/mno-hw-mul\libc.a(lib_a-makebuf.o)
 .data          0x02806d38        0x0 c:/altera/13.0sp1/nios2eds/bin/gnu/h-i686-mingw32/bin/../lib/gcc/nios2-elf/4.1.2/../../../../nios2-elf/lib/mno-hw-mul\libc.a(lib_a-memset.o)
 .data          0x02806d38        0x0 c:/altera/13.0sp1/nios2eds/bin/gnu/h-i686-mingw32/bin/../lib/gcc/nios2-elf/4.1.2/../../../../nios2-elf/lib/mno-hw-mul\libc.a(lib_a-stdio.o)
 .data          0x02806d38        0x0 c:/altera/13.0sp1/nios2eds/bin/gnu/h-i686-mingw32/bin/../lib/gcc/nios2-elf/4.1.2/../../../../nios2-elf/lib/mno-hw-mul\libc.a(lib_a-writer.o)
 .data          0x02806d38        0x0 c:/altera/13.0sp1/nios2eds/bin/gnu/h-i686-mingw32/bin/../lib/gcc/nios2-elf/4.1.2/../../../../nios2-elf/lib/mno-hw-mul\libc.a(lib_a-closer.o)
 .data          0x02806d38        0x0 c:/altera/13.0sp1/nios2eds/bin/gnu/h-i686-mingw32/bin/../lib/gcc/nios2-elf/4.1.2/../../../../nios2-elf/lib/mno-hw-mul\libc.a(lib_a-fclose.o)
 .data          0x02806d38        0x0 c:/altera/13.0sp1/nios2eds/bin/gnu/h-i686-mingw32/bin/../lib/gcc/nios2-elf/4.1.2/../../../../nios2-elf/lib/mno-hw-mul\libc.a(lib_a-fstatr.o)
 .data          0x02806d38        0x0 c:/altera/13.0sp1/nios2eds/bin/gnu/h-i686-mingw32/bin/../lib/gcc/nios2-elf/4.1.2/../../../../nios2-elf/lib/mno-hw-mul\libc.a(lib_a-isattyr.o)
 .data          0x02806d38        0x0 c:/altera/13.0sp1/nios2eds/bin/gnu/h-i686-mingw32/bin/../lib/gcc/nios2-elf/4.1.2/../../../../nios2-elf/lib/mno-hw-mul\libc.a(lib_a-lseekr.o)
 .data          0x02806d38        0x0 c:/altera/13.0sp1/nios2eds/bin/gnu/h-i686-mingw32/bin/../lib/gcc/nios2-elf/4.1.2/../../../../nios2-elf/lib/mno-hw-mul\libc.a(lib_a-readr.o)
 .data          0x02806d38        0x0 c:/altera/13.0sp1/nios2eds/bin/gnu/h-i686-mingw32/bin/../lib/gcc/nios2-elf/4.1.2/mno-hw-mul\libgcc.a(lib2-mul.o)
 .data          0x02806d38        0x0 ../hw4_bsp/\libhal_bsp.a(alt_close.o)
 .data          0x02806d38      0x1a8 ../hw4_bsp/\libhal_bsp.a(alt_dev.o)
                0x02806d38                alt_dev_null
                0x02806d60                alt_fd_list
 .data          0x02806ee0        0x0 ../hw4_bsp/\libhal_bsp.a(alt_errno.o)
 .data          0x02806ee0        0x0 ../hw4_bsp/\libhal_bsp.a(alt_fstat.o)
 .data          0x02806ee0        0x0 ../hw4_bsp/\libhal_bsp.a(alt_isatty.o)
 .data          0x02806ee0        0x0 ../hw4_bsp/\libhal_bsp.a(alt_load.o)
 .data          0x02806ee0        0x0 ../hw4_bsp/\libhal_bsp.a(alt_lseek.o)
 .data          0x02806ee0        0x0 ../hw4_bsp/\libhal_bsp.a(alt_main.o)
 .data          0x02806ee0        0x0 ../hw4_bsp/\libhal_bsp.a(alt_malloc_lock.o)
 .data          0x02806ee0        0x0 ../hw4_bsp/\libhal_bsp.a(alt_read.o)
 .data          0x02806ee0        0x0 ../hw4_bsp/\libhal_bsp.a(alt_release_fd.o)
 .data          0x02806ee0        0x0 ../hw4_bsp/\libhal_bsp.a(alt_sbrk.o)
 .data          0x02806ee0        0x0 ../hw4_bsp/\libhal_bsp.a(alt_write.o)
 .data          0x02806ee0     0x113c ../hw4_bsp/\libhal_bsp.a(alt_sys_init.o)
 .data          0x0280801c        0x0 ../hw4_bsp/\libhal_bsp.a(altera_avalon_dma.o)
 .data          0x0280801c        0x0 ../hw4_bsp/\libhal_bsp.a(altera_avalon_jtag_uart_fd.o)
 .data          0x0280801c        0x0 ../hw4_bsp/\libhal_bsp.a(altera_avalon_jtag_uart_init.o)
 .data          0x0280801c        0x0 ../hw4_bsp/\libhal_bsp.a(altera_avalon_jtag_uart_ioctl.o)
 .data          0x0280801c        0x0 ../hw4_bsp/\libhal_bsp.a(altera_avalon_jtag_uart_read.o)
 .data          0x0280801c        0x0 ../hw4_bsp/\libhal_bsp.a(altera_avalon_jtag_uart_write.o)
 .data          0x0280801c        0x0 ../hw4_bsp/\libhal_bsp.a(altera_avalon_timer_vars.o)
 .data          0x0280801c        0x0 ../hw4_bsp/\libhal_bsp.a(alt_alarm_start.o)
 .data          0x0280801c        0x0 ../hw4_bsp/\libhal_bsp.a(alt_dcache_flush_all.o)
 .data          0x0280801c        0x0 ../hw4_bsp/\libhal_bsp.a(alt_dev_llist_insert.o)
 .data          0x0280801c        0x0 ../hw4_bsp/\libhal_bsp.a(alt_dma_rxchan_open.o)
 .data          0x0280801c        0x0 ../hw4_bsp/\libhal_bsp.a(alt_dma_txchan_open.o)
 .data          0x0280801c        0x0 ../hw4_bsp/\libhal_bsp.a(alt_do_ctors.o)
 .data          0x0280801c        0x0 ../hw4_bsp/\libhal_bsp.a(alt_do_dtors.o)
 .data          0x0280801c        0x0 ../hw4_bsp/\libhal_bsp.a(alt_find_dev.o)
 .data          0x0280801c        0x0 ../hw4_bsp/\libhal_bsp.a(alt_icache_flush_all.o)
 .data          0x0280801c        0x0 ../hw4_bsp/\libhal_bsp.a(alt_iic.o)
 .data          0x0280801c        0x0 ../hw4_bsp/\libhal_bsp.a(alt_iic_isr_register.o)
 .data          0x0280801c        0x0 ../hw4_bsp/\libhal_bsp.a(alt_io_redirect.o)
 .data          0x0280801c        0x0 ../hw4_bsp/\libhal_bsp.a(alt_irq_entry.o)
 .data          0x0280801c        0x0 ../hw4_bsp/\libhal_bsp.a(alt_irq_handler.o)
 .data          0x0280801c        0x0 ../hw4_bsp/\libhal_bsp.a(alt_irq_vars.o)
 .data          0x0280801c        0x0 ../hw4_bsp/\libhal_bsp.a(alt_open.o)
 .data          0x0280801c        0x0 ../hw4_bsp/\libhal_bsp.a(alt_tick.o)
 .data          0x0280801c        0x0 ../hw4_bsp/\libhal_bsp.a(altera_nios2_qsys_irq.o)
 .data          0x0280801c        0x0 ../hw4_bsp/\libhal_bsp.a(alt_exception_entry.o)
 .data          0x0280801c        0x0 ../hw4_bsp/\libhal_bsp.a(alt_find_file.o)
 .data          0x0280801c        0x0 ../hw4_bsp/\libhal_bsp.a(alt_get_fd.o)
 .data          0x0280801c        0x0 c:/altera/13.0sp1/nios2eds/bin/gnu/h-i686-mingw32/bin/../lib/gcc/nios2-elf/4.1.2/../../../../nios2-elf/lib/mno-hw-mul\libc.a(lib_a-atexit.o)
 .data          0x0280801c        0x0 c:/altera/13.0sp1/nios2eds/bin/gnu/h-i686-mingw32/bin/../lib/gcc/nios2-elf/4.1.2/../../../../nios2-elf/lib/mno-hw-mul\libc.a(lib_a-exit.o)
 .data          0x0280801c        0x0 c:/altera/13.0sp1/nios2eds/bin/gnu/h-i686-mingw32/bin/../lib/gcc/nios2-elf/4.1.2/../../../../nios2-elf/lib/mno-hw-mul\libc.a(lib_a-memcmp.o)
 .data          0x0280801c        0x0 c:/altera/13.0sp1/nios2eds/bin/gnu/h-i686-mingw32/bin/../lib/gcc/nios2-elf/4.1.2/../../../../nios2-elf/lib/mno-hw-mul\libc.a(lib_a-__atexit.o)
 .data          0x0280801c        0x0 c:/altera/13.0sp1/nios2eds/bin/gnu/h-i686-mingw32/bin/../lib/gcc/nios2-elf/4.1.2/../../../../nios2-elf/lib/mno-hw-mul\libc.a(lib_a-__call_atexit.o)
 .data          0x0280801c        0x0 ../hw4_bsp/\libhal_bsp.a(alt_exit.o)
                0x0281001c                _gp = ABSOLUTE ((. + 0x8000))
                0x0281001c                PROVIDE (gp, _gp)
 *(.rwdata .rwdata.*)
 *(.sdata .sdata.* .gnu.linkonce.s.*)
 .sdata         0x0280801c        0x8 c:/altera/13.0sp1/nios2eds/bin/gnu/h-i686-mingw32/bin/../lib/gcc/nios2-elf/4.1.2/../../../../nios2-elf/lib/mno-hw-mul\libc.a(lib_a-impure.o)
                0x0280801c                _impure_ptr
                0x02808020                _global_impure_ptr
 .sdata         0x02808024        0x8 c:/altera/13.0sp1/nios2eds/bin/gnu/h-i686-mingw32/bin/../lib/gcc/nios2-elf/4.1.2/../../../../nios2-elf/lib/mno-hw-mul\libc.a(lib_a-mallocr.o)
                0x02808024                __malloc_trim_threshold
                0x02808028                __malloc_sbrk_base
 .sdata         0x0280802c       0x14 ../hw4_bsp/\libhal_bsp.a(alt_dev.o)
                0x0280802c                alt_fs_list
                0x02808034                alt_dev_list
                0x0280803c                alt_max_fd
 .sdata         0x02808040        0x4 ../hw4_bsp/\libhal_bsp.a(alt_errno.o)
                0x02808040                alt_errno
 .sdata         0x02808044        0x4 ../hw4_bsp/\libhal_bsp.a(alt_sbrk.o)
 .sdata         0x02808048        0x8 ../hw4_bsp/\libhal_bsp.a(alt_dma_rxchan_open.o)
                0x02808048                alt_dma_rxchan_list
 .sdata         0x02808050        0x8 ../hw4_bsp/\libhal_bsp.a(alt_dma_txchan_open.o)
                0x02808050                alt_dma_txchan_list
 .sdata         0x02808058        0x4 ../hw4_bsp/\libhal_bsp.a(alt_irq_vars.o)
                0x02808058                alt_priority_mask
 .sdata         0x0280805c        0x8 ../hw4_bsp/\libhal_bsp.a(alt_tick.o)
                0x0280805c                alt_alarm_list
 *(.sdata2 .sdata2.* .gnu.linkonce.s2.*)
                0x02808064                . = ALIGN (0x4)
                0x02808064                _edata = ABSOLUTE (.)
                0x02808064                PROVIDE (edata, ABSOLUTE (.))
                0x02808064                PROVIDE (__ram_rwdata_end, ABSOLUTE (.))
                0x02808064                PROVIDE (__flash_rwdata_start, LOADADDR (.rwdata))

.bss            0x02809b98      0x2e8
                0x02809b98                __bss_start = ABSOLUTE (.)
                0x02809b98                PROVIDE (__sbss_start, ABSOLUTE (.))
                0x02809b98                PROVIDE (___sbss_start, ABSOLUTE (.))
 *(.dynsbss)
 *(.sbss .sbss.* .gnu.linkonce.sb.*)
 .sbss          0x02809b98        0xc c:/altera/13.0sp1/nios2eds/bin/gnu/h-i686-mingw32/bin/../lib/gcc/nios2-elf/4.1.2/../../../../nios2-elf/lib/mno-hw-mul\libc.a(lib_a-mallocr.o)
                0x02809b98                __malloc_top_pad
                0x02809b9c                __malloc_max_sbrked_mem
                0x02809ba0                __malloc_max_total_mem
 .sbss          0x02809ba4        0x4 c:/altera/13.0sp1/nios2eds/bin/gnu/h-i686-mingw32/bin/../lib/gcc/nios2-elf/4.1.2/../../../../nios2-elf/lib/mno-hw-mul\libc.a(lib_a-int_errno.o)
                0x02809ba4                errno
 .sbss          0x02809ba8        0xc ../hw4_bsp/\libhal_bsp.a(alt_main.o)
                0x02809ba8                alt_argc
                0x02809bac                alt_argv
                0x02809bb0                alt_envp
 .sbss          0x02809bb4        0x8 ../hw4_bsp/\libhal_bsp.a(altera_avalon_timer_vars.o)
                0x02809bb4                altera_avalon_timer_ts_base
                0x02809bb8                altera_avalon_timer_ts_freq
 .sbss          0x02809bbc        0x4 ../hw4_bsp/\libhal_bsp.a(alt_irq_vars.o)
                0x02809bbc                alt_irq_active
 .sbss          0x02809bc0        0x8 ../hw4_bsp/\libhal_bsp.a(alt_tick.o)
                0x02809bc0                _alt_tick_rate
                0x02809bc4                _alt_nticks
 *(.sbss2 .sbss2.* .gnu.linkonce.sb2.*)
 *(.scommon)
                0x02809bc8                PROVIDE (__sbss_end, ABSOLUTE (.))
                0x02809bc8                PROVIDE (___sbss_end, ABSOLUTE (.))
 *(.dynbss)
 *(.bss .bss.* .gnu.linkonce.b.*)
 .bss           0x02809bc8        0x0 ../hw4_bsp//obj/HAL/src/crt0.o
 .bss           0x02809bc8        0x0 obj/default/hello_world.o
 .bss           0x02809bc8        0x0 c:/altera/13.0sp1/nios2eds/bin/gnu/h-i686-mingw32/bin/../lib/gcc/nios2-elf/4.1.2/../../../../nios2-elf/lib/mno-hw-mul\libc.a(lib_a-puts.o)
 .bss           0x02809bc8        0x0 c:/altera/13.0sp1/nios2eds/bin/gnu/h-i686-mingw32/bin/../lib/gcc/nios2-elf/4.1.2/../../../../nios2-elf/lib/mno-hw-mul\libc.a(lib_a-strlen.o)
 .bss           0x02809bc8        0x0 c:/altera/13.0sp1/nios2eds/bin/gnu/h-i686-mingw32/bin/../lib/gcc/nios2-elf/4.1.2/../../../../nios2-elf/lib/mno-hw-mul\libc.a(lib_a-fvwrite.o)
 .bss           0x02809bc8        0x0 c:/altera/13.0sp1/nios2eds/bin/gnu/h-i686-mingw32/bin/../lib/gcc/nios2-elf/4.1.2/../../../../nios2-elf/lib/mno-hw-mul\libc.a(lib_a-impure.o)
 .bss           0x02809bc8       0x28 c:/altera/13.0sp1/nios2eds/bin/gnu/h-i686-mingw32/bin/../lib/gcc/nios2-elf/4.1.2/../../../../nios2-elf/lib/mno-hw-mul\libc.a(lib_a-mallocr.o)
                0x02809bc8                __malloc_current_mallinfo
 .bss           0x02809bf0        0x0 c:/altera/13.0sp1/nios2eds/bin/gnu/h-i686-mingw32/bin/../lib/gcc/nios2-elf/4.1.2/../../../../nios2-elf/lib/mno-hw-mul\libc.a(lib_a-memchr.o)
 .bss           0x02809bf0        0x0 c:/altera/13.0sp1/nios2eds/bin/gnu/h-i686-mingw32/bin/../lib/gcc/nios2-elf/4.1.2/../../../../nios2-elf/lib/mno-hw-mul\libc.a(lib_a-memcpy.o)
 .bss           0x02809bf0        0x0 c:/altera/13.0sp1/nios2eds/bin/gnu/h-i686-mingw32/bin/../lib/gcc/nios2-elf/4.1.2/../../../../nios2-elf/lib/mno-hw-mul\libc.a(lib_a-memmove.o)
 .bss           0x02809bf0        0x0 c:/altera/13.0sp1/nios2eds/bin/gnu/h-i686-mingw32/bin/../lib/gcc/nios2-elf/4.1.2/../../../../nios2-elf/lib/mno-hw-mul\libc.a(lib_a-reallocr.o)
 .bss           0x02809bf0        0x0 c:/altera/13.0sp1/nios2eds/bin/gnu/h-i686-mingw32/bin/../lib/gcc/nios2-elf/4.1.2/../../../../nios2-elf/lib/mno-hw-mul\libc.a(lib_a-sbrkr.o)
 .bss           0x02809bf0        0x0 c:/altera/13.0sp1/nios2eds/bin/gnu/h-i686-mingw32/bin/../lib/gcc/nios2-elf/4.1.2/../../../../nios2-elf/lib/mno-hw-mul\libc.a(lib_a-wsetup.o)
 .bss           0x02809bf0        0x0 c:/altera/13.0sp1/nios2eds/bin/gnu/h-i686-mingw32/bin/../lib/gcc/nios2-elf/4.1.2/../../../../nios2-elf/lib/mno-hw-mul\libc.a(lib_a-fflush.o)
 .bss           0x02809bf0        0x0 c:/altera/13.0sp1/nios2eds/bin/gnu/h-i686-mingw32/bin/../lib/gcc/nios2-elf/4.1.2/../../../../nios2-elf/lib/mno-hw-mul\libc.a(lib_a-findfp.o)
 .bss           0x02809bf0        0x0 c:/altera/13.0sp1/nios2eds/bin/gnu/h-i686-mingw32/bin/../lib/gcc/nios2-elf/4.1.2/../../../../nios2-elf/lib/mno-hw-mul\libc.a(lib_a-freer.o)
 .bss           0x02809bf0        0x0 c:/altera/13.0sp1/nios2eds/bin/gnu/h-i686-mingw32/bin/../lib/gcc/nios2-elf/4.1.2/../../../../nios2-elf/lib/mno-hw-mul\libc.a(lib_a-fwalk.o)
 .bss           0x02809bf0        0x0 c:/altera/13.0sp1/nios2eds/bin/gnu/h-i686-mingw32/bin/../lib/gcc/nios2-elf/4.1.2/../../../../nios2-elf/lib/mno-hw-mul\libc.a(lib_a-int_errno.o)
 .bss           0x02809bf0        0x0 c:/altera/13.0sp1/nios2eds/bin/gnu/h-i686-mingw32/bin/../lib/gcc/nios2-elf/4.1.2/../../../../nios2-elf/lib/mno-hw-mul\libc.a(lib_a-makebuf.o)
 .bss           0x02809bf0        0x0 c:/altera/13.0sp1/nios2eds/bin/gnu/h-i686-mingw32/bin/../lib/gcc/nios2-elf/4.1.2/../../../../nios2-elf/lib/mno-hw-mul\libc.a(lib_a-memset.o)
 .bss           0x02809bf0        0x0 c:/altera/13.0sp1/nios2eds/bin/gnu/h-i686-mingw32/bin/../lib/gcc/nios2-elf/4.1.2/../../../../nios2-elf/lib/mno-hw-mul\libc.a(lib_a-stdio.o)
 .bss           0x02809bf0        0x0 c:/altera/13.0sp1/nios2eds/bin/gnu/h-i686-mingw32/bin/../lib/gcc/nios2-elf/4.1.2/../../../../nios2-elf/lib/mno-hw-mul\libc.a(lib_a-writer.o)
 .bss           0x02809bf0        0x0 c:/altera/13.0sp1/nios2eds/bin/gnu/h-i686-mingw32/bin/../lib/gcc/nios2-elf/4.1.2/../../../../nios2-elf/lib/mno-hw-mul\libc.a(lib_a-closer.o)
 .bss           0x02809bf0        0x0 c:/altera/13.0sp1/nios2eds/bin/gnu/h-i686-mingw32/bin/../lib/gcc/nios2-elf/4.1.2/../../../../nios2-elf/lib/mno-hw-mul\libc.a(lib_a-fclose.o)
 .bss           0x02809bf0        0x0 c:/altera/13.0sp1/nios2eds/bin/gnu/h-i686-mingw32/bin/../lib/gcc/nios2-elf/4.1.2/../../../../nios2-elf/lib/mno-hw-mul\libc.a(lib_a-fstatr.o)
 .bss           0x02809bf0        0x0 c:/altera/13.0sp1/nios2eds/bin/gnu/h-i686-mingw32/bin/../lib/gcc/nios2-elf/4.1.2/../../../../nios2-elf/lib/mno-hw-mul\libc.a(lib_a-isattyr.o)
 .bss           0x02809bf0        0x0 c:/altera/13.0sp1/nios2eds/bin/gnu/h-i686-mingw32/bin/../lib/gcc/nios2-elf/4.1.2/../../../../nios2-elf/lib/mno-hw-mul\libc.a(lib_a-lseekr.o)
 .bss           0x02809bf0        0x0 c:/altera/13.0sp1/nios2eds/bin/gnu/h-i686-mingw32/bin/../lib/gcc/nios2-elf/4.1.2/../../../../nios2-elf/lib/mno-hw-mul\libc.a(lib_a-readr.o)
 .bss           0x02809bf0        0x0 c:/altera/13.0sp1/nios2eds/bin/gnu/h-i686-mingw32/bin/../lib/gcc/nios2-elf/4.1.2/mno-hw-mul\libgcc.a(lib2-mul.o)
 .bss           0x02809bf0        0x0 ../hw4_bsp/\libhal_bsp.a(alt_close.o)
 .bss           0x02809bf0        0x0 ../hw4_bsp/\libhal_bsp.a(alt_dev.o)
 .bss           0x02809bf0        0x0 ../hw4_bsp/\libhal_bsp.a(alt_errno.o)
 .bss           0x02809bf0        0x0 ../hw4_bsp/\libhal_bsp.a(alt_fstat.o)
 .bss           0x02809bf0        0x0 ../hw4_bsp/\libhal_bsp.a(alt_isatty.o)
 .bss           0x02809bf0        0x0 ../hw4_bsp/\libhal_bsp.a(alt_load.o)
 .bss           0x02809bf0        0x0 ../hw4_bsp/\libhal_bsp.a(alt_lseek.o)
 .bss           0x02809bf0        0x0 ../hw4_bsp/\libhal_bsp.a(alt_main.o)
 .bss           0x02809bf0        0x0 ../hw4_bsp/\libhal_bsp.a(alt_malloc_lock.o)
 .bss           0x02809bf0        0x0 ../hw4_bsp/\libhal_bsp.a(alt_read.o)
 .bss           0x02809bf0        0x0 ../hw4_bsp/\libhal_bsp.a(alt_release_fd.o)
 .bss           0x02809bf0        0x0 ../hw4_bsp/\libhal_bsp.a(alt_sbrk.o)
 .bss           0x02809bf0        0x0 ../hw4_bsp/\libhal_bsp.a(alt_write.o)
 .bss           0x02809bf0        0x0 ../hw4_bsp/\libhal_bsp.a(alt_sys_init.o)
 .bss           0x02809bf0        0x0 ../hw4_bsp/\libhal_bsp.a(altera_avalon_dma.o)
 .bss           0x02809bf0        0x0 ../hw4_bsp/\libhal_bsp.a(altera_avalon_jtag_uart_fd.o)
 .bss           0x02809bf0        0x0 ../hw4_bsp/\libhal_bsp.a(altera_avalon_jtag_uart_init.o)
 .bss           0x02809bf0        0x0 ../hw4_bsp/\libhal_bsp.a(altera_avalon_jtag_uart_ioctl.o)
 .bss           0x02809bf0        0x0 ../hw4_bsp/\libhal_bsp.a(altera_avalon_jtag_uart_read.o)
 .bss           0x02809bf0        0x0 ../hw4_bsp/\libhal_bsp.a(altera_avalon_jtag_uart_write.o)
 .bss           0x02809bf0        0x0 ../hw4_bsp/\libhal_bsp.a(altera_avalon_timer_vars.o)
 .bss           0x02809bf0        0x0 ../hw4_bsp/\libhal_bsp.a(alt_alarm_start.o)
 .bss           0x02809bf0        0x0 ../hw4_bsp/\libhal_bsp.a(alt_dcache_flush_all.o)
 .bss           0x02809bf0        0x0 ../hw4_bsp/\libhal_bsp.a(alt_dev_llist_insert.o)
 .bss           0x02809bf0        0x0 ../hw4_bsp/\libhal_bsp.a(alt_dma_rxchan_open.o)
 .bss           0x02809bf0        0x0 ../hw4_bsp/\libhal_bsp.a(alt_dma_txchan_open.o)
 .bss           0x02809bf0        0x0 ../hw4_bsp/\libhal_bsp.a(alt_do_ctors.o)
 .bss           0x02809bf0        0x0 ../hw4_bsp/\libhal_bsp.a(alt_do_dtors.o)
 .bss           0x02809bf0        0x0 ../hw4_bsp/\libhal_bsp.a(alt_find_dev.o)
 .bss           0x02809bf0        0x0 ../hw4_bsp/\libhal_bsp.a(alt_icache_flush_all.o)
 .bss           0x02809bf0        0x0 ../hw4_bsp/\libhal_bsp.a(alt_iic.o)
 .bss           0x02809bf0        0x0 ../hw4_bsp/\libhal_bsp.a(alt_iic_isr_register.o)
 .bss           0x02809bf0        0x0 ../hw4_bsp/\libhal_bsp.a(alt_io_redirect.o)
 .bss           0x02809bf0        0x0 ../hw4_bsp/\libhal_bsp.a(alt_irq_entry.o)
 .bss           0x02809bf0        0x0 ../hw4_bsp/\libhal_bsp.a(alt_irq_handler.o)
 .bss           0x02809bf0        0x0 ../hw4_bsp/\libhal_bsp.a(alt_irq_vars.o)
 .bss           0x02809bf0        0x0 ../hw4_bsp/\libhal_bsp.a(alt_open.o)
 .bss           0x02809bf0        0x0 ../hw4_bsp/\libhal_bsp.a(alt_tick.o)
 .bss           0x02809bf0        0x0 ../hw4_bsp/\libhal_bsp.a(altera_nios2_qsys_irq.o)
 .bss           0x02809bf0        0x0 ../hw4_bsp/\libhal_bsp.a(alt_exception_entry.o)
 .bss           0x02809bf0        0x0 ../hw4_bsp/\libhal_bsp.a(alt_find_file.o)
 .bss           0x02809bf0        0x0 ../hw4_bsp/\libhal_bsp.a(alt_get_fd.o)
 .bss           0x02809bf0        0x0 c:/altera/13.0sp1/nios2eds/bin/gnu/h-i686-mingw32/bin/../lib/gcc/nios2-elf/4.1.2/../../../../nios2-elf/lib/mno-hw-mul\libc.a(lib_a-atexit.o)
 .bss           0x02809bf0        0x0 c:/altera/13.0sp1/nios2eds/bin/gnu/h-i686-mingw32/bin/../lib/gcc/nios2-elf/4.1.2/../../../../nios2-elf/lib/mno-hw-mul\libc.a(lib_a-exit.o)
 .bss           0x02809bf0        0x0 c:/altera/13.0sp1/nios2eds/bin/gnu/h-i686-mingw32/bin/../lib/gcc/nios2-elf/4.1.2/../../../../nios2-elf/lib/mno-hw-mul\libc.a(lib_a-memcmp.o)
 .bss           0x02809bf0        0x0 c:/altera/13.0sp1/nios2eds/bin/gnu/h-i686-mingw32/bin/../lib/gcc/nios2-elf/4.1.2/../../../../nios2-elf/lib/mno-hw-mul\libc.a(lib_a-__atexit.o)
 .bss           0x02809bf0        0x0 c:/altera/13.0sp1/nios2eds/bin/gnu/h-i686-mingw32/bin/../lib/gcc/nios2-elf/4.1.2/../../../../nios2-elf/lib/mno-hw-mul\libc.a(lib_a-__call_atexit.o)
 .bss           0x02809bf0        0x0 ../hw4_bsp/\libhal_bsp.a(alt_exit.o)
 *(COMMON)
 COMMON         0x02809bf0      0x100 ../hw4_bsp/\libhal_bsp.a(alt_irq_handler.o)
                0x02809bf0                alt_irq
 COMMON         0x02809cf0      0x190 c:/altera/13.0sp1/nios2eds/bin/gnu/h-i686-mingw32/bin/../lib/gcc/nios2-elf/4.1.2/../../../../nios2-elf/lib/mno-hw-mul\libc.a(lib_a-atexit.o)
                0x02809cf0                _atexit0
                0x02809e80                . = ALIGN (0x4)
                0x02809e80                __bss_end = ABSOLUTE (.)

.sdram_ctrl     0x02809e80        0x0
                0x02809e80                PROVIDE (_alt_partition_sdram_ctrl_start, ABSOLUTE (.))
 *(.sdram_ctrl. sdram_ctrl.*)
                0x02809e80                . = ALIGN (0x4)
                0x02809e80                PROVIDE (_alt_partition_sdram_ctrl_end, ABSOLUTE (.))
                0x02809e80                _end = ABSOLUTE (.)
                0x02809e80                end = ABSOLUTE (.)
                0x02809e80                __alt_stack_base = ABSOLUTE (.)
                0x02809e80                PROVIDE (_alt_partition_sdram_ctrl_load_addr, LOADADDR (.sdram_ctrl))

.stab
 *(.stab)

.stabstr
 *(.stabstr)

.stab.excl
 *(.stab.excl)

.stab.exclstr
 *(.stab.exclstr)

.stab.index
 *(.stab.index)

.stab.indexstr
 *(.stab.indexstr)

.comment        0x00000000       0x26
 *(.comment)
 .comment       0x00000000       0x26 obj/default/hello_world.o
                                 0x27 (size before relaxing)
 .comment       0x00000000       0x27 c:/altera/13.0sp1/nios2eds/bin/gnu/h-i686-mingw32/bin/../lib/gcc/nios2-elf/4.1.2/../../../../nios2-elf/lib/mno-hw-mul\libc.a(lib_a-puts.o)
 .comment       0x00000000       0x27 c:/altera/13.0sp1/nios2eds/bin/gnu/h-i686-mingw32/bin/../lib/gcc/nios2-elf/4.1.2/../../../../nios2-elf/lib/mno-hw-mul\libc.a(lib_a-strlen.o)
 .comment       0x00000000       0x27 c:/altera/13.0sp1/nios2eds/bin/gnu/h-i686-mingw32/bin/../lib/gcc/nios2-elf/4.1.2/../../../../nios2-elf/lib/mno-hw-mul\libc.a(lib_a-fvwrite.o)
 .comment       0x00000000       0x27 c:/altera/13.0sp1/nios2eds/bin/gnu/h-i686-mingw32/bin/../lib/gcc/nios2-elf/4.1.2/../../../../nios2-elf/lib/mno-hw-mul\libc.a(lib_a-impure.o)
 .comment       0x00000000       0x27 c:/altera/13.0sp1/nios2eds/bin/gnu/h-i686-mingw32/bin/../lib/gcc/nios2-elf/4.1.2/../../../../nios2-elf/lib/mno-hw-mul\libc.a(lib_a-mallocr.o)
 .comment       0x00000000       0x27 c:/altera/13.0sp1/nios2eds/bin/gnu/h-i686-mingw32/bin/../lib/gcc/nios2-elf/4.1.2/../../../../nios2-elf/lib/mno-hw-mul\libc.a(lib_a-memchr.o)
 .comment       0x00000000       0x27 c:/altera/13.0sp1/nios2eds/bin/gnu/h-i686-mingw32/bin/../lib/gcc/nios2-elf/4.1.2/../../../../nios2-elf/lib/mno-hw-mul\libc.a(lib_a-memcpy.o)
 .comment       0x00000000       0x27 c:/altera/13.0sp1/nios2eds/bin/gnu/h-i686-mingw32/bin/../lib/gcc/nios2-elf/4.1.2/../../../../nios2-elf/lib/mno-hw-mul\libc.a(lib_a-memmove.o)
 .comment       0x00000000       0x27 c:/altera/13.0sp1/nios2eds/bin/gnu/h-i686-mingw32/bin/../lib/gcc/nios2-elf/4.1.2/../../../../nios2-elf/lib/mno-hw-mul\libc.a(lib_a-reallocr.o)
 .comment       0x00000000       0x27 c:/altera/13.0sp1/nios2eds/bin/gnu/h-i686-mingw32/bin/../lib/gcc/nios2-elf/4.1.2/../../../../nios2-elf/lib/mno-hw-mul\libc.a(lib_a-sbrkr.o)
 .comment       0x00000000       0x27 c:/altera/13.0sp1/nios2eds/bin/gnu/h-i686-mingw32/bin/../lib/gcc/nios2-elf/4.1.2/../../../../nios2-elf/lib/mno-hw-mul\libc.a(lib_a-wsetup.o)
 .comment       0x00000000       0x27 c:/altera/13.0sp1/nios2eds/bin/gnu/h-i686-mingw32/bin/../lib/gcc/nios2-elf/4.1.2/../../../../nios2-elf/lib/mno-hw-mul\libc.a(lib_a-fflush.o)
 .comment       0x00000000       0x27 c:/altera/13.0sp1/nios2eds/bin/gnu/h-i686-mingw32/bin/../lib/gcc/nios2-elf/4.1.2/../../../../nios2-elf/lib/mno-hw-mul\libc.a(lib_a-findfp.o)
 .comment       0x00000000       0x27 c:/altera/13.0sp1/nios2eds/bin/gnu/h-i686-mingw32/bin/../lib/gcc/nios2-elf/4.1.2/../../../../nios2-elf/lib/mno-hw-mul\libc.a(lib_a-freer.o)
 .comment       0x00000000       0x27 c:/altera/13.0sp1/nios2eds/bin/gnu/h-i686-mingw32/bin/../lib/gcc/nios2-elf/4.1.2/../../../../nios2-elf/lib/mno-hw-mul\libc.a(lib_a-fwalk.o)
 .comment       0x00000000       0x27 c:/altera/13.0sp1/nios2eds/bin/gnu/h-i686-mingw32/bin/../lib/gcc/nios2-elf/4.1.2/../../../../nios2-elf/lib/mno-hw-mul\libc.a(lib_a-int_errno.o)
 .comment       0x00000000       0x27 c:/altera/13.0sp1/nios2eds/bin/gnu/h-i686-mingw32/bin/../lib/gcc/nios2-elf/4.1.2/../../../../nios2-elf/lib/mno-hw-mul\libc.a(lib_a-makebuf.o)
 .comment       0x00000000       0x27 c:/altera/13.0sp1/nios2eds/bin/gnu/h-i686-mingw32/bin/../lib/gcc/nios2-elf/4.1.2/../../../../nios2-elf/lib/mno-hw-mul\libc.a(lib_a-memset.o)
 .comment       0x00000000       0x27 c:/altera/13.0sp1/nios2eds/bin/gnu/h-i686-mingw32/bin/../lib/gcc/nios2-elf/4.1.2/../../../../nios2-elf/lib/mno-hw-mul\libc.a(lib_a-stdio.o)
 .comment       0x00000000       0x27 c:/altera/13.0sp1/nios2eds/bin/gnu/h-i686-mingw32/bin/../lib/gcc/nios2-elf/4.1.2/../../../../nios2-elf/lib/mno-hw-mul\libc.a(lib_a-writer.o)
 .comment       0x00000000       0x27 c:/altera/13.0sp1/nios2eds/bin/gnu/h-i686-mingw32/bin/../lib/gcc/nios2-elf/4.1.2/../../../../nios2-elf/lib/mno-hw-mul\libc.a(lib_a-closer.o)
 .comment       0x00000000       0x27 c:/altera/13.0sp1/nios2eds/bin/gnu/h-i686-mingw32/bin/../lib/gcc/nios2-elf/4.1.2/../../../../nios2-elf/lib/mno-hw-mul\libc.a(lib_a-fclose.o)
 .comment       0x00000000       0x27 c:/altera/13.0sp1/nios2eds/bin/gnu/h-i686-mingw32/bin/../lib/gcc/nios2-elf/4.1.2/../../../../nios2-elf/lib/mno-hw-mul\libc.a(lib_a-fstatr.o)
 .comment       0x00000000       0x27 c:/altera/13.0sp1/nios2eds/bin/gnu/h-i686-mingw32/bin/../lib/gcc/nios2-elf/4.1.2/../../../../nios2-elf/lib/mno-hw-mul\libc.a(lib_a-isattyr.o)
 .comment       0x00000000       0x27 c:/altera/13.0sp1/nios2eds/bin/gnu/h-i686-mingw32/bin/../lib/gcc/nios2-elf/4.1.2/../../../../nios2-elf/lib/mno-hw-mul\libc.a(lib_a-lseekr.o)
 .comment       0x00000000       0x27 c:/altera/13.0sp1/nios2eds/bin/gnu/h-i686-mingw32/bin/../lib/gcc/nios2-elf/4.1.2/../../../../nios2-elf/lib/mno-hw-mul\libc.a(lib_a-readr.o)
 .comment       0x00000000       0x27 c:/altera/13.0sp1/nios2eds/bin/gnu/h-i686-mingw32/bin/../lib/gcc/nios2-elf/4.1.2/mno-hw-mul\libgcc.a(lib2-mul.o)
 .comment       0x00000000       0x27 ../hw4_bsp/\libhal_bsp.a(alt_close.o)
 .comment       0x00000000       0x27 ../hw4_bsp/\libhal_bsp.a(alt_dev.o)
 .comment       0x00000000       0x27 ../hw4_bsp/\libhal_bsp.a(alt_errno.o)
 .comment       0x00000000       0x27 ../hw4_bsp/\libhal_bsp.a(alt_fstat.o)
 .comment       0x00000000       0x27 ../hw4_bsp/\libhal_bsp.a(alt_isatty.o)
 .comment       0x00000000       0x27 ../hw4_bsp/\libhal_bsp.a(alt_load.o)
 .comment       0x00000000       0x27 ../hw4_bsp/\libhal_bsp.a(alt_lseek.o)
 .comment       0x00000000       0x27 ../hw4_bsp/\libhal_bsp.a(alt_main.o)
 .comment       0x00000000       0x27 ../hw4_bsp/\libhal_bsp.a(alt_malloc_lock.o)
 .comment       0x00000000       0x27 ../hw4_bsp/\libhal_bsp.a(alt_read.o)
 .comment       0x00000000       0x27 ../hw4_bsp/\libhal_bsp.a(alt_release_fd.o)
 .comment       0x00000000       0x27 ../hw4_bsp/\libhal_bsp.a(alt_sbrk.o)
 .comment       0x00000000       0x27 ../hw4_bsp/\libhal_bsp.a(alt_write.o)
 .comment       0x00000000       0x27 ../hw4_bsp/\libhal_bsp.a(alt_sys_init.o)
 .comment       0x00000000       0x27 ../hw4_bsp/\libhal_bsp.a(altera_avalon_dma.o)
 .comment       0x00000000       0x27 ../hw4_bsp/\libhal_bsp.a(altera_avalon_jtag_uart_fd.o)
 .comment       0x00000000       0x27 ../hw4_bsp/\libhal_bsp.a(altera_avalon_jtag_uart_init.o)
 .comment       0x00000000       0x27 ../hw4_bsp/\libhal_bsp.a(altera_avalon_jtag_uart_ioctl.o)
 .comment       0x00000000       0x27 ../hw4_bsp/\libhal_bsp.a(altera_avalon_jtag_uart_read.o)
 .comment       0x00000000       0x27 ../hw4_bsp/\libhal_bsp.a(altera_avalon_jtag_uart_write.o)
 .comment       0x00000000       0x27 ../hw4_bsp/\libhal_bsp.a(altera_avalon_timer_vars.o)
 .comment       0x00000000       0x27 ../hw4_bsp/\libhal_bsp.a(alt_alarm_start.o)
 .comment       0x00000000       0x27 ../hw4_bsp/\libhal_bsp.a(alt_dcache_flush_all.o)
 .comment       0x00000000       0x27 ../hw4_bsp/\libhal_bsp.a(alt_dev_llist_insert.o)
 .comment       0x00000000       0x27 ../hw4_bsp/\libhal_bsp.a(alt_dma_rxchan_open.o)
 .comment       0x00000000       0x27 ../hw4_bsp/\libhal_bsp.a(alt_dma_txchan_open.o)
 .comment       0x00000000       0x27 ../hw4_bsp/\libhal_bsp.a(alt_do_ctors.o)
 .comment       0x00000000       0x27 ../hw4_bsp/\libhal_bsp.a(alt_do_dtors.o)
 .comment       0x00000000       0x27 ../hw4_bsp/\libhal_bsp.a(alt_find_dev.o)
 .comment       0x00000000       0x27 ../hw4_bsp/\libhal_bsp.a(alt_icache_flush_all.o)
 .comment       0x00000000       0x27 ../hw4_bsp/\libhal_bsp.a(alt_iic.o)
 .comment       0x00000000       0x27 ../hw4_bsp/\libhal_bsp.a(alt_iic_isr_register.o)
 .comment       0x00000000       0x27 ../hw4_bsp/\libhal_bsp.a(alt_io_redirect.o)
 .comment       0x00000000       0x27 ../hw4_bsp/\libhal_bsp.a(alt_irq_handler.o)
 .comment       0x00000000       0x27 ../hw4_bsp/\libhal_bsp.a(alt_irq_vars.o)
 .comment       0x00000000       0x27 ../hw4_bsp/\libhal_bsp.a(alt_open.o)
 .comment       0x00000000       0x27 ../hw4_bsp/\libhal_bsp.a(alt_tick.o)
 .comment       0x00000000       0x27 ../hw4_bsp/\libhal_bsp.a(altera_nios2_qsys_irq.o)
 .comment       0x00000000       0x27 ../hw4_bsp/\libhal_bsp.a(alt_find_file.o)
 .comment       0x00000000       0x27 ../hw4_bsp/\libhal_bsp.a(alt_get_fd.o)
 .comment       0x00000000       0x27 c:/altera/13.0sp1/nios2eds/bin/gnu/h-i686-mingw32/bin/../lib/gcc/nios2-elf/4.1.2/../../../../nios2-elf/lib/mno-hw-mul\libc.a(lib_a-atexit.o)
 .comment       0x00000000       0x27 c:/altera/13.0sp1/nios2eds/bin/gnu/h-i686-mingw32/bin/../lib/gcc/nios2-elf/4.1.2/../../../../nios2-elf/lib/mno-hw-mul\libc.a(lib_a-exit.o)
 .comment       0x00000000       0x27 c:/altera/13.0sp1/nios2eds/bin/gnu/h-i686-mingw32/bin/../lib/gcc/nios2-elf/4.1.2/../../../../nios2-elf/lib/mno-hw-mul\libc.a(lib_a-memcmp.o)
 .comment       0x00000000       0x27 c:/altera/13.0sp1/nios2eds/bin/gnu/h-i686-mingw32/bin/../lib/gcc/nios2-elf/4.1.2/../../../../nios2-elf/lib/mno-hw-mul\libc.a(lib_a-__atexit.o)
 .comment       0x00000000       0x27 c:/altera/13.0sp1/nios2eds/bin/gnu/h-i686-mingw32/bin/../lib/gcc/nios2-elf/4.1.2/../../../../nios2-elf/lib/mno-hw-mul\libc.a(lib_a-__call_atexit.o)
 .comment       0x00000000       0x27 ../hw4_bsp/\libhal_bsp.a(alt_exit.o)

.debug
 *(.debug)

.line
 *(.line)

.debug_srcinfo
 *(.debug_srcinfo)

.debug_sfnames
 *(.debug_sfnames)

.debug_aranges  0x00000000      0x938
 *(.debug_aranges)
 .debug_aranges
                0x00000000       0x28 ../hw4_bsp//obj/HAL/src/crt0.o
 .debug_aranges
                0x00000028       0x20 obj/default/hello_world.o
 .debug_aranges
                0x00000048       0x20 c:/altera/13.0sp1/nios2eds/bin/gnu/h-i686-mingw32/bin/../lib/gcc/nios2-elf/4.1.2/../../../../nios2-elf/lib/mno-hw-mul\libc.a(lib_a-puts.o)
 .debug_aranges
                0x00000068       0x20 c:/altera/13.0sp1/nios2eds/bin/gnu/h-i686-mingw32/bin/../lib/gcc/nios2-elf/4.1.2/../../../../nios2-elf/lib/mno-hw-mul\libc.a(lib_a-strlen.o)
 .debug_aranges
                0x00000088       0x20 c:/altera/13.0sp1/nios2eds/bin/gnu/h-i686-mingw32/bin/../lib/gcc/nios2-elf/4.1.2/../../../../nios2-elf/lib/mno-hw-mul\libc.a(lib_a-fvwrite.o)
 .debug_aranges
                0x000000a8       0x20 c:/altera/13.0sp1/nios2eds/bin/gnu/h-i686-mingw32/bin/../lib/gcc/nios2-elf/4.1.2/../../../../nios2-elf/lib/mno-hw-mul\libc.a(lib_a-mallocr.o)
 .debug_aranges
                0x000000c8       0x20 c:/altera/13.0sp1/nios2eds/bin/gnu/h-i686-mingw32/bin/../lib/gcc/nios2-elf/4.1.2/../../../../nios2-elf/lib/mno-hw-mul\libc.a(lib_a-memchr.o)
 .debug_aranges
                0x000000e8       0x20 c:/altera/13.0sp1/nios2eds/bin/gnu/h-i686-mingw32/bin/../lib/gcc/nios2-elf/4.1.2/../../../../nios2-elf/lib/mno-hw-mul\libc.a(lib_a-memcpy.o)
 .debug_aranges
                0x00000108       0x20 c:/altera/13.0sp1/nios2eds/bin/gnu/h-i686-mingw32/bin/../lib/gcc/nios2-elf/4.1.2/../../../../nios2-elf/lib/mno-hw-mul\libc.a(lib_a-memmove.o)
 .debug_aranges
                0x00000128       0x20 c:/altera/13.0sp1/nios2eds/bin/gnu/h-i686-mingw32/bin/../lib/gcc/nios2-elf/4.1.2/../../../../nios2-elf/lib/mno-hw-mul\libc.a(lib_a-reallocr.o)
 .debug_aranges
                0x00000148       0x20 c:/altera/13.0sp1/nios2eds/bin/gnu/h-i686-mingw32/bin/../lib/gcc/nios2-elf/4.1.2/../../../../nios2-elf/lib/mno-hw-mul\libc.a(lib_a-sbrkr.o)
 .debug_aranges
                0x00000168       0x20 c:/altera/13.0sp1/nios2eds/bin/gnu/h-i686-mingw32/bin/../lib/gcc/nios2-elf/4.1.2/../../../../nios2-elf/lib/mno-hw-mul\libc.a(lib_a-wsetup.o)
 .debug_aranges
                0x00000188       0x20 c:/altera/13.0sp1/nios2eds/bin/gnu/h-i686-mingw32/bin/../lib/gcc/nios2-elf/4.1.2/../../../../nios2-elf/lib/mno-hw-mul\libc.a(lib_a-fflush.o)
 .debug_aranges
                0x000001a8       0x20 c:/altera/13.0sp1/nios2eds/bin/gnu/h-i686-mingw32/bin/../lib/gcc/nios2-elf/4.1.2/../../../../nios2-elf/lib/mno-hw-mul\libc.a(lib_a-findfp.o)
 .debug_aranges
                0x000001c8       0x20 c:/altera/13.0sp1/nios2eds/bin/gnu/h-i686-mingw32/bin/../lib/gcc/nios2-elf/4.1.2/../../../../nios2-elf/lib/mno-hw-mul\libc.a(lib_a-freer.o)
 .debug_aranges
                0x000001e8       0x20 c:/altera/13.0sp1/nios2eds/bin/gnu/h-i686-mingw32/bin/../lib/gcc/nios2-elf/4.1.2/../../../../nios2-elf/lib/mno-hw-mul\libc.a(lib_a-fwalk.o)
 .debug_aranges
                0x00000208       0x20 c:/altera/13.0sp1/nios2eds/bin/gnu/h-i686-mingw32/bin/../lib/gcc/nios2-elf/4.1.2/../../../../nios2-elf/lib/mno-hw-mul\libc.a(lib_a-makebuf.o)
 .debug_aranges
                0x00000228       0x20 c:/altera/13.0sp1/nios2eds/bin/gnu/h-i686-mingw32/bin/../lib/gcc/nios2-elf/4.1.2/../../../../nios2-elf/lib/mno-hw-mul\libc.a(lib_a-memset.o)
 .debug_aranges
                0x00000248       0x20 c:/altera/13.0sp1/nios2eds/bin/gnu/h-i686-mingw32/bin/../lib/gcc/nios2-elf/4.1.2/../../../../nios2-elf/lib/mno-hw-mul\libc.a(lib_a-stdio.o)
 .debug_aranges
                0x00000268       0x20 c:/altera/13.0sp1/nios2eds/bin/gnu/h-i686-mingw32/bin/../lib/gcc/nios2-elf/4.1.2/../../../../nios2-elf/lib/mno-hw-mul\libc.a(lib_a-writer.o)
 .debug_aranges
                0x00000288       0x20 c:/altera/13.0sp1/nios2eds/bin/gnu/h-i686-mingw32/bin/../lib/gcc/nios2-elf/4.1.2/../../../../nios2-elf/lib/mno-hw-mul\libc.a(lib_a-closer.o)
 .debug_aranges
                0x000002a8       0x20 c:/altera/13.0sp1/nios2eds/bin/gnu/h-i686-mingw32/bin/../lib/gcc/nios2-elf/4.1.2/../../../../nios2-elf/lib/mno-hw-mul\libc.a(lib_a-fclose.o)
 .debug_aranges
                0x000002c8       0x20 c:/altera/13.0sp1/nios2eds/bin/gnu/h-i686-mingw32/bin/../lib/gcc/nios2-elf/4.1.2/../../../../nios2-elf/lib/mno-hw-mul\libc.a(lib_a-fstatr.o)
 .debug_aranges
                0x000002e8       0x20 c:/altera/13.0sp1/nios2eds/bin/gnu/h-i686-mingw32/bin/../lib/gcc/nios2-elf/4.1.2/../../../../nios2-elf/lib/mno-hw-mul\libc.a(lib_a-isattyr.o)
 .debug_aranges
                0x00000308       0x20 c:/altera/13.0sp1/nios2eds/bin/gnu/h-i686-mingw32/bin/../lib/gcc/nios2-elf/4.1.2/../../../../nios2-elf/lib/mno-hw-mul\libc.a(lib_a-lseekr.o)
 .debug_aranges
                0x00000328       0x20 c:/altera/13.0sp1/nios2eds/bin/gnu/h-i686-mingw32/bin/../lib/gcc/nios2-elf/4.1.2/../../../../nios2-elf/lib/mno-hw-mul\libc.a(lib_a-readr.o)
 .debug_aranges
                0x00000348       0x20 c:/altera/13.0sp1/nios2eds/bin/gnu/h-i686-mingw32/bin/../lib/gcc/nios2-elf/4.1.2/mno-hw-mul\libgcc.a(lib2-mul.o)
 .debug_aranges
                0x00000368       0x20 ../hw4_bsp/\libhal_bsp.a(alt_close.o)
 .debug_aranges
                0x00000388       0x20 ../hw4_bsp/\libhal_bsp.a(alt_dev.o)
 .debug_aranges
                0x000003a8       0x20 ../hw4_bsp/\libhal_bsp.a(alt_fstat.o)
 .debug_aranges
                0x000003c8       0x20 ../hw4_bsp/\libhal_bsp.a(alt_isatty.o)
 .debug_aranges
                0x000003e8       0x20 ../hw4_bsp/\libhal_bsp.a(alt_load.o)
 .debug_aranges
                0x00000408       0x20 ../hw4_bsp/\libhal_bsp.a(alt_lseek.o)
 .debug_aranges
                0x00000428       0x20 ../hw4_bsp/\libhal_bsp.a(alt_main.o)
 .debug_aranges
                0x00000448       0x20 ../hw4_bsp/\libhal_bsp.a(alt_malloc_lock.o)
 .debug_aranges
                0x00000468       0x20 ../hw4_bsp/\libhal_bsp.a(alt_read.o)
 .debug_aranges
                0x00000488       0x20 ../hw4_bsp/\libhal_bsp.a(alt_release_fd.o)
 .debug_aranges
                0x000004a8       0x20 ../hw4_bsp/\libhal_bsp.a(alt_sbrk.o)
 .debug_aranges
                0x000004c8       0x20 ../hw4_bsp/\libhal_bsp.a(alt_write.o)
 .debug_aranges
                0x000004e8       0x20 ../hw4_bsp/\libhal_bsp.a(alt_sys_init.o)
 .debug_aranges
                0x00000508       0x20 ../hw4_bsp/\libhal_bsp.a(altera_avalon_dma.o)
 .debug_aranges
                0x00000528       0x20 ../hw4_bsp/\libhal_bsp.a(altera_avalon_jtag_uart_fd.o)
 .debug_aranges
                0x00000548       0x20 ../hw4_bsp/\libhal_bsp.a(altera_avalon_jtag_uart_init.o)
 .debug_aranges
                0x00000568       0x20 ../hw4_bsp/\libhal_bsp.a(altera_avalon_jtag_uart_ioctl.o)
 .debug_aranges
                0x00000588       0x20 ../hw4_bsp/\libhal_bsp.a(altera_avalon_jtag_uart_read.o)
 .debug_aranges
                0x000005a8       0x20 ../hw4_bsp/\libhal_bsp.a(altera_avalon_jtag_uart_write.o)
 .debug_aranges
                0x000005c8       0x20 ../hw4_bsp/\libhal_bsp.a(alt_alarm_start.o)
 .debug_aranges
                0x000005e8       0x20 ../hw4_bsp/\libhal_bsp.a(alt_dcache_flush_all.o)
 .debug_aranges
                0x00000608       0x20 ../hw4_bsp/\libhal_bsp.a(alt_dev_llist_insert.o)
 .debug_aranges
                0x00000628       0x20 ../hw4_bsp/\libhal_bsp.a(alt_dma_rxchan_open.o)
 .debug_aranges
                0x00000648       0x20 ../hw4_bsp/\libhal_bsp.a(alt_dma_txchan_open.o)
 .debug_aranges
                0x00000668       0x20 ../hw4_bsp/\libhal_bsp.a(alt_do_ctors.o)
 .debug_aranges
                0x00000688       0x20 ../hw4_bsp/\libhal_bsp.a(alt_do_dtors.o)
 .debug_aranges
                0x000006a8       0x20 ../hw4_bsp/\libhal_bsp.a(alt_find_dev.o)
 .debug_aranges
                0x000006c8       0x20 ../hw4_bsp/\libhal_bsp.a(alt_icache_flush_all.o)
 .debug_aranges
                0x000006e8       0x20 ../hw4_bsp/\libhal_bsp.a(alt_iic.o)
 .debug_aranges
                0x00000708       0x20 ../hw4_bsp/\libhal_bsp.a(alt_iic_isr_register.o)
 .debug_aranges
                0x00000728       0x20 ../hw4_bsp/\libhal_bsp.a(alt_io_redirect.o)
 .debug_aranges
                0x00000748       0x30 ../hw4_bsp/\libhal_bsp.a(alt_irq_entry.o)
 .debug_aranges
                0x00000778       0x28 ../hw4_bsp/\libhal_bsp.a(alt_irq_handler.o)
 .debug_aranges
                0x000007a0       0x20 ../hw4_bsp/\libhal_bsp.a(alt_open.o)
 .debug_aranges
                0x000007c0       0x20 ../hw4_bsp/\libhal_bsp.a(alt_tick.o)
 .debug_aranges
                0x000007e0       0x20 ../hw4_bsp/\libhal_bsp.a(altera_nios2_qsys_irq.o)
 .debug_aranges
                0x00000800       0x38 ../hw4_bsp/\libhal_bsp.a(alt_exception_entry.o)
 .debug_aranges
                0x00000838       0x20 ../hw4_bsp/\libhal_bsp.a(alt_find_file.o)
 .debug_aranges
                0x00000858       0x20 ../hw4_bsp/\libhal_bsp.a(alt_get_fd.o)
 .debug_aranges
                0x00000878       0x20 c:/altera/13.0sp1/nios2eds/bin/gnu/h-i686-mingw32/bin/../lib/gcc/nios2-elf/4.1.2/../../../../nios2-elf/lib/mno-hw-mul\libc.a(lib_a-atexit.o)
 .debug_aranges
                0x00000898       0x20 c:/altera/13.0sp1/nios2eds/bin/gnu/h-i686-mingw32/bin/../lib/gcc/nios2-elf/4.1.2/../../../../nios2-elf/lib/mno-hw-mul\libc.a(lib_a-exit.o)
 .debug_aranges
                0x000008b8       0x20 c:/altera/13.0sp1/nios2eds/bin/gnu/h-i686-mingw32/bin/../lib/gcc/nios2-elf/4.1.2/../../../../nios2-elf/lib/mno-hw-mul\libc.a(lib_a-memcmp.o)
 .debug_aranges
                0x000008d8       0x20 c:/altera/13.0sp1/nios2eds/bin/gnu/h-i686-mingw32/bin/../lib/gcc/nios2-elf/4.1.2/../../../../nios2-elf/lib/mno-hw-mul\libc.a(lib_a-__atexit.o)
 .debug_aranges
                0x000008f8       0x20 c:/altera/13.0sp1/nios2eds/bin/gnu/h-i686-mingw32/bin/../lib/gcc/nios2-elf/4.1.2/../../../../nios2-elf/lib/mno-hw-mul\libc.a(lib_a-__call_atexit.o)
 .debug_aranges
                0x00000918       0x20 ../hw4_bsp/\libhal_bsp.a(alt_exit.o)

.debug_pubnames
                0x00000000      0xecd
 *(.debug_pubnames)
 .debug_pubnames
                0x00000000       0x2a obj/default/hello_world.o
 .debug_pubnames
                0x0000002a       0x27 c:/altera/13.0sp1/nios2eds/bin/gnu/h-i686-mingw32/bin/../lib/gcc/nios2-elf/4.1.2/../../../../nios2-elf/lib/mno-hw-mul\libc.a(lib_a-puts.o)
 .debug_pubnames
                0x00000051       0x1d c:/altera/13.0sp1/nios2eds/bin/gnu/h-i686-mingw32/bin/../lib/gcc/nios2-elf/4.1.2/../../../../nios2-elf/lib/mno-hw-mul\libc.a(lib_a-strlen.o)
 .debug_pubnames
                0x0000006e       0x23 c:/altera/13.0sp1/nios2eds/bin/gnu/h-i686-mingw32/bin/../lib/gcc/nios2-elf/4.1.2/../../../../nios2-elf/lib/mno-hw-mul\libc.a(lib_a-fvwrite.o)
 .debug_pubnames
                0x00000091       0x39 c:/altera/13.0sp1/nios2eds/bin/gnu/h-i686-mingw32/bin/../lib/gcc/nios2-elf/4.1.2/../../../../nios2-elf/lib/mno-hw-mul\libc.a(lib_a-impure.o)
 .debug_pubnames
                0x000000ca       0xce c:/altera/13.0sp1/nios2eds/bin/gnu/h-i686-mingw32/bin/../lib/gcc/nios2-elf/4.1.2/../../../../nios2-elf/lib/mno-hw-mul\libc.a(lib_a-mallocr.o)
 .debug_pubnames
                0x00000198       0x1d c:/altera/13.0sp1/nios2eds/bin/gnu/h-i686-mingw32/bin/../lib/gcc/nios2-elf/4.1.2/../../../../nios2-elf/lib/mno-hw-mul\libc.a(lib_a-memchr.o)
 .debug_pubnames
                0x000001b5       0x1d c:/altera/13.0sp1/nios2eds/bin/gnu/h-i686-mingw32/bin/../lib/gcc/nios2-elf/4.1.2/../../../../nios2-elf/lib/mno-hw-mul\libc.a(lib_a-memcpy.o)
 .debug_pubnames
                0x000001d2       0x1e c:/altera/13.0sp1/nios2eds/bin/gnu/h-i686-mingw32/bin/../lib/gcc/nios2-elf/4.1.2/../../../../nios2-elf/lib/mno-hw-mul\libc.a(lib_a-memmove.o)
 .debug_pubnames
                0x000001f0       0x21 c:/altera/13.0sp1/nios2eds/bin/gnu/h-i686-mingw32/bin/../lib/gcc/nios2-elf/4.1.2/../../../../nios2-elf/lib/mno-hw-mul\libc.a(lib_a-reallocr.o)
 .debug_pubnames
                0x00000211       0x1e c:/altera/13.0sp1/nios2eds/bin/gnu/h-i686-mingw32/bin/../lib/gcc/nios2-elf/4.1.2/../../../../nios2-elf/lib/mno-hw-mul\libc.a(lib_a-sbrkr.o)
 .debug_pubnames
                0x0000022f       0x22 c:/altera/13.0sp1/nios2eds/bin/gnu/h-i686-mingw32/bin/../lib/gcc/nios2-elf/4.1.2/../../../../nios2-elf/lib/mno-hw-mul\libc.a(lib_a-wsetup.o)
 .debug_pubnames
                0x00000251       0x2b c:/altera/13.0sp1/nios2eds/bin/gnu/h-i686-mingw32/bin/../lib/gcc/nios2-elf/4.1.2/../../../../nios2-elf/lib/mno-hw-mul\libc.a(lib_a-fflush.o)
 .debug_pubnames
                0x0000027c       0xdb c:/altera/13.0sp1/nios2eds/bin/gnu/h-i686-mingw32/bin/../lib/gcc/nios2-elf/4.1.2/../../../../nios2-elf/lib/mno-hw-mul\libc.a(lib_a-findfp.o)
 .debug_pubnames
                0x00000357       0x31 c:/altera/13.0sp1/nios2eds/bin/gnu/h-i686-mingw32/bin/../lib/gcc/nios2-elf/4.1.2/../../../../nios2-elf/lib/mno-hw-mul\libc.a(lib_a-freer.o)
 .debug_pubnames
                0x00000388       0x2e c:/altera/13.0sp1/nios2eds/bin/gnu/h-i686-mingw32/bin/../lib/gcc/nios2-elf/4.1.2/../../../../nios2-elf/lib/mno-hw-mul\libc.a(lib_a-fwalk.o)
 .debug_pubnames
                0x000003b6       0x1c c:/altera/13.0sp1/nios2eds/bin/gnu/h-i686-mingw32/bin/../lib/gcc/nios2-elf/4.1.2/../../../../nios2-elf/lib/mno-hw-mul\libc.a(lib_a-int_errno.o)
 .debug_pubnames
                0x000003d2       0x23 c:/altera/13.0sp1/nios2eds/bin/gnu/h-i686-mingw32/bin/../lib/gcc/nios2-elf/4.1.2/../../../../nios2-elf/lib/mno-hw-mul\libc.a(lib_a-makebuf.o)
 .debug_pubnames
                0x000003f5       0x1d c:/altera/13.0sp1/nios2eds/bin/gnu/h-i686-mingw32/bin/../lib/gcc/nios2-elf/4.1.2/../../../../nios2-elf/lib/mno-hw-mul\libc.a(lib_a-memset.o)
 .debug_pubnames
                0x00000412       0x44 c:/altera/13.0sp1/nios2eds/bin/gnu/h-i686-mingw32/bin/../lib/gcc/nios2-elf/4.1.2/../../../../nios2-elf/lib/mno-hw-mul\libc.a(lib_a-stdio.o)
 .debug_pubnames
                0x00000456       0x1f c:/altera/13.0sp1/nios2eds/bin/gnu/h-i686-mingw32/bin/../lib/gcc/nios2-elf/4.1.2/../../../../nios2-elf/lib/mno-hw-mul\libc.a(lib_a-writer.o)
 .debug_pubnames
                0x00000475       0x1f c:/altera/13.0sp1/nios2eds/bin/gnu/h-i686-mingw32/bin/../lib/gcc/nios2-elf/4.1.2/../../../../nios2-elf/lib/mno-hw-mul\libc.a(lib_a-closer.o)
 .debug_pubnames
                0x00000494       0x2b c:/altera/13.0sp1/nios2eds/bin/gnu/h-i686-mingw32/bin/../lib/gcc/nios2-elf/4.1.2/../../../../nios2-elf/lib/mno-hw-mul\libc.a(lib_a-fclose.o)
 .debug_pubnames
                0x000004bf       0x1f c:/altera/13.0sp1/nios2eds/bin/gnu/h-i686-mingw32/bin/../lib/gcc/nios2-elf/4.1.2/../../../../nios2-elf/lib/mno-hw-mul\libc.a(lib_a-fstatr.o)
 .debug_pubnames
                0x000004de       0x20 c:/altera/13.0sp1/nios2eds/bin/gnu/h-i686-mingw32/bin/../lib/gcc/nios2-elf/4.1.2/../../../../nios2-elf/lib/mno-hw-mul\libc.a(lib_a-isattyr.o)
 .debug_pubnames
                0x000004fe       0x1f c:/altera/13.0sp1/nios2eds/bin/gnu/h-i686-mingw32/bin/../lib/gcc/nios2-elf/4.1.2/../../../../nios2-elf/lib/mno-hw-mul\libc.a(lib_a-lseekr.o)
 .debug_pubnames
                0x0000051d       0x1e c:/altera/13.0sp1/nios2eds/bin/gnu/h-i686-mingw32/bin/../lib/gcc/nios2-elf/4.1.2/../../../../nios2-elf/lib/mno-hw-mul\libc.a(lib_a-readr.o)
 .debug_pubnames
                0x0000053b       0x1f c:/altera/13.0sp1/nios2eds/bin/gnu/h-i686-mingw32/bin/../lib/gcc/nios2-elf/4.1.2/mno-hw-mul\libgcc.a(lib2-mul.o)
 .debug_pubnames
                0x0000055a       0x1c ../hw4_bsp/\libhal_bsp.a(alt_close.o)
 .debug_pubnames
                0x00000576       0x63 ../hw4_bsp/\libhal_bsp.a(alt_dev.o)
 .debug_pubnames
                0x000005d9       0x20 ../hw4_bsp/\libhal_bsp.a(alt_errno.o)
 .debug_pubnames
                0x000005f9       0x1c ../hw4_bsp/\libhal_bsp.a(alt_fstat.o)
 .debug_pubnames
                0x00000615       0x1d ../hw4_bsp/\libhal_bsp.a(alt_isatty.o)
 .debug_pubnames
                0x00000632       0x1f ../hw4_bsp/\libhal_bsp.a(alt_load.o)
 .debug_pubnames
                0x00000651       0x1c ../hw4_bsp/\libhal_bsp.a(alt_lseek.o)
 .debug_pubnames
                0x0000066d       0x46 ../hw4_bsp/\libhal_bsp.a(alt_main.o)
 .debug_pubnames
                0x000006b3       0x38 ../hw4_bsp/\libhal_bsp.a(alt_malloc_lock.o)
 .debug_pubnames
                0x000006eb       0x1b ../hw4_bsp/\libhal_bsp.a(alt_read.o)
 .debug_pubnames
                0x00000706       0x25 ../hw4_bsp/\libhal_bsp.a(alt_release_fd.o)
 .debug_pubnames
                0x0000072b       0x1b ../hw4_bsp/\libhal_bsp.a(alt_sbrk.o)
 .debug_pubnames
                0x00000746       0x1c ../hw4_bsp/\libhal_bsp.a(alt_write.o)
 .debug_pubnames
                0x00000762       0x34 ../hw4_bsp/\libhal_bsp.a(alt_sys_init.o)
 .debug_pubnames
                0x00000796       0xce ../hw4_bsp/\libhal_bsp.a(altera_avalon_dma.o)
 .debug_pubnames
                0x00000864       0xa5 ../hw4_bsp/\libhal_bsp.a(altera_avalon_jtag_uart_fd.o)
 .debug_pubnames
                0x00000909       0x55 ../hw4_bsp/\libhal_bsp.a(altera_avalon_jtag_uart_init.o)
 .debug_pubnames
                0x0000095e       0x34 ../hw4_bsp/\libhal_bsp.a(altera_avalon_jtag_uart_ioctl.o)
 .debug_pubnames
                0x00000992       0x33 ../hw4_bsp/\libhal_bsp.a(altera_avalon_jtag_uart_read.o)
 .debug_pubnames
                0x000009c5       0x34 ../hw4_bsp/\libhal_bsp.a(altera_avalon_jtag_uart_write.o)
 .debug_pubnames
                0x000009f9       0x52 ../hw4_bsp/\libhal_bsp.a(altera_avalon_timer_vars.o)
 .debug_pubnames
                0x00000a4b       0x26 ../hw4_bsp/\libhal_bsp.a(alt_alarm_start.o)
 .debug_pubnames
                0x00000a71       0x2b ../hw4_bsp/\libhal_bsp.a(alt_dcache_flush_all.o)
 .debug_pubnames
                0x00000a9c       0x2b ../hw4_bsp/\libhal_bsp.a(alt_dev_llist_insert.o)
 .debug_pubnames
                0x00000ac7       0x42 ../hw4_bsp/\libhal_bsp.a(alt_dma_rxchan_open.o)
 .debug_pubnames
                0x00000b09       0x42 ../hw4_bsp/\libhal_bsp.a(alt_dma_txchan_open.o)
 .debug_pubnames
                0x00000b4b       0x20 ../hw4_bsp/\libhal_bsp.a(alt_do_ctors.o)
 .debug_pubnames
                0x00000b6b       0x20 ../hw4_bsp/\libhal_bsp.a(alt_do_dtors.o)
 .debug_pubnames
                0x00000b8b       0x23 ../hw4_bsp/\libhal_bsp.a(alt_find_dev.o)
 .debug_pubnames
                0x00000bae       0x2b ../hw4_bsp/\libhal_bsp.a(alt_icache_flush_all.o)
 .debug_pubnames
                0x00000bd9       0x6e ../hw4_bsp/\libhal_bsp.a(alt_iic.o)
 .debug_pubnames
                0x00000c47       0x2b ../hw4_bsp/\libhal_bsp.a(alt_iic_isr_register.o)
 .debug_pubnames
                0x00000c72       0x26 ../hw4_bsp/\libhal_bsp.a(alt_io_redirect.o)
 .debug_pubnames
                0x00000c98       0x32 ../hw4_bsp/\libhal_bsp.a(alt_irq_handler.o)
 .debug_pubnames
                0x00000cca       0x3b ../hw4_bsp/\libhal_bsp.a(alt_irq_vars.o)
 .debug_pubnames
                0x00000d05       0x1b ../hw4_bsp/\libhal_bsp.a(alt_open.o)
 .debug_pubnames
                0x00000d20       0x68 ../hw4_bsp/\libhal_bsp.a(alt_tick.o)
 .debug_pubnames
                0x00000d88       0x31 ../hw4_bsp/\libhal_bsp.a(altera_nios2_qsys_irq.o)
 .debug_pubnames
                0x00000db9       0x24 ../hw4_bsp/\libhal_bsp.a(alt_find_file.o)
 .debug_pubnames
                0x00000ddd       0x21 ../hw4_bsp/\libhal_bsp.a(alt_get_fd.o)
 .debug_pubnames
                0x00000dfe       0x2a c:/altera/13.0sp1/nios2eds/bin/gnu/h-i686-mingw32/bin/../lib/gcc/nios2-elf/4.1.2/../../../../nios2-elf/lib/mno-hw-mul\libc.a(lib_a-atexit.o)
 .debug_pubnames
                0x00000e28       0x1b c:/altera/13.0sp1/nios2eds/bin/gnu/h-i686-mingw32/bin/../lib/gcc/nios2-elf/4.1.2/../../../../nios2-elf/lib/mno-hw-mul\libc.a(lib_a-exit.o)
 .debug_pubnames
                0x00000e43       0x1d c:/altera/13.0sp1/nios2eds/bin/gnu/h-i686-mingw32/bin/../lib/gcc/nios2-elf/4.1.2/../../../../nios2-elf/lib/mno-hw-mul\libc.a(lib_a-memcmp.o)
 .debug_pubnames
                0x00000e60       0x2a c:/altera/13.0sp1/nios2eds/bin/gnu/h-i686-mingw32/bin/../lib/gcc/nios2-elf/4.1.2/../../../../nios2-elf/lib/mno-hw-mul\libc.a(lib_a-__atexit.o)
 .debug_pubnames
                0x00000e8a       0x27 c:/altera/13.0sp1/nios2eds/bin/gnu/h-i686-mingw32/bin/../lib/gcc/nios2-elf/4.1.2/../../../../nios2-elf/lib/mno-hw-mul\libc.a(lib_a-__call_atexit.o)
 .debug_pubnames
                0x00000eb1       0x1c ../hw4_bsp/\libhal_bsp.a(alt_exit.o)

.debug_info     0x00000000    0x1ad19
 *(.debug_info .gnu.linkonce.wi.*)
 .debug_info    0x00000000       0x62 ../hw4_bsp//obj/HAL/src/crt0.o
 .debug_info    0x00000062      0x190 obj/default/hello_world.o
 .debug_info    0x000001f2      0xa25 c:/altera/13.0sp1/nios2eds/bin/gnu/h-i686-mingw32/bin/../lib/gcc/nios2-elf/4.1.2/../../../../nios2-elf/lib/mno-hw-mul\libc.a(lib_a-puts.o)
 .debug_info    0x00000c17       0xdb c:/altera/13.0sp1/nios2eds/bin/gnu/h-i686-mingw32/bin/../lib/gcc/nios2-elf/4.1.2/../../../../nios2-elf/lib/mno-hw-mul\libc.a(lib_a-strlen.o)
 .debug_info    0x00000cf2      0xa88 c:/altera/13.0sp1/nios2eds/bin/gnu/h-i686-mingw32/bin/../lib/gcc/nios2-elf/4.1.2/../../../../nios2-elf/lib/mno-hw-mul\libc.a(lib_a-fvwrite.o)
 .debug_info    0x0000177a      0x93d c:/altera/13.0sp1/nios2eds/bin/gnu/h-i686-mingw32/bin/../lib/gcc/nios2-elf/4.1.2/../../../../nios2-elf/lib/mno-hw-mul\libc.a(lib_a-impure.o)
 .debug_info    0x000020b7      0xcd0 c:/altera/13.0sp1/nios2eds/bin/gnu/h-i686-mingw32/bin/../lib/gcc/nios2-elf/4.1.2/../../../../nios2-elf/lib/mno-hw-mul\libc.a(lib_a-mallocr.o)
 .debug_info    0x00002d87      0x138 c:/altera/13.0sp1/nios2eds/bin/gnu/h-i686-mingw32/bin/../lib/gcc/nios2-elf/4.1.2/../../../../nios2-elf/lib/mno-hw-mul\libc.a(lib_a-memchr.o)
 .debug_info    0x00002ebf      0x106 c:/altera/13.0sp1/nios2eds/bin/gnu/h-i686-mingw32/bin/../lib/gcc/nios2-elf/4.1.2/../../../../nios2-elf/lib/mno-hw-mul\libc.a(lib_a-memcpy.o)
 .debug_info    0x00002fc5      0x13e c:/altera/13.0sp1/nios2eds/bin/gnu/h-i686-mingw32/bin/../lib/gcc/nios2-elf/4.1.2/../../../../nios2-elf/lib/mno-hw-mul\libc.a(lib_a-memmove.o)
 .debug_info    0x00003103      0xbd7 c:/altera/13.0sp1/nios2eds/bin/gnu/h-i686-mingw32/bin/../lib/gcc/nios2-elf/4.1.2/../../../../nios2-elf/lib/mno-hw-mul\libc.a(lib_a-reallocr.o)
 .debug_info    0x00003cda      0x962 c:/altera/13.0sp1/nios2eds/bin/gnu/h-i686-mingw32/bin/../lib/gcc/nios2-elf/4.1.2/../../../../nios2-elf/lib/mno-hw-mul\libc.a(lib_a-sbrkr.o)
 .debug_info    0x0000463c      0x95d c:/altera/13.0sp1/nios2eds/bin/gnu/h-i686-mingw32/bin/../lib/gcc/nios2-elf/4.1.2/../../../../nios2-elf/lib/mno-hw-mul\libc.a(lib_a-wsetup.o)
 .debug_info    0x00004f99      0x9fe c:/altera/13.0sp1/nios2eds/bin/gnu/h-i686-mingw32/bin/../lib/gcc/nios2-elf/4.1.2/../../../../nios2-elf/lib/mno-hw-mul\libc.a(lib_a-fflush.o)
 .debug_info    0x00005997      0xb72 c:/altera/13.0sp1/nios2eds/bin/gnu/h-i686-mingw32/bin/../lib/gcc/nios2-elf/4.1.2/../../../../nios2-elf/lib/mno-hw-mul\libc.a(lib_a-findfp.o)
 .debug_info    0x00006509      0xbc9 c:/altera/13.0sp1/nios2eds/bin/gnu/h-i686-mingw32/bin/../lib/gcc/nios2-elf/4.1.2/../../../../nios2-elf/lib/mno-hw-mul\libc.a(lib_a-freer.o)
 .debug_info    0x000070d2      0xaed c:/altera/13.0sp1/nios2eds/bin/gnu/h-i686-mingw32/bin/../lib/gcc/nios2-elf/4.1.2/../../../../nios2-elf/lib/mno-hw-mul\libc.a(lib_a-fwalk.o)
 .debug_info    0x00007bbf       0x8c c:/altera/13.0sp1/nios2eds/bin/gnu/h-i686-mingw32/bin/../lib/gcc/nios2-elf/4.1.2/../../../../nios2-elf/lib/mno-hw-mul\libc.a(lib_a-int_errno.o)
 .debug_info    0x00007c4b      0xb1a c:/altera/13.0sp1/nios2eds/bin/gnu/h-i686-mingw32/bin/../lib/gcc/nios2-elf/4.1.2/../../../../nios2-elf/lib/mno-hw-mul\libc.a(lib_a-makebuf.o)
 .debug_info    0x00008765      0x113 c:/altera/13.0sp1/nios2eds/bin/gnu/h-i686-mingw32/bin/../lib/gcc/nios2-elf/4.1.2/../../../../nios2-elf/lib/mno-hw-mul\libc.a(lib_a-memset.o)
 .debug_info    0x00008878      0xaac c:/altera/13.0sp1/nios2eds/bin/gnu/h-i686-mingw32/bin/../lib/gcc/nios2-elf/4.1.2/../../../../nios2-elf/lib/mno-hw-mul\libc.a(lib_a-stdio.o)
 .debug_info    0x00009324      0x993 c:/altera/13.0sp1/nios2eds/bin/gnu/h-i686-mingw32/bin/../lib/gcc/nios2-elf/4.1.2/../../../../nios2-elf/lib/mno-hw-mul\libc.a(lib_a-writer.o)
 .debug_info    0x00009cb7      0x958 c:/altera/13.0sp1/nios2eds/bin/gnu/h-i686-mingw32/bin/../lib/gcc/nios2-elf/4.1.2/../../../../nios2-elf/lib/mno-hw-mul\libc.a(lib_a-closer.o)
 .debug_info    0x0000a60f      0x994 c:/altera/13.0sp1/nios2eds/bin/gnu/h-i686-mingw32/bin/../lib/gcc/nios2-elf/4.1.2/../../../../nios2-elf/lib/mno-hw-mul\libc.a(lib_a-fclose.o)
 .debug_info    0x0000afa3      0xafc c:/altera/13.0sp1/nios2eds/bin/gnu/h-i686-mingw32/bin/../lib/gcc/nios2-elf/4.1.2/../../../../nios2-elf/lib/mno-hw-mul\libc.a(lib_a-fstatr.o)
 .debug_info    0x0000ba9f      0x958 c:/altera/13.0sp1/nios2eds/bin/gnu/h-i686-mingw32/bin/../lib/gcc/nios2-elf/4.1.2/../../../../nios2-elf/lib/mno-hw-mul\libc.a(lib_a-isattyr.o)
 .debug_info    0x0000c3f7      0x981 c:/altera/13.0sp1/nios2eds/bin/gnu/h-i686-mingw32/bin/../lib/gcc/nios2-elf/4.1.2/../../../../nios2-elf/lib/mno-hw-mul\libc.a(lib_a-lseekr.o)
 .debug_info    0x0000cd78      0x98c c:/altera/13.0sp1/nios2eds/bin/gnu/h-i686-mingw32/bin/../lib/gcc/nios2-elf/4.1.2/../../../../nios2-elf/lib/mno-hw-mul\libc.a(lib_a-readr.o)
 .debug_info    0x0000d704       0xf3 c:/altera/13.0sp1/nios2eds/bin/gnu/h-i686-mingw32/bin/../lib/gcc/nios2-elf/4.1.2/mno-hw-mul\libgcc.a(lib2-mul.o)
 .debug_info    0x0000d7f7      0x44e ../hw4_bsp/\libhal_bsp.a(alt_close.o)
 .debug_info    0x0000dc45      0x666 ../hw4_bsp/\libhal_bsp.a(alt_dev.o)
 .debug_info    0x0000e2ab      0x14b ../hw4_bsp/\libhal_bsp.a(alt_errno.o)
 .debug_info    0x0000e3f6      0x647 ../hw4_bsp/\libhal_bsp.a(alt_fstat.o)
 .debug_info    0x0000ea3d      0x64d ../hw4_bsp/\libhal_bsp.a(alt_isatty.o)
 .debug_info    0x0000f08a      0x274 ../hw4_bsp/\libhal_bsp.a(alt_load.o)
 .debug_info    0x0000f2fe      0x481 ../hw4_bsp/\libhal_bsp.a(alt_lseek.o)
 .debug_info    0x0000f77f      0x20c ../hw4_bsp/\libhal_bsp.a(alt_main.o)
 .debug_info    0x0000f98b      0xbff ../hw4_bsp/\libhal_bsp.a(alt_malloc_lock.o)
 .debug_info    0x0001058a      0x671 ../hw4_bsp/\libhal_bsp.a(alt_read.o)
 .debug_info    0x00010bfb      0x3d9 ../hw4_bsp/\libhal_bsp.a(alt_release_fd.o)
 .debug_info    0x00010fd4      0x29e ../hw4_bsp/\libhal_bsp.a(alt_sbrk.o)
 .debug_info    0x00011272      0x67a ../hw4_bsp/\libhal_bsp.a(alt_write.o)
 .debug_info    0x000118ec      0xc48 ../hw4_bsp/\libhal_bsp.a(alt_sys_init.o)
 .debug_info    0x00012534      0xd8c ../hw4_bsp/\libhal_bsp.a(altera_avalon_dma.o)
 .debug_info    0x000132c0      0x7c0 ../hw4_bsp/\libhal_bsp.a(altera_avalon_jtag_uart_fd.o)
 .debug_info    0x00013a80      0x5e8 ../hw4_bsp/\libhal_bsp.a(altera_avalon_jtag_uart_init.o)
 .debug_info    0x00014068      0x42a ../hw4_bsp/\libhal_bsp.a(altera_avalon_jtag_uart_ioctl.o)
 .debug_info    0x00014492      0x52d ../hw4_bsp/\libhal_bsp.a(altera_avalon_jtag_uart_read.o)
 .debug_info    0x000149bf      0x525 ../hw4_bsp/\libhal_bsp.a(altera_avalon_jtag_uart_write.o)
 .debug_info    0x00014ee4      0x1ee ../hw4_bsp/\libhal_bsp.a(altera_avalon_timer_vars.o)
 .debug_info    0x000150d2      0x429 ../hw4_bsp/\libhal_bsp.a(alt_alarm_start.o)
 .debug_info    0x000154fb      0x143 ../hw4_bsp/\libhal_bsp.a(alt_dcache_flush_all.o)
 .debug_info    0x0001563e      0x29e ../hw4_bsp/\libhal_bsp.a(alt_dev_llist_insert.o)
 .debug_info    0x000158dc      0x398 ../hw4_bsp/\libhal_bsp.a(alt_dma_rxchan_open.o)
 .debug_info    0x00015c74      0x3b2 ../hw4_bsp/\libhal_bsp.a(alt_dma_txchan_open.o)
 .debug_info    0x00016026       0xf6 ../hw4_bsp/\libhal_bsp.a(alt_do_ctors.o)
 .debug_info    0x0001611c       0xf5 ../hw4_bsp/\libhal_bsp.a(alt_do_dtors.o)
 .debug_info    0x00016211      0x3ff ../hw4_bsp/\libhal_bsp.a(alt_find_dev.o)
 .debug_info    0x00016610      0x143 ../hw4_bsp/\libhal_bsp.a(alt_icache_flush_all.o)
 .debug_info    0x00016753      0x47a ../hw4_bsp/\libhal_bsp.a(alt_iic.o)
 .debug_info    0x00016bcd      0x2fb ../hw4_bsp/\libhal_bsp.a(alt_iic_isr_register.o)
 .debug_info    0x00016ec8      0x67c ../hw4_bsp/\libhal_bsp.a(alt_io_redirect.o)
 .debug_info    0x00017544       0x6b ../hw4_bsp/\libhal_bsp.a(alt_irq_entry.o)
 .debug_info    0x000175af      0x25c ../hw4_bsp/\libhal_bsp.a(alt_irq_handler.o)
 .debug_info    0x0001780b      0x14e ../hw4_bsp/\libhal_bsp.a(alt_irq_vars.o)
 .debug_info    0x00017959      0x50c ../hw4_bsp/\libhal_bsp.a(alt_open.o)
 .debug_info    0x00017e65      0x3e5 ../hw4_bsp/\libhal_bsp.a(alt_tick.o)
 .debug_info    0x0001824a      0x14a ../hw4_bsp/\libhal_bsp.a(altera_nios2_qsys_irq.o)
 .debug_info    0x00018394       0x71 ../hw4_bsp/\libhal_bsp.a(alt_exception_entry.o)
 .debug_info    0x00018405      0x406 ../hw4_bsp/\libhal_bsp.a(alt_find_file.o)
 .debug_info    0x0001880b      0x447 ../hw4_bsp/\libhal_bsp.a(alt_get_fd.o)
 .debug_info    0x00018c52      0x181 c:/altera/13.0sp1/nios2eds/bin/gnu/h-i686-mingw32/bin/../lib/gcc/nios2-elf/4.1.2/../../../../nios2-elf/lib/mno-hw-mul\libc.a(lib_a-atexit.o)
 .debug_info    0x00018dd3      0x93f c:/altera/13.0sp1/nios2eds/bin/gnu/h-i686-mingw32/bin/../lib/gcc/nios2-elf/4.1.2/../../../../nios2-elf/lib/mno-hw-mul\libc.a(lib_a-exit.o)
 .debug_info    0x00019712      0x115 c:/altera/13.0sp1/nios2eds/bin/gnu/h-i686-mingw32/bin/../lib/gcc/nios2-elf/4.1.2/../../../../nios2-elf/lib/mno-hw-mul\libc.a(lib_a-memcmp.o)
 .debug_info    0x00019827      0x99c c:/altera/13.0sp1/nios2eds/bin/gnu/h-i686-mingw32/bin/../lib/gcc/nios2-elf/4.1.2/../../../../nios2-elf/lib/mno-hw-mul\libc.a(lib_a-__atexit.o)
 .debug_info    0x0001a1c3      0x9e2 c:/altera/13.0sp1/nios2eds/bin/gnu/h-i686-mingw32/bin/../lib/gcc/nios2-elf/4.1.2/../../../../nios2-elf/lib/mno-hw-mul\libc.a(lib_a-__call_atexit.o)
 .debug_info    0x0001aba5      0x174 ../hw4_bsp/\libhal_bsp.a(alt_exit.o)

.debug_abbrev   0x00000000     0x52ec
 *(.debug_abbrev)
 .debug_abbrev  0x00000000       0x12 ../hw4_bsp//obj/HAL/src/crt0.o
 .debug_abbrev  0x00000012       0x76 obj/default/hello_world.o
 .debug_abbrev  0x00000088      0x1ac c:/altera/13.0sp1/nios2eds/bin/gnu/h-i686-mingw32/bin/../lib/gcc/nios2-elf/4.1.2/../../../../nios2-elf/lib/mno-hw-mul\libc.a(lib_a-puts.o)
 .debug_abbrev  0x00000234       0x8b c:/altera/13.0sp1/nios2eds/bin/gnu/h-i686-mingw32/bin/../lib/gcc/nios2-elf/4.1.2/../../../../nios2-elf/lib/mno-hw-mul\libc.a(lib_a-strlen.o)
 .debug_abbrev  0x000002bf      0x1a3 c:/altera/13.0sp1/nios2eds/bin/gnu/h-i686-mingw32/bin/../lib/gcc/nios2-elf/4.1.2/../../../../nios2-elf/lib/mno-hw-mul\libc.a(lib_a-fvwrite.o)
 .debug_abbrev  0x00000462      0x157 c:/altera/13.0sp1/nios2eds/bin/gnu/h-i686-mingw32/bin/../lib/gcc/nios2-elf/4.1.2/../../../../nios2-elf/lib/mno-hw-mul\libc.a(lib_a-impure.o)
 .debug_abbrev  0x000005b9      0x216 c:/altera/13.0sp1/nios2eds/bin/gnu/h-i686-mingw32/bin/../lib/gcc/nios2-elf/4.1.2/../../../../nios2-elf/lib/mno-hw-mul\libc.a(lib_a-mallocr.o)
 .debug_abbrev  0x000007cf       0xb5 c:/altera/13.0sp1/nios2eds/bin/gnu/h-i686-mingw32/bin/../lib/gcc/nios2-elf/4.1.2/../../../../nios2-elf/lib/mno-hw-mul\libc.a(lib_a-memchr.o)
 .debug_abbrev  0x00000884       0xb5 c:/altera/13.0sp1/nios2eds/bin/gnu/h-i686-mingw32/bin/../lib/gcc/nios2-elf/4.1.2/../../../../nios2-elf/lib/mno-hw-mul\libc.a(lib_a-memcpy.o)
 .debug_abbrev  0x00000939       0xb5 c:/altera/13.0sp1/nios2eds/bin/gnu/h-i686-mingw32/bin/../lib/gcc/nios2-elf/4.1.2/../../../../nios2-elf/lib/mno-hw-mul\libc.a(lib_a-memmove.o)
 .debug_abbrev  0x000009ee      0x1c3 c:/altera/13.0sp1/nios2eds/bin/gnu/h-i686-mingw32/bin/../lib/gcc/nios2-elf/4.1.2/../../../../nios2-elf/lib/mno-hw-mul\libc.a(lib_a-reallocr.o)
 .debug_abbrev  0x00000bb1      0x18c c:/altera/13.0sp1/nios2eds/bin/gnu/h-i686-mingw32/bin/../lib/gcc/nios2-elf/4.1.2/../../../../nios2-elf/lib/mno-hw-mul\libc.a(lib_a-sbrkr.o)
 .debug_abbrev  0x00000d3d      0x170 c:/altera/13.0sp1/nios2eds/bin/gnu/h-i686-mingw32/bin/../lib/gcc/nios2-elf/4.1.2/../../../../nios2-elf/lib/mno-hw-mul\libc.a(lib_a-wsetup.o)
 .debug_abbrev  0x00000ead      0x1c6 c:/altera/13.0sp1/nios2eds/bin/gnu/h-i686-mingw32/bin/../lib/gcc/nios2-elf/4.1.2/../../../../nios2-elf/lib/mno-hw-mul\libc.a(lib_a-fflush.o)
 .debug_abbrev  0x00001073      0x24c c:/altera/13.0sp1/nios2eds/bin/gnu/h-i686-mingw32/bin/../lib/gcc/nios2-elf/4.1.2/../../../../nios2-elf/lib/mno-hw-mul\libc.a(lib_a-findfp.o)
 .debug_abbrev  0x000012bf      0x1d9 c:/altera/13.0sp1/nios2eds/bin/gnu/h-i686-mingw32/bin/../lib/gcc/nios2-elf/4.1.2/../../../../nios2-elf/lib/mno-hw-mul\libc.a(lib_a-freer.o)
 .debug_abbrev  0x00001498      0x1e3 c:/altera/13.0sp1/nios2eds/bin/gnu/h-i686-mingw32/bin/../lib/gcc/nios2-elf/4.1.2/../../../../nios2-elf/lib/mno-hw-mul\libc.a(lib_a-fwalk.o)
 .debug_abbrev  0x0000167b       0x3b c:/altera/13.0sp1/nios2eds/bin/gnu/h-i686-mingw32/bin/../lib/gcc/nios2-elf/4.1.2/../../../../nios2-elf/lib/mno-hw-mul\libc.a(lib_a-int_errno.o)
 .debug_abbrev  0x000016b6      0x197 c:/altera/13.0sp1/nios2eds/bin/gnu/h-i686-mingw32/bin/../lib/gcc/nios2-elf/4.1.2/../../../../nios2-elf/lib/mno-hw-mul\libc.a(lib_a-makebuf.o)
 .debug_abbrev  0x0000184d       0xb8 c:/altera/13.0sp1/nios2eds/bin/gnu/h-i686-mingw32/bin/../lib/gcc/nios2-elf/4.1.2/../../../../nios2-elf/lib/mno-hw-mul\libc.a(lib_a-memset.o)
 .debug_abbrev  0x00001905      0x1c9 c:/altera/13.0sp1/nios2eds/bin/gnu/h-i686-mingw32/bin/../lib/gcc/nios2-elf/4.1.2/../../../../nios2-elf/lib/mno-hw-mul\libc.a(lib_a-stdio.o)
 .debug_abbrev  0x00001ace      0x184 c:/altera/13.0sp1/nios2eds/bin/gnu/h-i686-mingw32/bin/../lib/gcc/nios2-elf/4.1.2/../../../../nios2-elf/lib/mno-hw-mul\libc.a(lib_a-writer.o)
 .debug_abbrev  0x00001c52      0x17f c:/altera/13.0sp1/nios2eds/bin/gnu/h-i686-mingw32/bin/../lib/gcc/nios2-elf/4.1.2/../../../../nios2-elf/lib/mno-hw-mul\libc.a(lib_a-closer.o)
 .debug_abbrev  0x00001dd1      0x1a7 c:/altera/13.0sp1/nios2eds/bin/gnu/h-i686-mingw32/bin/../lib/gcc/nios2-elf/4.1.2/../../../../nios2-elf/lib/mno-hw-mul\libc.a(lib_a-fclose.o)
 .debug_abbrev  0x00001f78      0x18e c:/altera/13.0sp1/nios2eds/bin/gnu/h-i686-mingw32/bin/../lib/gcc/nios2-elf/4.1.2/../../../../nios2-elf/lib/mno-hw-mul\libc.a(lib_a-fstatr.o)
 .debug_abbrev  0x00002106      0x17f c:/altera/13.0sp1/nios2eds/bin/gnu/h-i686-mingw32/bin/../lib/gcc/nios2-elf/4.1.2/../../../../nios2-elf/lib/mno-hw-mul\libc.a(lib_a-isattyr.o)
 .debug_abbrev  0x00002285      0x18e c:/altera/13.0sp1/nios2eds/bin/gnu/h-i686-mingw32/bin/../lib/gcc/nios2-elf/4.1.2/../../../../nios2-elf/lib/mno-hw-mul\libc.a(lib_a-lseekr.o)
 .debug_abbrev  0x00002413      0x17f c:/altera/13.0sp1/nios2eds/bin/gnu/h-i686-mingw32/bin/../lib/gcc/nios2-elf/4.1.2/../../../../nios2-elf/lib/mno-hw-mul\libc.a(lib_a-readr.o)
 .debug_abbrev  0x00002592       0x7b c:/altera/13.0sp1/nios2eds/bin/gnu/h-i686-mingw32/bin/../lib/gcc/nios2-elf/4.1.2/mno-hw-mul\libgcc.a(lib2-mul.o)
 .debug_abbrev  0x0000260d       0xfb ../hw4_bsp/\libhal_bsp.a(alt_close.o)
 .debug_abbrev  0x00002708       0xc7 ../hw4_bsp/\libhal_bsp.a(alt_dev.o)
 .debug_abbrev  0x000027cf       0x5e ../hw4_bsp/\libhal_bsp.a(alt_errno.o)
 .debug_abbrev  0x0000282d       0xfb ../hw4_bsp/\libhal_bsp.a(alt_fstat.o)
 .debug_abbrev  0x00002928       0xfb ../hw4_bsp/\libhal_bsp.a(alt_isatty.o)
 .debug_abbrev  0x00002a23       0x88 ../hw4_bsp/\libhal_bsp.a(alt_load.o)
 .debug_abbrev  0x00002aab       0xfb ../hw4_bsp/\libhal_bsp.a(alt_lseek.o)
 .debug_abbrev  0x00002ba6       0xb7 ../hw4_bsp/\libhal_bsp.a(alt_main.o)
 .debug_abbrev  0x00002c5d      0x181 ../hw4_bsp/\libhal_bsp.a(alt_malloc_lock.o)
 .debug_abbrev  0x00002dde       0xfb ../hw4_bsp/\libhal_bsp.a(alt_read.o)
 .debug_abbrev  0x00002ed9       0xc1 ../hw4_bsp/\libhal_bsp.a(alt_release_fd.o)
 .debug_abbrev  0x00002f9a      0x115 ../hw4_bsp/\libhal_bsp.a(alt_sbrk.o)
 .debug_abbrev  0x000030af      0x100 ../hw4_bsp/\libhal_bsp.a(alt_write.o)
 .debug_abbrev  0x000031af      0x161 ../hw4_bsp/\libhal_bsp.a(alt_sys_init.o)
 .debug_abbrev  0x00003310      0x242 ../hw4_bsp/\libhal_bsp.a(altera_avalon_dma.o)
 .debug_abbrev  0x00003552       0xf7 ../hw4_bsp/\libhal_bsp.a(altera_avalon_jtag_uart_fd.o)
 .debug_abbrev  0x00003649      0x17c ../hw4_bsp/\libhal_bsp.a(altera_avalon_jtag_uart_init.o)
 .debug_abbrev  0x000037c5       0xf0 ../hw4_bsp/\libhal_bsp.a(altera_avalon_jtag_uart_ioctl.o)
 .debug_abbrev  0x000038b5      0x191 ../hw4_bsp/\libhal_bsp.a(altera_avalon_jtag_uart_read.o)
 .debug_abbrev  0x00003a46      0x18d ../hw4_bsp/\libhal_bsp.a(altera_avalon_jtag_uart_write.o)
 .debug_abbrev  0x00003bd3       0x87 ../hw4_bsp/\libhal_bsp.a(altera_avalon_timer_vars.o)
 .debug_abbrev  0x00003c5a      0x172 ../hw4_bsp/\libhal_bsp.a(alt_alarm_start.o)
 .debug_abbrev  0x00003dcc       0x3f ../hw4_bsp/\libhal_bsp.a(alt_dcache_flush_all.o)
 .debug_abbrev  0x00003e0b       0xf6 ../hw4_bsp/\libhal_bsp.a(alt_dev_llist_insert.o)
 .debug_abbrev  0x00003f01       0xfe ../hw4_bsp/\libhal_bsp.a(alt_dma_rxchan_open.o)
 .debug_abbrev  0x00003fff      0x103 ../hw4_bsp/\libhal_bsp.a(alt_dma_txchan_open.o)
 .debug_abbrev  0x00004102       0x76 ../hw4_bsp/\libhal_bsp.a(alt_do_ctors.o)
 .debug_abbrev  0x00004178       0x76 ../hw4_bsp/\libhal_bsp.a(alt_do_dtors.o)
 .debug_abbrev  0x000041ee       0xcf ../hw4_bsp/\libhal_bsp.a(alt_find_dev.o)
 .debug_abbrev  0x000042bd       0x3f ../hw4_bsp/\libhal_bsp.a(alt_icache_flush_all.o)
 .debug_abbrev  0x000042fc      0x134 ../hw4_bsp/\libhal_bsp.a(alt_iic.o)
 .debug_abbrev  0x00004430      0x14e ../hw4_bsp/\libhal_bsp.a(alt_iic_isr_register.o)
 .debug_abbrev  0x0000457e       0xf0 ../hw4_bsp/\libhal_bsp.a(alt_io_redirect.o)
 .debug_abbrev  0x0000466e       0x12 ../hw4_bsp/\libhal_bsp.a(alt_irq_entry.o)
 .debug_abbrev  0x00004680      0x10c ../hw4_bsp/\libhal_bsp.a(alt_irq_handler.o)