Archive member included because of file (symbol)

c:/altera/13.0sp1/nios2eds/bin/gnu/h-i686-mingw32/bin/../lib/gcc/nios2-elf/4.1.2/../../../../nios2-elf/lib/mno-hw-mul\libc.a(lib_a-memcpy.o)
                              obj/default/count_binary.o (memcpy)
c:/altera/13.0sp1/nios2eds/bin/gnu/h-i686-mingw32/bin/../lib/gcc/nios2-elf/4.1.2/../../../../nios2-elf/lib/mno-hw-mul\libc.a(lib_a-puts.o)
                              obj/default/count_binary.o (puts)
c:/altera/13.0sp1/nios2eds/bin/gnu/h-i686-mingw32/bin/../lib/gcc/nios2-elf/4.1.2/../../../../nios2-elf/lib/mno-hw-mul\libc.a(lib_a-strlen.o)
                              c:/altera/13.0sp1/nios2eds/bin/gnu/h-i686-mingw32/bin/../lib/gcc/nios2-elf/4.1.2/../../../../nios2-elf/lib/mno-hw-mul\libc.a(lib_a-puts.o) (strlen)
c:/altera/13.0sp1/nios2eds/bin/gnu/h-i686-mingw32/bin/../lib/gcc/nios2-elf/4.1.2/../../../../nios2-elf/lib/mno-hw-mul\libc.a(lib_a-fvwrite.o)
                              c:/altera/13.0sp1/nios2eds/bin/gnu/h-i686-mingw32/bin/../lib/gcc/nios2-elf/4.1.2/../../../../nios2-elf/lib/mno-hw-mul\libc.a(lib_a-puts.o) (__sfvwrite_r)
c:/altera/13.0sp1/nios2eds/bin/gnu/h-i686-mingw32/bin/../lib/gcc/nios2-elf/4.1.2/../../../../nios2-elf/lib/mno-hw-mul\libc.a(lib_a-impure.o)
                              c:/altera/13.0sp1/nios2eds/bin/gnu/h-i686-mingw32/bin/../lib/gcc/nios2-elf/4.1.2/../../../../nios2-elf/lib/mno-hw-mul\libc.a(lib_a-puts.o) (_impure_ptr)
c:/altera/13.0sp1/nios2eds/bin/gnu/h-i686-mingw32/bin/../lib/gcc/nios2-elf/4.1.2/../../../../nios2-elf/lib/mno-hw-mul\libc.a(lib_a-mallocr.o)
                              c:/altera/13.0sp1/nios2eds/bin/gnu/h-i686-mingw32/bin/../lib/gcc/nios2-elf/4.1.2/../../../../nios2-elf/lib/mno-hw-mul\libc.a(lib_a-fvwrite.o) (_malloc_r)
c:/altera/13.0sp1/nios2eds/bin/gnu/h-i686-mingw32/bin/../lib/gcc/nios2-elf/4.1.2/../../../../nios2-elf/lib/mno-hw-mul\libc.a(lib_a-memchr.o)
                              c:/altera/13.0sp1/nios2eds/bin/gnu/h-i686-mingw32/bin/../lib/gcc/nios2-elf/4.1.2/../../../../nios2-elf/lib/mno-hw-mul\libc.a(lib_a-fvwrite.o) (memchr)
c:/altera/13.0sp1/nios2eds/bin/gnu/h-i686-mingw32/bin/../lib/gcc/nios2-elf/4.1.2/../../../../nios2-elf/lib/mno-hw-mul\libc.a(lib_a-memmove.o)
                              c:/altera/13.0sp1/nios2eds/bin/gnu/h-i686-mingw32/bin/../lib/gcc/nios2-elf/4.1.2/../../../../nios2-elf/lib/mno-hw-mul\libc.a(lib_a-fvwrite.o) (memmove)
c:/altera/13.0sp1/nios2eds/bin/gnu/h-i686-mingw32/bin/../lib/gcc/nios2-elf/4.1.2/../../../../nios2-elf/lib/mno-hw-mul\libc.a(lib_a-reallocr.o)
                              c:/altera/13.0sp1/nios2eds/bin/gnu/h-i686-mingw32/bin/../lib/gcc/nios2-elf/4.1.2/../../../../nios2-elf/lib/mno-hw-mul\libc.a(lib_a-fvwrite.o) (_realloc_r)
c:/altera/13.0sp1/nios2eds/bin/gnu/h-i686-mingw32/bin/../lib/gcc/nios2-elf/4.1.2/../../../../nios2-elf/lib/mno-hw-mul\libc.a(lib_a-sbrkr.o)
                              c:/altera/13.0sp1/nios2eds/bin/gnu/h-i686-mingw32/bin/../lib/gcc/nios2-elf/4.1.2/../../../../nios2-elf/lib/mno-hw-mul\libc.a(lib_a-mallocr.o) (_sbrk_r)
c:/altera/13.0sp1/nios2eds/bin/gnu/h-i686-mingw32/bin/../lib/gcc/nios2-elf/4.1.2/../../../../nios2-elf/lib/mno-hw-mul\libc.a(lib_a-wsetup.o)
                              c:/altera/13.0sp1/nios2eds/bin/gnu/h-i686-mingw32/bin/../lib/gcc/nios2-elf/4.1.2/../../../../nios2-elf/lib/mno-hw-mul\libc.a(lib_a-fvwrite.o) (__swsetup_r)
c:/altera/13.0sp1/nios2eds/bin/gnu/h-i686-mingw32/bin/../lib/gcc/nios2-elf/4.1.2/../../../../nios2-elf/lib/mno-hw-mul\libc.a(lib_a-fflush.o)
                              c:/altera/13.0sp1/nios2eds/bin/gnu/h-i686-mingw32/bin/../lib/gcc/nios2-elf/4.1.2/../../../../nios2-elf/lib/mno-hw-mul\libc.a(lib_a-fvwrite.o) (_fflush_r)
c:/altera/13.0sp1/nios2eds/bin/gnu/h-i686-mingw32/bin/../lib/gcc/nios2-elf/4.1.2/../../../../nios2-elf/lib/mno-hw-mul\libc.a(lib_a-findfp.o)
                              c:/altera/13.0sp1/nios2eds/bin/gnu/h-i686-mingw32/bin/../lib/gcc/nios2-elf/4.1.2/../../../../nios2-elf/lib/mno-hw-mul\libc.a(lib_a-wsetup.o) (__sinit)
c:/altera/13.0sp1/nios2eds/bin/gnu/h-i686-mingw32/bin/../lib/gcc/nios2-elf/4.1.2/../../../../nios2-elf/lib/mno-hw-mul\libc.a(lib_a-freer.o)
                              c:/altera/13.0sp1/nios2eds/bin/gnu/h-i686-mingw32/bin/../lib/gcc/nios2-elf/4.1.2/../../../../nios2-elf/lib/mno-hw-mul\libc.a(lib_a-fvwrite.o) (_free_r)
c:/altera/13.0sp1/nios2eds/bin/gnu/h-i686-mingw32/bin/../lib/gcc/nios2-elf/4.1.2/../../../../nios2-elf/lib/mno-hw-mul\libc.a(lib_a-fwalk.o)
                              c:/altera/13.0sp1/nios2eds/bin/gnu/h-i686-mingw32/bin/../lib/gcc/nios2-elf/4.1.2/../../../../nios2-elf/lib/mno-hw-mul\libc.a(lib_a-fflush.o) (_fwalk_reent)
c:/altera/13.0sp1/nios2eds/bin/gnu/h-i686-mingw32/bin/../lib/gcc/nios2-elf/4.1.2/../../../../nios2-elf/lib/mno-hw-mul\libc.a(lib_a-int_errno.o)
                              c:/altera/13.0sp1/nios2eds/bin/gnu/h-i686-mingw32/bin/../lib/gcc/nios2-elf/4.1.2/../../../../nios2-elf/lib/mno-hw-mul\libc.a(lib_a-sbrkr.o) (errno)
[...]
Memory Configuration

Name             Origin             Length             Attributes
reset            0x02800000         0x00000020
sdram_ctrl       0x02800020         0x007fffe0
*default*        0x00000000         0xffffffff

Linker script and memory map

LOAD ../count_binary_bsp//obj/HAL/src/crt0.o
LOAD obj/default/count_binary.o
LOAD c:/altera/13.0sp1/nios2eds/bin/gnu/h-i686-mingw32/bin/../lib/gcc/nios2-elf/4.1.2/../../../../nios2-elf/lib/mno-hw-mul\libstdc++.a
LOAD c:/altera/13.0sp1/nios2eds/bin/gnu/h-i686-mingw32/bin/../lib/gcc/nios2-elf/4.1.2/../../../../nios2-elf/lib/mno-hw-mul\libm.a
LOAD c:/altera/13.0sp1/nios2eds/bin/gnu/h-i686-mingw32/bin/../lib/gcc/nios2-elf/4.1.2/mno-hw-mul\libgcc.a
START GROUP
LOAD c:/altera/13.0sp1/nios2eds/bin/gnu/h-i686-mingw32/bin/../lib/gcc/nios2-elf/4.1.2/../../../../nios2-elf/lib/mno-hw-mul\libc.a
LOAD c:/altera/13.0sp1/nios2eds/bin/gnu/h-i686-mingw32/bin/../lib/gcc/nios2-elf/4.1.2/mno-hw-mul\libgcc.a
LOAD ../count_binary_bsp/\libhal_bsp.a
END GROUP
LOAD c:/altera/13.0sp1/nios2eds/bin/gnu/h-i686-mingw32/bin/../lib/gcc/nios2-elf/4.1.2/mno-hw-mul\libgcc.a
                0x02800000                __alt_mem_sdram_ctrl = 0x2800000

.entry          0x02800000       0x20
 *(.entry)
 .entry         0x02800000       0x20 ../count_binary_bsp//obj/HAL/src/crt0.o
                0x02800000                __reset

.exceptions     0x02800020      0x194
                0x02800020                PROVIDE (__ram_exceptions_start, ABSOLUTE (.))
                0x02800020                . = ALIGN (0x20)
 *(.irq)
 *(.exceptions.entry.label)
 .exceptions.entry.label
                0x02800020        0x0 ../count_binary_bsp/\libhal_bsp.a(alt_irq_entry.o)
                0x02800020                alt_irq_entry
 .exceptions.entry.label
                0x02800020        0x0 ../count_binary_bsp/\libhal_bsp.a(alt_exception_entry.o)
                0x02800020                alt_exception
 *(.exceptions.entry.user)
 *(.exceptions.entry)
 .exceptions.entry
                0x02800020       0x54 ../count_binary_bsp/\libhal_bsp.a(alt_exception_entry.o)
 *(.exceptions.irqtest.user)
 *(.exceptions.irqtest)
 .exceptions.irqtest
                0x02800074       0x10 ../count_binary_bsp/\libhal_bsp.a(alt_irq_entry.o)
 *(.exceptions.irqhandler.user)
 *(.exceptions.irqhandler)
 .exceptions.irqhandler
                0x02800084        0x4 ../count_binary_bsp/\libhal_bsp.a(alt_irq_entry.o)
 *(.exceptions.irqreturn.user)
 *(.exceptions.irqreturn)
 .exceptions.irqreturn
                0x02800088        0x4 ../count_binary_bsp/\libhal_bsp.a(alt_irq_entry.o)
 *(.exceptions.notirq.label)
 .exceptions.notirq.label
                0x0280008c        0x0 ../count_binary_bsp/\libhal_bsp.a(alt_irq_entry.o)
 *(.exceptions.notirq.user)
 *(.exceptions.notirq)
 .exceptions.notirq
                0x0280008c        0x8 ../count_binary_bsp/\libhal_bsp.a(alt_exception_entry.o)
 *(.exceptions.soft.user)
 *(.exceptions.soft)
 *(.exceptions.unknown.user)
 *(.exceptions.unknown)
 .exceptions.unknown
                0x02800094        0x4 ../count_binary_bsp/\libhal_bsp.a(alt_exception_entry.o)
 *(.exceptions.exit.label)
 .exceptions.exit.label
                0x02800098        0x0 ../count_binary_bsp/\libhal_bsp.a(alt_irq_entry.o)
 .exceptions.exit.label
                0x02800098        0x0 ../count_binary_bsp/\libhal_bsp.a(alt_exception_entry.o)
 *(.exceptions.exit.user)
 *(.exceptions.exit)
 .exceptions.exit
                0x02800098       0x54 ../count_binary_bsp/\libhal_bsp.a(alt_exception_entry.o)
 *(.exceptions)
 .exceptions    0x028000ec       0xc8 ../count_binary_bsp/\libhal_bsp.a(alt_irq_handler.o)
                0x028000ec                alt_irq_handler
                0x028001b4                PROVIDE (__ram_exceptions_end, ABSOLUTE (.))
                0x02800020                PROVIDE (__flash_exceptions_start, LOADADDR (.exceptions))

.text           0x028001b4     0x6714
                0x028001b4                PROVIDE (stext, ABSOLUTE (.))
 *(.interp)
 *(.hash)
 *(.dynsym)
 *(.dynstr)
 *(.gnu.version)
 *(.gnu.version_d)
 *(.gnu.version_r)
 *(.rel.init)
 *(.rela.init)
 *(.rel.text .rel.text.* .rel.gnu.linkonce.t.*)
 *(.rela.text .rela.text.* .rela.gnu.linkonce.t.*)
 *(.rel.fini)
 *(.rela.fini)
 *(.rel.rodata .rel.rodata.* .rel.gnu.linkonce.r.*)
 *(.rela.rodata .rela.rodata.* .rela.gnu.linkonce.r.*)
 *(.rel.data .rel.data.* .rel.gnu.linkonce.d.*)
 *(.rela.data .rela.data.* .rela.gnu.linkonce.d.*)
 *(.rel.tdata .rel.tdata.* .rel.gnu.linkonce.td.*)
 *(.rela.tdata .rela.tdata.* .rela.gnu.linkonce.td.*)
 *(.rel.tbss .rel.tbss.* .rel.gnu.linkonce.tb.*)
 *(.rela.tbss .rela.tbss.* .rela.gnu.linkonce.tb.*)
 *(.rel.ctors)
 *(.rela.ctors)
 *(.rel.dtors)
 *(.rela.dtors)
 *(.rel.got)
 *(.rela.got)
 *(.rel.sdata .rel.sdata.* .rel.gnu.linkonce.s.*)
 *(.rela.sdata .rela.sdata.* .rela.gnu.linkonce.s.*)
 *(.rel.sbss .rel.sbss.* .rel.gnu.linkonce.sb.*)
 *(.rela.sbss .rela.sbss.* .rela.gnu.linkonce.sb.*)
 *(.rel.sdata2 .rel.sdata2.* .rel.gnu.linkonce.s2.*)
 *(.rela.sdata2 .rela.sdata2.* .rela.gnu.linkonce.s2.*)
 *(.rel.sbss2 .rel.sbss2.* .rel.gnu.linkonce.sb2.*)
 *(.rela.sbss2 .rela.sbss2.* .rela.gnu.linkonce.sb2.*)
 *(.rel.bss .rel.bss.* .rel.gnu.linkonce.b.*)
 *(.rela.bss .rela.bss.* .rela.gnu.linkonce.b.*)
 *(.rel.plt)
 *(.rela.plt)
 *(.rel.dyn)
 *(.init)
 *(.plt)
 *(.text .stub .text.* .gnu.linkonce.t.*)
 .text          0x028001b4       0x3c ../count_binary_bsp//obj/HAL/src/crt0.o
                0x028001b4                _start
 .text          0x028001f0      0x2f4 obj/default/count_binary.o
                0x028001f0                main
                0x02800250                button_func
                0x02800388                hex_func
 .text          0x028004e4       0xa0 c:/altera/13.0sp1/nios2eds/bin/gnu/h-i686-mingw32/bin/../lib/gcc/nios2-elf/4.1.2/../../../../nios2-elf/lib/mno-hw-mul\libc.a(lib_a-memcpy.o)
                0x028004e4                memcpy
 .text          0x02800584       0xb4 c:/altera/13.0sp1/nios2eds/bin/gnu/h-i686-mingw32/bin/../lib/gcc/nios2-elf/4.1.2/../../../../nios2-elf/lib/mno-hw-mul\libc.a(lib_a-puts.o)
                0x02800584                _puts_r
                0x02800624                puts
 .text          0x02800638       0x74 c:/altera/13.0sp1/nios2eds/bin/gnu/h-i686-mingw32/bin/../lib/gcc/nios2-elf/4.1.2/../../../../nios2-elf/lib/mno-hw-mul\libc.a(lib_a-strlen.o)
                0x02800638                strlen
 .text          0x028006ac      0x49c c:/altera/13.0sp1/nios2eds/bin/gnu/h-i686-mingw32/bin/../lib/gcc/nios2-elf/4.1.2/../../../../nios2-elf/lib/mno-hw-mul\libc.a(lib_a-fvwrite.o)
                0x028006ac                __sfvwrite_r
 .text          0x02800b48        0x0 c:/altera/13.0sp1/nios2eds/bin/gnu/h-i686-mingw32/bin/../lib/gcc/nios2-elf/4.1.2/../../../../nios2-elf/lib/mno-hw-mul\libc.a(lib_a-impure.o)
 .text          0x02800b48      0x740 c:/altera/13.0sp1/nios2eds/bin/gnu/h-i686-mingw32/bin/../lib/gcc/nios2-elf/4.1.2/../../../../nios2-elf/lib/mno-hw-mul\libc.a(lib_a-mallocr.o)
                0x02800b48                _malloc_r
 .text          0x02801288       0xe4 c:/altera/13.0sp1/nios2eds/bin/gnu/h-i686-mingw32/bin/../lib/gcc/nios2-elf/4.1.2/../../../../nios2-elf/lib/mno-hw-mul\libc.a(lib_a-memchr.o)
                0x02801288                memchr
 .text          0x0280136c       0xe0 c:/altera/13.0sp1/nios2eds/bin/gnu/h-i686-mingw32/bin/../lib/gcc/nios2-elf/4.1.2/../../../../nios2-elf/lib/mno-hw-mul\libc.a(lib_a-memmove.o)
                0x0280136c                memmove
 .text          0x0280144c      0x5f4 c:/altera/13.0sp1/nios2eds/bin/gnu/h-i686-mingw32/bin/../lib/gcc/nios2-elf/4.1.2/../../../../nios2-elf/lib/mno-hw-mul\libc.a(lib_a-reallocr.o)
                0x0280144c                _realloc_r
 .text          0x02801a40       0x70 c:/altera/13.0sp1/nios2eds/bin/gnu/h-i686-mingw32/bin/../lib/gcc/nios2-elf/4.1.2/../../../../nios2-elf/lib/mno-hw-mul\libc.a(lib_a-sbrkr.o)
                0x02801a40                _sbrk_r
 .text          0x02801ab0      0x13c c:/altera/13.0sp1/nios2eds/bin/gnu/h-i686-mingw32/bin/../lib/gcc/nios2-elf/4.1.2/../../../../nios2-elf/lib/mno-hw-mul\libc.a(lib_a-wsetup.o)
                0x02801ab0                __swsetup_r
 .text          0x02801bec      0x230 c:/altera/13.0sp1/nios2eds/bin/gnu/h-i686-mingw32/bin/../lib/gcc/nios2-elf/4.1.2/../../../../nios2-elf/lib/mno-hw-mul\libc.a(lib_a-fflush.o)
                0x02801bec                _fflush_r
                0x02801de8                fflush
 .text          0x02801e1c      0x2f4 c:/altera/13.0sp1/nios2eds/bin/gnu/h-i686-mingw32/bin/../lib/gcc/nios2-elf/4.1.2/../../../../nios2-elf/lib/mno-hw-mul\libc.a(lib_a-findfp.o)
                0x02801e74                __sfp_lock_acquire
                0x02801e78                __sfp_lock_release
                0x02801e7c                __sinit_lock_acquire
                0x02801e80                __sinit_lock_release
                0x02801e84                __sinit
                0x02801f38                __fp_unlock_all
                0x02801f50                __fp_lock_all
                0x02801f68                _cleanup_r
                0x02801f74                _cleanup
                0x02801f84                __sfmoreglue
                0x02802020                __sfp
 .text          0x02802110      0x440 c:/altera/13.0sp1/nios2eds/bin/gnu/h-i686-mingw32/bin/../lib/gcc/nios2-elf/4.1.2/../../../../nios2-elf/lib/mno-hw-mul\libc.a(lib_a-freer.o)
                0x02802110                _malloc_trim_r
                0x0280223c                _free_r
 .text          0x02802550      0x180 c:/altera/13.0sp1/nios2eds/bin/gnu/h-i686-mingw32/bin/../lib/gcc/nios2-elf/4.1.2/../../../../nios2-elf/lib/mno-hw-mul\libc.a(lib_a-fwalk.o)
                0x02802550                _fwalk_reent
                0x02802618                _fwalk
 .text          0x028026d0        0x0 c:/altera/13.0sp1/nios2eds/bin/gnu/h-i686-mingw32/bin/../lib/gcc/nios2-elf/4.1.2/../../../../nios2-elf/lib/mno-hw-mul\libc.a(lib_a-int_errno.o)
 .text          0x028026d0      0x194 c:/altera/13.0sp1/nios2eds/bin/gnu/h-i686-mingw32/bin/../lib/gcc/nios2-elf/4.1.2/../../../../nios2-elf/lib/mno-hw-mul\libc.a(lib_a-makebuf.o)
                0x028026d0                __smakebuf_r
 .text          0x02802864       0x98 c:/altera/13.0sp1/nios2eds/bin/gnu/h-i686-mingw32/bin/../lib/gcc/nios2-elf/4.1.2/../../../../nios2-elf/lib/mno-hw-mul\libc.a(lib_a-memset.o)
                0x02802864                memset
 .text          0x028028fc      0x14c c:/altera/13.0sp1/nios2eds/bin/gnu/h-i686-mingw32/bin/../lib/gcc/nios2-elf/4.1.2/../../../../nios2-elf/lib/mno-hw-mul\libc.a(lib_a-stdio.o)
                0x028028fc                __sclose
                0x02802904                __sseek
                0x0280296c                __swrite
                0x028029e8                __sread
 .text          0x02802a48       0x78 c:/altera/13.0sp1/nios2eds/bin/gnu/h-i686-mingw32/bin/../lib/gcc/nios2-elf/4.1.2/../../../../nios2-elf/lib/mno-hw-mul\libc.a(lib_a-writer.o)
                0x02802a48                _write_r
 .text          0x02802ac0       0x70 c:/altera/13.0sp1/nios2eds/bin/gnu/h-i686-mingw32/bin/../lib/gcc/nios2-elf/4.1.2/../../../../nios2-elf/lib/mno-hw-mul\libc.a(lib_a-closer.o)
                0x02802ac0                _close_r
 .text          0x02802b30      0x124 c:/altera/13.0sp1/nios2eds/bin/gnu/h-i686-mingw32/bin/../lib/gcc/nios2-elf/4.1.2/../../../../nios2-elf/lib/mno-hw-mul\libc.a(lib_a-fclose.o)
                0x02802b30                _fclose_r
                0x02802c40                fclose
 .text          0x02802c54       0x74 c:/altera/13.0sp1/nios2eds/bin/gnu/h-i686-mingw32/bin/../lib/gcc/nios2-elf/4.1.2/../../../../nios2-elf/lib/mno-hw-mul\libc.a(lib_a-fstatr.o)
                0x02802c54                _fstat_r
 .text          0x02802cc8       0x70 c:/altera/13.0sp1/nios2eds/bin/gnu/h-i686-mingw32/bin/../lib/gcc/nios2-elf/4.1.2/../../../../nios2-elf/lib/mno-hw-mul\libc.a(lib_a-isattyr.o)
                0x02802cc8                _isatty_r
 .text          0x02802d38       0x78 c:/altera/13.0sp1/nios2eds/bin/gnu/h-i686-mingw32/bin/../lib/gcc/nios2-elf/4.1.2/../../../../nios2-elf/lib/mno-hw-mul\libc.a(lib_a-lseekr.o)
                0x02802d38                _lseek_r
 .text          0x02802db0       0x78 c:/altera/13.0sp1/nios2eds/bin/gnu/h-i686-mingw32/bin/../lib/gcc/nios2-elf/4.1.2/../../../../nios2-elf/lib/mno-hw-mul\libc.a(lib_a-readr.o)
                0x02802db0                _read_r
 .text          0x02802e28       0x38 c:/altera/13.0sp1/nios2eds/bin/gnu/h-i686-mingw32/bin/../lib/gcc/nios2-elf/4.1.2/mno-hw-mul\libgcc.a(lib2-mul.o)
                0x02802e28                __mulsi3
 .text          0x02802e60      0x160 ../count_binary_bsp/\libhal_bsp.a(alt_close.o)
                0x02802e60                close
 .text          0x02802fc0       0x2c ../count_binary_bsp/\libhal_bsp.a(alt_dev.o)
 .text          0x02802fec        0x0 ../count_binary_bsp/\libhal_bsp.a(alt_errno.o)
 .text          0x02802fec      0x138 ../count_binary_bsp/\libhal_bsp.a(alt_fstat.o)
                0x02802fec                fstat
 .text          0x02803124      0x124 ../count_binary_bsp/\libhal_bsp.a(alt_isatty.o)
                0x02803124                isatty
 .text          0x02803248       0xec ../count_binary_bsp/\libhal_bsp.a(alt_load.o)
                0x02803248                alt_load
 .text          0x02803334      0x154 ../count_binary_bsp/\libhal_bsp.a(alt_lseek.o)
                0x02803334                lseek
 .text          0x02803488       0x6c ../count_binary_bsp/\libhal_bsp.a(alt_main.o)
                0x02803488                alt_main
 .text          0x028034f4       0x40 ../count_binary_bsp/\libhal_bsp.a(alt_malloc_lock.o)
                0x028034f4                __malloc_lock
                0x02803514                __malloc_unlock
 .text          0x02803534      0x184 ../count_binary_bsp/\libhal_bsp.a(alt_read.o)
                0x02803534                read
 .text          0x028036b8       0x78 ../count_binary_bsp/\libhal_bsp.a(alt_release_fd.o)
                0x028036b8                alt_release_fd
 .text          0x02803730       0xbc ../count_binary_bsp/\libhal_bsp.a(alt_sbrk.o)
                0x02803730                sbrk
 .text          0x028037ec       0x30 ../count_binary_bsp/\libhal_bsp.a(alt_usleep.o)
                0x028037ec                usleep
 .text          0x0280381c      0x184 ../count_binary_bsp/\libhal_bsp.a(alt_write.o)
                0x0280381c                write
 .text          0x028039a0       0xfc ../count_binary_bsp/\libhal_bsp.a(alt_sys_init.o)
                0x028039a0                alt_irq_init
                0x028039d4                alt_sys_init
 .text          0x02803a9c      0xcac ../count_binary_bsp/\libhal_bsp.a(altera_avalon_dma.o)
                0x02803a9c                alt_avalon_dma_launch_bidir
                0x028040b0                alt_avalon_dma_tx_ioctl
                0x028040f4                alt_avalon_dma_rx_ioctl
                0x02804138                alt_avalon_dma_prepare
                0x0280428c                alt_avalon_dma_space
                0x0280430c                alt_avalon_dma_send
                0x02804628                alt_avalon_dma_init
 .text          0x02804748      0x148 ../count_binary_bsp/\libhal_bsp.a(altera_avalon_jtag_uart_fd.o)
                0x02804748                altera_avalon_jtag_uart_read_fd
                0x028047a0                altera_avalon_jtag_uart_write_fd
                0x028047f8                altera_avalon_jtag_uart_close_fd
                0x02804840                altera_avalon_jtag_uart_ioctl_fd
 .text          0x02804890      0x40c ../count_binary_bsp/\libhal_bsp.a(altera_avalon_jtag_uart_init.o)
                0x02804890                altera_avalon_jtag_uart_init
                0x02804c28                altera_avalon_jtag_uart_close
 .text          0x02804c9c       0xf4 ../count_binary_bsp/\libhal_bsp.a(altera_avalon_jtag_uart_ioctl.o)
                0x02804c9c                altera_avalon_jtag_uart_ioctl
 .text          0x02804d90      0x224 ../count_binary_bsp/\libhal_bsp.a(altera_avalon_jtag_uart_read.o)
                0x02804d90                altera_avalon_jtag_uart_read
 .text          0x02804fb4      0x240 ../count_binary_bsp/\libhal_bsp.a(altera_avalon_jtag_uart_write.o)
                0x02804fb4                altera_avalon_jtag_uart_write
 .text          0x028051f4        0x0 ../count_binary_bsp/\libhal_bsp.a(altera_avalon_timer_vars.o)
 .text          0x028051f4      0x154 ../count_binary_bsp/\libhal_bsp.a(alt_alarm_start.o)
                0x028051f4                alt_alarm_start
 .text          0x02805348      0x15c ../count_binary_bsp/\libhal_bsp.a(alt_busy_sleep.o)
                0x02805348                alt_busy_sleep
 .text          0x028054a4       0x1c ../count_binary_bsp/\libhal_bsp.a(alt_dcache_flush_all.o)
                0x028054a4                alt_dcache_flush_all
 .text          0x028054c0      0x114 ../count_binary_bsp/\libhal_bsp.a(alt_dev_llist_insert.o)
                0x028054c0                alt_dev_llist_insert
 .text          0x028055d4       0xb8 ../count_binary_bsp/\libhal_bsp.a(alt_dma_rxchan_open.o)
                0x028055d4                alt_dma_rxchan_open
 .text          0x0280568c       0xb8 ../count_binary_bsp/\libhal_bsp.a(alt_dma_txchan_open.o)
                0x0280568c                alt_dma_txchan_open
 .text          0x02805744       0x64 ../count_binary_bsp/\libhal_bsp.a(alt_do_ctors.o)
                0x02805744                _do_ctors
 .text          0x028057a8       0x64 ../count_binary_bsp/\libhal_bsp.a(alt_do_dtors.o)
                0x028057a8                _do_dtors
 .text          0x0280580c       0x94 ../count_binary_bsp/\libhal_bsp.a(alt_find_dev.o)
                0x0280580c                alt_find_dev
 .text          0x028058a0       0x1c ../count_binary_bsp/\libhal_bsp.a(alt_icache_flush_all.o)
                0x028058a0                alt_icache_flush_all
 .text          0x028058bc      0x1d4 ../count_binary_bsp/\libhal_bsp.a(alt_iic.o)
                0x028058bc                alt_ic_isr_register
                0x0280590c                alt_ic_irq_enable
                0x028059a8                alt_ic_irq_disable
                0x02805a48                alt_ic_irq_enabled
 .text          0x02805a90       0xf8 ../count_binary_bsp/\libhal_bsp.a(alt_iic_isr_register.o)
                0x02805a90                alt_iic_isr_register
 .text          0x02805b88      0x150 ../count_binary_bsp/\libhal_bsp.a(alt_io_redirect.o)
                0x02805c60                alt_io_redirect
 .text          0x02805cd8        0x0 ../count_binary_bsp/\libhal_bsp.a(alt_irq_entry.o)
 .text          0x02805cd8        0x0 ../count_binary_bsp/\libhal_bsp.a(alt_irq_handler.o)
 .text          0x02805cd8        0x0 ../count_binary_bsp/\libhal_bsp.a(alt_irq_vars.o)
 .text          0x02805cd8      0x2e4 ../count_binary_bsp/\libhal_bsp.a(alt_open.o)
                0x02805dd0                open
 .text          0x02805fbc      0x1a4 ../count_binary_bsp/\libhal_bsp.a(alt_tick.o)
                0x02805fbc                alt_alarm_stop
                0x02806054                alt_tick
 .text          0x02806160       0x20 ../count_binary_bsp/\libhal_bsp.a(altera_nios2_qsys_irq.o)
                0x02806160                altera_nios2_qsys_irq_init
 .text          0x02806180        0x0 ../count_binary_bsp/\libhal_bsp.a(alt_exception_entry.o)
 .text          0x02806180      0x120 ../count_binary_bsp/\libhal_bsp.a(alt_find_file.o)
                0x02806180                alt_find_file
 .text          0x028062a0       0xd0 ../count_binary_bsp/\libhal_bsp.a(alt_get_fd.o)
                0x028062a0                alt_get_fd
 .text          0x02806370       0x14 c:/altera/13.0sp1/nios2eds/bin/gnu/h-i686-mingw32/bin/../lib/gcc/nios2-elf/4.1.2/../../../../nios2-elf/lib/mno-hw-mul\libc.a(lib_a-atexit.o)
                0x02806370                atexit
 .text          0x02806384       0x38 c:/altera/13.0sp1/nios2eds/bin/gnu/h-i686-mingw32/bin/../lib/gcc/nios2-elf/4.1.2/../../../../nios2-elf/lib/mno-hw-mul\libc.a(lib_a-exit.o)
                0x02806384                exit
 .text          0x028063bc       0x74 c:/altera/13.0sp1/nios2eds/bin/gnu/h-i686-mingw32/bin/../lib/gcc/nios2-elf/4.1.2/../../../../nios2-elf/lib/mno-hw-mul\libc.a(lib_a-memcmp.o)
                0x028063bc                memcmp
 .text          0x02806430      0x134 c:/altera/13.0sp1/nios2eds/bin/gnu/h-i686-mingw32/bin/../lib/gcc/nios2-elf/4.1.2/../../../../nios2-elf/lib/mno-hw-mul\libc.a(lib_a-__atexit.o)
                0x02806430                __register_exitproc
 .text          0x02806564      0x1b4 c:/altera/13.0sp1/nios2eds/bin/gnu/h-i686-mingw32/bin/../lib/gcc/nios2-elf/4.1.2/../../../../nios2-elf/lib/mno-hw-mul\libc.a(lib_a-__call_atexit.o)
                0x02806568                __call_exitprocs
 .text          0x02806718      0x14c c:/altera/13.0sp1/nios2eds/bin/gnu/h-i686-mingw32/bin/../lib/gcc/nios2-elf/4.1.2/mno-hw-mul\libgcc.a(lib2-divmod.o)
                0x02806794                __divsi3
                0x028067f4                __modsi3
                0x02806854                __udivsi3
                0x0280685c                __umodsi3
 .text          0x02806864       0x60 ../count_binary_bsp/\libhal_bsp.a(alt_exit.o)
                0x028068a4                _exit
 *(.gnu.warning.*)
 *(.fini)
                0x028068c4                PROVIDE (__etext, ABSOLUTE (.))
                0x028068c4                PROVIDE (_etext, ABSOLUTE (.))
                0x028068c4                PROVIDE (etext, ABSOLUTE (.))
 *(.eh_frame_hdr)
                0x028068c4                . = ALIGN (0x4)
                0x028068c4                PROVIDE (__preinit_array_start, ABSOLUTE (.))
 *(.preinit_array)
                0x028068c4                PROVIDE (__preinit_array_end, ABSOLUTE (.))
                0x028068c4                PROVIDE (__init_array_start, ABSOLUTE (.))
 *(.init_array)
                0x028068c4                PROVIDE (__init_array_end, ABSOLUTE (.))
                0x028068c4                PROVIDE (__fini_array_start, ABSOLUTE (.))
 *(.fini_array)
                0x028068c4                PROVIDE (__fini_array_end, ABSOLUTE (.))
 *(.eh_frame)
 *(.gcc_except_table)
 *(.dynamic)
                0x028068c4                PROVIDE (__CTOR_LIST__, ABSOLUTE (.))
 *(.ctors)
 *(SORT(.ctors.*))
 .ctors.65535   0x028068c4        0x4 c:/altera/13.0sp1/nios2eds/bin/gnu/h-i686-mingw32/bin/../lib/gcc/nios2-elf/4.1.2/../../../../nios2-elf/lib/mno-hw-mul\libc.a(lib_a-__call_atexit.o)
                0x028068c8                PROVIDE (__CTOR_END__, ABSOLUTE (.))
                0x028068c8                PROVIDE (__DTOR_LIST__, ABSOLUTE (.))
 *(.dtors)
 *(SORT(.dtors.*))
                0x028068c8                PROVIDE (__DTOR_END__, ABSOLUTE (.))
 *(.jcr)
                0x028068c8                . = ALIGN (0x4)

.rodata         0x028068c8       0x70
                0x028068c8                PROVIDE (__ram_rodata_start, ABSOLUTE (.))
                0x028068c8                . = ALIGN (0x4)
 *(.rodata .rodata.* .gnu.linkonce.r.*)
 .rodata        0x028068c8       0x30 obj/default/count_binary.o
 .rodata.str1.4
                0x028068f8        0x2 c:/altera/13.0sp1/nios2eds/bin/gnu/h-i686-mingw32/bin/../lib/gcc/nios2-elf/4.1.2/../../../../nios2-elf/lib/mno-hw-mul\libc.a(lib_a-puts.o)
                                  0x4 (size before relaxing)
 *fill*         0x028068fa        0x2 00
 .rodata.str1.4
                0x028068fc        0x4 c:/altera/13.0sp1/nios2eds/bin/gnu/h-i686-mingw32/bin/../lib/gcc/nios2-elf/4.1.2/../../../../nios2-elf/lib/mno-hw-mul\libc.a(lib_a-impure.o)
 .rodata        0x02806900        0xc ../count_binary_bsp/\libhal_bsp.a(alt_dev.o)
 .rodata        0x0280690c       0x10 ../count_binary_bsp/\libhal_bsp.a(alt_main.o)
 .rodata        0x0280691c       0x1c ../count_binary_bsp/\libhal_bsp.a(alt_sys_init.o)
 *(.rodata1)
                0x02806938                . = ALIGN (0x4)
                0x02806938                PROVIDE (__ram_rodata_end, ABSOLUTE (.))
                0x028068c8                PROVIDE (__flash_rodata_start, LOADADDR (.rodata))

.rwdata         0x02806938     0x1b34 load address 0x0280846c
                0x02806938                PROVIDE (__ram_rwdata_start, ABSOLUTE (.))
                0x02806938                . = ALIGN (0x4)
 *(.got.plt)
 *(.got)
 *(.data1)
 *(.data .data.* .gnu.linkonce.d.*)
 .data          0x02806938        0x0 ../count_binary_bsp//obj/HAL/src/crt0.o
 .data          0x02806938        0x0 obj/default/count_binary.o
 .data          0x02806938        0x0 c:/altera/13.0sp1/nios2eds/bin/gnu/h-i686-mingw32/bin/../lib/gcc/nios2-elf/4.1.2/../../../../nios2-elf/lib/mno-hw-mul\libc.a(lib_a-memcpy.o)
 .data          0x02806938        0x0 c:/altera/13.0sp1/nios2eds/bin/gnu/h-i686-mingw32/bin/../lib/gcc/nios2-elf/4.1.2/../../../../nios2-elf/lib/mno-hw-mul\libc.a(lib_a-puts.o)
 .data          0x02806938        0x0 c:/altera/13.0sp1/nios2eds/bin/gnu/h-i686-mingw32/bin/../lib/gcc/nios2-elf/4.1.2/../../../../nios2-elf/lib/mno-hw-mul\libc.a(lib_a-strlen.o)
 .data          0x02806938        0x0 c:/altera/13.0sp1/nios2eds/bin/gnu/h-i686-mingw32/bin/../lib/gcc/nios2-elf/4.1.2/../../../../nios2-elf/lib/mno-hw-mul\libc.a(lib_a-fvwrite.o)
 .data          0x02806938      0x400 c:/altera/13.0sp1/nios2eds/bin/gnu/h-i686-mingw32/bin/../lib/gcc/nios2-elf/4.1.2/../../../../nios2-elf/lib/mno-hw-mul\libc.a(lib_a-impure.o)
 .data          0x02806d38      0x408 c:/altera/13.0sp1/nios2eds/bin/gnu/h-i686-mingw32/bin/../lib/gcc/nios2-elf/4.1.2/../../../../nios2-elf/lib/mno-hw-mul\libc.a(lib_a-mallocr.o)
                0x02806d38                __malloc_av_
 .data          0x02807140        0x0 c:/altera/13.0sp1/nios2eds/bin/gnu/h-i686-mingw32/bin/../lib/gcc/nios2-elf/4.1.2/../../../../nios2-elf/lib/mno-hw-mul\libc.a(lib_a-memchr.o)
 .data          0x02807140        0x0 c:/altera/13.0sp1/nios2eds/bin/gnu/h-i686-mingw32/bin/../lib/gcc/nios2-elf/4.1.2/../../../../nios2-elf/lib/mno-hw-mul\libc.a(lib_a-memmove.o)
 .data          0x02807140        0x0 c:/altera/13.0sp1/nios2eds/bin/gnu/h-i686-mingw32/bin/../lib/gcc/nios2-elf/4.1.2/../../../../nios2-elf/lib/mno-hw-mul\libc.a(lib_a-reallocr.o)
 .data          0x02807140        0x0 c:/altera/13.0sp1/nios2eds/bin/gnu/h-i686-mingw32/bin/../lib/gcc/nios2-elf/4.1.2/../../../../nios2-elf/lib/mno-hw-mul\libc.a(lib_a-sbrkr.o)
 .data          0x02807140        0x0 c:/altera/13.0sp1/nios2eds/bin/gnu/h-i686-mingw32/bin/../lib/gcc/nios2-elf/4.1.2/../../../../nios2-elf/lib/mno-hw-mul\libc.a(lib_a-wsetup.o)
 .data          0x02807140        0x0 c:/altera/13.0sp1/nios2eds/bin/gnu/h-i686-mingw32/bin/../lib/gcc/nios2-elf/4.1.2/../../../../nios2-elf/lib/mno-hw-mul\libc.a(lib_a-fflush.o)
 .data          0x02807140        0x0 c:/altera/13.0sp1/nios2eds/bin/gnu/h-i686-mingw32/bin/../lib/gcc/nios2-elf/4.1.2/../../../../nios2-elf/lib/mno-hw-mul\libc.a(lib_a-findfp.o)
 .data          0x02807140        0x0 c:/altera/13.0sp1/nios2eds/bin/gnu/h-i686-mingw32/bin/../lib/gcc/nios2-elf/4.1.2/../../../../nios2-elf/lib/mno-hw-mul\libc.a(lib_a-freer.o)
 .data          0x02807140        0x0 c:/altera/13.0sp1/nios2eds/bin/gnu/h-i686-mingw32/bin/../lib/gcc/nios2-elf/4.1.2/../../../../nios2-elf/lib/mno-hw-mul\libc.a(lib_a-fwalk.o)
 .data          0x02807140        0x0 c:/altera/13.0sp1/nios2eds/bin/gnu/h-i686-mingw32/bin/../lib/gcc/nios2-elf/4.1.2/../../../../nios2-elf/lib/mno-hw-mul\libc.a(lib_a-int_errno.o)
 .data          0x02807140        0x0 c:/altera/13.0sp1/nios2eds/bin/gnu/h-i686-mingw32/bin/../lib/gcc/nios2-elf/4.1.2/../../../../nios2-elf/lib/mno-hw-mul\libc.a(lib_a-makebuf.o)
 .data          0x02807140        0x0 c:/altera/13.0sp1/nios2eds/bin/gnu/h-i686-mingw32/bin/../lib/gcc/nios2-elf/4.1.2/../../../../nios2-elf/lib/mno-hw-mul\libc.a(lib_a-memset.o)
 .data          0x02807140        0x0 c:/altera/13.0sp1/nios2eds/bin/gnu/h-i686-mingw32/bin/../lib/gcc/nios2-elf/4.1.2/../../../../nios2-elf/lib/mno-hw-mul\libc.a(lib_a-stdio.o)
 .data          0x02807140        0x0 c:/altera/13.0sp1/nios2eds/bin/gnu/h-i686-mingw32/bin/../lib/gcc/nios2-elf/4.1.2/../../../../nios2-elf/lib/mno-hw-mul\libc.a(lib_a-writer.o)
 .data          0x02807140        0x0 c:/altera/13.0sp1/nios2eds/bin/gnu/h-i686-mingw32/bin/../lib/gcc/nios2-elf/4.1.2/../../../../nios2-elf/lib/mno-hw-mul\libc.a(lib_a-closer.o)
 .data          0x02807140        0x0 c:/altera/13.0sp1/nios2eds/bin/gnu/h-i686-mingw32/bin/../lib/gcc/nios2-elf/4.1.2/../../../../nios2-elf/lib/mno-hw-mul\libc.a(lib_a-fclose.o)
 .data          0x02807140        0x0 c:/altera/13.0sp1/nios2eds/bin/gnu/h-i686-mingw32/bin/../lib/gcc/nios2-elf/4.1.2/../../../../nios2-elf/lib/mno-hw-mul\libc.a(lib_a-fstatr.o)
 .data          0x02807140        0x0 c:/altera/13.0sp1/nios2eds/bin/gnu/h-i686-mingw32/bin/../lib/gcc/nios2-elf/4.1.2/../../../../nios2-elf/lib/mno-hw-mul\libc.a(lib_a-isattyr.o)
 .data          0x02807140        0x0 c:/altera/13.0sp1/nios2eds/bin/gnu/h-i686-mingw32/bin/../lib/gcc/nios2-elf/4.1.2/../../../../nios2-elf/lib/mno-hw-mul\libc.a(lib_a-lseekr.o)
 .data          0x02807140        0x0 c:/altera/13.0sp1/nios2eds/bin/gnu/h-i686-mingw32/bin/../lib/gcc/nios2-elf/4.1.2/../../../../nios2-elf/lib/mno-hw-mul\libc.a(lib_a-readr.o)
 .data          0x02807140        0x0 c:/altera/13.0sp1/nios2eds/bin/gnu/h-i686-mingw32/bin/../lib/gcc/nios2-elf/4.1.2/mno-hw-mul\libgcc.a(lib2-mul.o)
 .data          0x02807140        0x0 ../count_binary_bsp/\libhal_bsp.a(alt_close.o)
 .data          0x02807140      0x1a8 ../count_binary_bsp/\libhal_bsp.a(alt_dev.o)
                0x02807140                alt_dev_null
                0x02807168                alt_fd_list
 .data          0x028072e8        0x0 ../count_binary_bsp/\libhal_bsp.a(alt_errno.o)
 .data          0x028072e8        0x0 ../count_binary_bsp/\libhal_bsp.a(alt_fstat.o)
 .data          0x028072e8        0x0 ../count_binary_bsp/\libhal_bsp.a(alt_isatty.o)
 .data          0x028072e8        0x0 ../count_binary_bsp/\libhal_bsp.a(alt_load.o)
 .data          0x028072e8        0x0 ../count_binary_bsp/\libhal_bsp.a(alt_lseek.o)
 .data          0x028072e8        0x0 ../count_binary_bsp/\libhal_bsp.a(alt_main.o)
 .data          0x028072e8        0x0 ../count_binary_bsp/\libhal_bsp.a(alt_malloc_lock.o)
 .data          0x028072e8        0x0 ../count_binary_bsp/\libhal_bsp.a(alt_read.o)
 .data          0x028072e8        0x0 ../count_binary_bsp/\libhal_bsp.a(alt_release_fd.o)
 .data          0x028072e8        0x0 ../count_binary_bsp/\libhal_bsp.a(alt_sbrk.o)
 .data          0x028072e8        0x0 ../count_binary_bsp/\libhal_bsp.a(alt_usleep.o)
 .data          0x028072e8        0x0 ../count_binary_bsp/\libhal_bsp.a(alt_write.o)
 .data          0x028072e8     0x113c ../count_binary_bsp/\libhal_bsp.a(alt_sys_init.o)
 .data          0x02808424        0x0 ../count_binary_bsp/\libhal_bsp.a(altera_avalon_dma.o)
 .data          0x02808424        0x0 ../count_binary_bsp/\libhal_bsp.a(altera_avalon_jtag_uart_fd.o)
 .data          0x02808424        0x0 ../count_binary_bsp/\libhal_bsp.a(altera_avalon_jtag_uart_init.o)
 .data          0x02808424        0x0 ../count_binary_bsp/\libhal_bsp.a(altera_avalon_jtag_uart_ioctl.o)
 .data          0x02808424        0x0 ../count_binary_bsp/\libhal_bsp.a(altera_avalon_jtag_uart_read.o)
 .data          0x02808424        0x0 ../count_binary_bsp/\libhal_bsp.a(altera_avalon_jtag_uart_write.o)
 .data          0x02808424        0x0 ../count_binary_bsp/\libhal_bsp.a(altera_avalon_timer_vars.o)
 .data          0x02808424        0x0 ../count_binary_bsp/\libhal_bsp.a(alt_alarm_start.o)
 .data          0x02808424        0x0 ../count_binary_bsp/\libhal_bsp.a(alt_busy_sleep.o)
 .data          0x02808424        0x0 ../count_binary_bsp/\libhal_bsp.a(alt_dcache_flush_all.o)
 .data          0x02808424        0x0 ../count_binary_bsp/\libhal_bsp.a(alt_dev_llist_insert.o)
 .data          0x02808424        0x0 ../count_binary_bsp/\libhal_bsp.a(alt_dma_rxchan_open.o)
 .data          0x02808424        0x0 ../count_binary_bsp/\libhal_bsp.a(alt_dma_txchan_open.o)
 .data          0x02808424        0x0 ../count_binary_bsp/\libhal_bsp.a(alt_do_ctors.o)
 .data          0x02808424        0x0 ../count_binary_bsp/\libhal_bsp.a(alt_do_dtors.o)
 .data          0x02808424        0x0 ../count_binary_bsp/\libhal_bsp.a(alt_find_dev.o)
 .data          0x02808424        0x0 ../count_binary_bsp/\libhal_bsp.a(alt_icache_flush_all.o)
 .data          0x02808424        0x0 ../count_binary_bsp/\libhal_bsp.a(alt_iic.o)
 .data          0x02808424        0x0 ../count_binary_bsp/\libhal_bsp.a(alt_iic_isr_register.o)
 .data          0x02808424        0x0 ../count_binary_bsp/\libhal_bsp.a(alt_io_redirect.o)
 .data          0x02808424        0x0 ../count_binary_bsp/\libhal_bsp.a(alt_irq_entry.o)
 .data          0x02808424        0x0 ../count_binary_bsp/\libhal_bsp.a(alt_irq_handler.o)
 .data          0x02808424        0x0 ../count_binary_bsp/\libhal_bsp.a(alt_irq_vars.o)
 .data          0x02808424        0x0 ../count_binary_bsp/\libhal_bsp.a(alt_open.o)
 .data          0x02808424        0x0 ../count_binary_bsp/\libhal_bsp.a(alt_tick.o)
 .data          0x02808424        0x0 ../count_binary_bsp/\libhal_bsp.a(altera_nios2_qsys_irq.o)
 .data          0x02808424        0x0 ../count_binary_bsp/\libhal_bsp.a(alt_exception_entry.o)
 .data          0x02808424        0x0 ../count_binary_bsp/\libhal_bsp.a(alt_find_file.o)
 .data          0x02808424        0x0 ../count_binary_bsp/\libhal_bsp.a(alt_get_fd.o)
 .data          0x02808424        0x0 c:/altera/13.0sp1/nios2eds/bin/gnu/h-i686-mingw32/bin/../lib/gcc/nios2-elf/4.1.2/../../../../nios2-elf/lib/mno-hw-mul\libc.a(lib_a-atexit.o)
 .data          0x02808424        0x0 c:/altera/13.0sp1/nios2eds/bin/gnu/h-i686-mingw32/bin/../lib/gcc/nios2-elf/4.1.2/../../../../nios2-elf/lib/mno-hw-mul\libc.a(lib_a-exit.o)
 .data          0x02808424        0x0 c:/altera/13.0sp1/nios2eds/bin/gnu/h-i686-mingw32/bin/../lib/gcc/nios2-elf/4.1.2/../../../../nios2-elf/lib/mno-hw-mul\libc.a(lib_a-memcmp.o)
 .data          0x02808424        0x0 c:/altera/13.0sp1/nios2eds/bin/gnu/h-i686-mingw32/bin/../lib/gcc/nios2-elf/4.1.2/../../../../nios2-elf/lib/mno-hw-mul\libc.a(lib_a-__atexit.o)
 .data          0x02808424        0x0 c:/altera/13.0sp1/nios2eds/bin/gnu/h-i686-mingw32/bin/../lib/gcc/nios2-elf/4.1.2/../../../../nios2-elf/lib/mno-hw-mul\libc.a(lib_a-__call_atexit.o)
 .data          0x02808424        0x0 c:/altera/13.0sp1/nios2eds/bin/gnu/h-i686-mingw32/bin/../lib/gcc/nios2-elf/4.1.2/mno-hw-mul\libgcc.a(lib2-divmod.o)
 .data          0x02808424        0x0 ../count_binary_bsp/\libhal_bsp.a(alt_exit.o)
                0x02810424                _gp = ABSOLUTE ((. + 0x8000))
                0x02810424                PROVIDE (gp, _gp)
 *(.rwdata .rwdata.*)
 *(.sdata .sdata.* .gnu.linkonce.s.*)
 .sdata         0x02808424        0x8 c:/altera/13.0sp1/nios2eds/bin/gnu/h-i686-mingw32/bin/../lib/gcc/nios2-elf/4.1.2/../../../../nios2-elf/lib/mno-hw-mul\libc.a(lib_a-impure.o)
                0x02808424                _impure_ptr
                0x02808428                _global_impure_ptr
 .sdata         0x0280842c        0x8 c:/altera/13.0sp1/nios2eds/bin/gnu/h-i686-mingw32/bin/../lib/gcc/nios2-elf/4.1.2/../../../../nios2-elf/lib/mno-hw-mul\libc.a(lib_a-mallocr.o)
                0x0280842c                __malloc_trim_threshold
                0x02808430                __malloc_sbrk_base
 .sdata         0x02808434       0x14 ../count_binary_bsp/\libhal_bsp.a(alt_dev.o)
                0x02808434                alt_fs_list
                0x0280843c                alt_dev_list
                0x02808444                alt_max_fd
 .sdata         0x02808448        0x4 ../count_binary_bsp/\libhal_bsp.a(alt_errno.o)
                0x02808448                alt_errno
 .sdata         0x0280844c        0x4 ../count_binary_bsp/\libhal_bsp.a(alt_sbrk.o)
 .sdata         0x02808450        0x8 ../count_binary_bsp/\libhal_bsp.a(alt_dma_rxchan_open.o)
                0x02808450                alt_dma_rxchan_list
 .sdata         0x02808458        0x8 ../count_binary_bsp/\libhal_bsp.a(alt_dma_txchan_open.o)
                0x02808458                alt_dma_txchan_list
 .sdata         0x02808460        0x4 ../count_binary_bsp/\libhal_bsp.a(alt_irq_vars.o)
                0x02808460                alt_priority_mask
 .sdata         0x02808464        0x8 ../count_binary_bsp/\libhal_bsp.a(alt_tick.o)
                0x02808464                alt_alarm_list
 *(.sdata2 .sdata2.* .gnu.linkonce.s2.*)
                0x0280846c                . = ALIGN (0x4)
                0x0280846c                _edata = ABSOLUTE (.)
                0x0280846c                PROVIDE (edata, ABSOLUTE (.))
                0x0280846c                PROVIDE (__ram_rwdata_end, ABSOLUTE (.))
                0x0280846c                PROVIDE (__flash_rwdata_start, LOADADDR (.rwdata))

.bss            0x02809fa0      0x2e8
                0x02809fa0                __bss_start = ABSOLUTE (.)
                0x02809fa0                PROVIDE (__sbss_start, ABSOLUTE (.))
                0x02809fa0                PROVIDE (___sbss_start, ABSOLUTE (.))
 *(.dynsbss)
 *(.sbss .sbss.* .gnu.linkonce.sb.*)
 .sbss          0x02809fa0        0xc c:/altera/13.0sp1/nios2eds/bin/gnu/h-i686-mingw32/bin/../lib/gcc/nios2-elf/4.1.2/../../../../nios2-elf/lib/mno-hw-mul\libc.a(lib_a-mallocr.o)
                0x02809fa0                __malloc_top_pad
                0x02809fa4                __malloc_max_sbrked_mem
                0x02809fa8                __malloc_max_total_mem
 .sbss          0x02809fac        0x4 c:/altera/13.0sp1/nios2eds/bin/gnu/h-i686-mingw32/bin/../lib/gcc/nios2-elf/4.1.2/../../../../nios2-elf/lib/mno-hw-mul\libc.a(lib_a-int_errno.o)
                0x02809fac                errno
 .sbss          0x02809fb0        0xc ../count_binary_bsp/\libhal_bsp.a(alt_main.o)
                0x02809fb0                alt_argc
                0x02809fb4                alt_argv
                0x02809fb8                alt_envp
 .sbss          0x02809fbc        0x8 ../count_binary_bsp/\libhal_bsp.a(altera_avalon_timer_vars.o)
                0x02809fbc                altera_avalon_timer_ts_base
                0x02809fc0                altera_avalon_timer_ts_freq
 .sbss          0x02809fc4        0x4 ../count_binary_bsp/\libhal_bsp.a(alt_irq_vars.o)
                0x02809fc4                alt_irq_active
 .sbss          0x02809fc8        0x8 ../count_binary_bsp/\libhal_bsp.a(alt_tick.o)
                0x02809fc8                _alt_tick_rate
                0x02809fcc                _alt_nticks
 *(.sbss2 .sbss2.* .gnu.linkonce.sb2.*)
 *(.scommon)
                0x02809fd0                PROVIDE (__sbss_end, ABSOLUTE (.))
                0x02809fd0                PROVIDE (___sbss_end, ABSOLUTE (.))
 *(.dynbss)
 *(.bss .bss.* .gnu.linkonce.b.*)
 .bss           0x02809fd0        0x0 ../count_binary_bsp//obj/HAL/src/crt0.o
 .bss           0x02809fd0        0x0 obj/default/count_binary.o
 .bss           0x02809fd0        0x0 c:/altera/13.0sp1/nios2eds/bin/gnu/h-i686-mingw32/bin/../lib/gcc/nios2-elf/4.1.2/../../../../nios2-elf/lib/mno-hw-mul\libc.a(lib_a-memcpy.o)
 .bss           0x02809fd0        0x0 c:/altera/13.0sp1/nios2eds/bin/gnu/h-i686-mingw32/bin/../lib/gcc/nios2-elf/4.1.2/../../../../nios2-elf/lib/mno-hw-mul\libc.a(lib_a-puts.o)
 .bss           0x02809fd0        0x0 c:/altera/13.0sp1/nios2eds/bin/gnu/h-i686-mingw32/bin/../lib/gcc/nios2-elf/4.1.2/../../../../nios2-elf/lib/mno-hw-mul\libc.a(lib_a-strlen.o)
 .bss           0x02809fd0        0x0 c:/altera/13.0sp1/nios2eds/bin/gnu/h-i686-mingw32/bin/../lib/gcc/nios2-elf/4.1.2/../../../../nios2-elf/lib/mno-hw-mul\libc.a(lib_a-fvwrite.o)
 .bss           0x02809fd0        0x0 c:/altera/13.0sp1/nios2eds/bin/gnu/h-i686-mingw32/bin/../lib/gcc/nios2-elf/4.1.2/../../../../nios2-elf/lib/mno-hw-mul\libc.a(lib_a-impure.o)
 .bss           0x02809fd0       0x28 c:/altera/13.0sp1/nios2eds/bin/gnu/h-i686-mingw32/bin/../lib/gcc/nios2-elf/4.1.2/../../../../nios2-elf/lib/mno-hw-mul\libc.a(lib_a-mallocr.o)
                0x02809fd0                __malloc_current_mallinfo
 .bss           0x02809ff8        0x0 c:/altera/13.0sp1/nios2eds/bin/gnu/h-i686-mingw32/bin/../lib/gcc/nios2-elf/4.1.2/../../../../nios2-elf/lib/mno-hw-mul\libc.a(lib_a-memchr.o)
 .bss           0x02809ff8        0x0 c:/altera/13.0sp1/nios2eds/bin/gnu/h-i686-mingw32/bin/../lib/gcc/nios2-elf/4.1.2/../../../../nios2-elf/lib/mno-hw-mul\libc.a(lib_a-memmove.o)
 .bss           0x02809ff8        0x0 c:/altera/13.0sp1/nios2eds/bin/gnu/h-i686-mingw32/bin/../lib/gcc/nios2-elf/4.1.2/../../../../nios2-elf/lib/mno-hw-mul\libc.a(lib_a-reallocr.o)
 .bss           0x02809ff8        0x0 c:/altera/13.0sp1/nios2eds/bin/gnu/h-i686-mingw32/bin/../lib/gcc/nios2-elf/4.1.2/../../../../nios2-elf/lib/mno-hw-mul\libc.a(lib_a-sbrkr.o)
 .bss           0x02809ff8        0x0 c:/altera/13.0sp1/nios2eds/bin/gnu/h-i686-mingw32/bin/../lib/gcc/nios2-elf/4.1.2/../../../../nios2-elf/lib/mno-hw-mul\libc.a(lib_a-wsetup.o)
 .bss           0x02809ff8        0x0 c:/altera/13.0sp1/nios2eds/bin/gnu/h-i686-mingw32/bin/../lib/gcc/nios2-elf/4.1.2/../../../../nios2-elf/lib/mno-hw-mul\libc.a(lib_a-fflush.o)
 .bss           0x02809ff8        0x0 c:/altera/13.0sp1/nios2eds/bin/gnu/h-i686-mingw32/bin/../lib/gcc/nios2-elf/4.1.2/../../../../nios2-elf/lib/mno-hw-mul\libc.a(lib_a-findfp.o)
 .bss           0x02809ff8        0x0 c:/altera/13.0sp1/nios2eds/bin/gnu/h-i686-mingw32/bin/../lib/gcc/nios2-elf/4.1.2/../../../../nios2-elf/lib/mno-hw-mul\libc.a(lib_a-freer.o)
 .bss           0x02809ff8        0x0 c:/altera/13.0sp1/nios2eds/bin/gnu/h-i686-mingw32/bin/../lib/gcc/nios2-elf/4.1.2/../../../../nios2-elf/lib/mno-hw-mul\libc.a(lib_a-fwalk.o)
 .bss           0x02809ff8        0x0 c:/altera/13.0sp1/nios2eds/bin/gnu/h-i686-mingw32/bin/../lib/gcc/nios2-elf/4.1.2/../../../../nios2-elf/lib/mno-hw-mul\libc.a(lib_a-int_errno.o)
 .bss           0x02809ff8        0x0 c:/altera/13.0sp1/nios2eds/bin/gnu/h-i686-mingw32/bin/../lib/gcc/nios2-elf/4.1.2/../../../../nios2-elf/lib/mno-hw-mul\libc.a(lib_a-makebuf.o)
 .bss           0x02809ff8        0x0 c:/altera/13.0sp1/nios2eds/bin/gnu/h-i686-mingw32/bin/../lib/gcc/nios2-elf/4.1.2/../../../../nios2-elf/lib/mno-hw-mul\libc.a(lib_a-memset.o)
 .bss           0x02809ff8        0x0 c:/altera/13.0sp1/nios2eds/bin/gnu/h-i686-mingw32/bin/../lib/gcc/nios2-elf/4.1.2/../../../../nios2-elf/lib/mno-hw-mul\libc.a(lib_a-stdio.o)
 .bss           0x02809ff8        0x0 c:/altera/13.0sp1/nios2eds/bin/gnu/h-i686-mingw32/bin/../lib/gcc/nios2-elf/4.1.2/../../../../nios2-elf/lib/mno-hw-mul\libc.a(lib_a-writer.o)
 .bss           0x02809ff8        0x0 c:/altera/13.0sp1/nios2eds/bin/gnu/h-i686-mingw32/bin/../lib/gcc/nios2-elf/4.1.2/../../../../nios2-elf/lib/mno-hw-mul\libc.a(lib_a-closer.o)
 .bss           0x02809ff8        0x0 c:/altera/13.0sp1/nios2eds/bin/gnu/h-i686-mingw32/bin/../lib/gcc/nios2-elf/4.1.2/../../../../nios2-elf/lib/mno-hw-mul\libc.a(lib_a-fclose.o)
 .bss           0x02809ff8        0x0 c:/altera/13.0sp1/nios2eds/bin/gnu/h-i686-mingw32/bin/../lib/gcc/nios2-elf/4.1.2/../../../../nios2-elf/lib/mno-hw-mul\libc.a(lib_a-fstatr.o)
 .bss           0x02809ff8        0x0 c:/altera/13.0sp1/nios2eds/bin/gnu/h-i686-mingw32/bin/../lib/gcc/nios2-elf/4.1.2/../../../../nios2-elf/lib/mno-hw-mul\libc.a(lib_a-isattyr.o)
 .bss           0x02809ff8        0x0 c:/altera/13.0sp1/nios2eds/bin/gnu/h-i686-mingw32/bin/../lib/gcc/nios2-elf/4.1.2/../../../../nios2-elf/lib/mno-hw-mul\libc.a(lib_a-lseekr.o)
 .bss           0x02809ff8        0x0 c:/altera/13.0sp1/nios2eds/bin/gnu/h-i686-mingw32/bin/../lib/gcc/nios2-elf/4.1.2/../../../../nios2-elf/lib/mno-hw-mul\libc.a(lib_a-readr.o)
 .bss           0x02809ff8        0x0 c:/altera/13.0sp1/nios2eds/bin/gnu/h-i686-mingw32/bin/../lib/gcc/nios2-elf/4.1.2/mno-hw-mul\libgcc.a(lib2-mul.o)
 .bss           0x02809ff8        0x0 ../count_binary_bsp/\libhal_bsp.a(alt_close.o)
 .bss           0x02809ff8        0x0 ../count_binary_bsp/\libhal_bsp.a(alt_dev.o)
 .bss           0x02809ff8        0x0 ../count_binary_bsp/\libhal_bsp.a(alt_errno.o)
 .bss           0x02809ff8        0x0 ../count_binary_bsp/\libhal_bsp.a(alt_fstat.o)
 .bss           0x02809ff8        0x0 ../count_binary_bsp/\libhal_bsp.a(alt_isatty.o)
 .bss           0x02809ff8        0x0 ../count_binary_bsp/\libhal_bsp.a(alt_load.o)
 .bss           0x02809ff8        0x0 ../count_binary_bsp/\libhal_bsp.a(alt_lseek.o)
 .bss           0x02809ff8        0x0 ../count_binary_bsp/\libhal_bsp.a(alt_main.o)
 .bss           0x02809ff8        0x0 ../count_binary_bsp/\libhal_bsp.a(alt_malloc_lock.o)
 .bss           0x02809ff8        0x0 ../count_binary_bsp/\libhal_bsp.a(alt_read.o)
 .bss           0x02809ff8        0x0 ../count_binary_bsp/\libhal_bsp.a(alt_release_fd.o)
 .bss           0x02809ff8        0x0 ../count_binary_bsp/\libhal_bsp.a(alt_sbrk.o)
 .bss           0x02809ff8        0x0 ../count_binary_bsp/\libhal_bsp.a(alt_usleep.o)
 .bss           0x02809ff8        0x0 ../count_binary_bsp/\libhal_bsp.a(alt_write.o)
 .bss           0x02809ff8        0x0 ../count_binary_bsp/\libhal_bsp.a(alt_sys_init.o)
 .bss           0x02809ff8        0x0 ../count_binary_bsp/\libhal_bsp.a(altera_avalon_dma.o)
 .bss           0x02809ff8        0x0 ../count_binary_bsp/\libhal_bsp.a(altera_avalon_jtag_uart_fd.o)
 .bss           0x02809ff8        0x0 ../count_binary_bsp/\libhal_bsp.a(altera_avalon_jtag_uart_init.o)
 .bss           0x02809ff8        0x0 ../count_binary_bsp/\libhal_bsp.a(altera_avalon_jtag_uart_ioctl.o)
 .bss           0x02809ff8        0x0 ../count_binary_bsp/\libhal_bsp.a(altera_avalon_jtag_uart_read.o)
 .bss           0x02809ff8        0x0 ../count_binary_bsp/\libhal_bsp.a(altera_avalon_jtag_uart_write.o)
 .bss           0x02809ff8        0x0 ../count_binary_bsp/\libhal_bsp.a(altera_avalon_timer_vars.o)
 .bss           0x02809ff8        0x0 ../count_binary_bsp/\libhal_bsp.a(alt_alarm_start.o)
 .bss           0x02809ff8        0x0 ../count_binary_bsp/\libhal_bsp.a(alt_busy_sleep.o)
 .bss           0x02809ff8        0x0 ../count_binary_bsp/\libhal_bsp.a(alt_dcache_flush_all.o)
 .bss           0x02809ff8        0x0 ../count_binary_bsp/\libhal_bsp.a(alt_dev_llist_insert.o)
 .bss           0x02809ff8        0x0 ../count_binary_bsp/\libhal_bsp.a(alt_dma_rxchan_open.o)
 .bss           0x02809ff8        0x0 ../count_binary_bsp/\libhal_bsp.a(alt_dma_txchan_open.o)
 .bss           0x02809ff8        0x0 ../count_binary_bsp/\libhal_bsp.a(alt_do_ctors.o)
 .bss           0x02809ff8        0x0 ../count_binary_bsp/\libhal_bsp.a(alt_do_dtors.o)
 .bss           0x02809ff8        0x0 ../count_binary_bsp/\libhal_bsp.a(alt_find_dev.o)
 .bss           0x02809ff8        0x0 ../count_binary_bsp/\libhal_bsp.a(alt_icache_flush_all.o)
 .bss           0x02809ff8        0x0 ../count_binary_bsp/\libhal_bsp.a(alt_iic.o)
 .bss           0x02809ff8        0x0 ../count_binary_bsp/\libhal_bsp.a(alt_iic_isr_register.o)
 .bss           0x02809ff8        0x0 ../count_binary_bsp/\libhal_bsp.a(alt_io_redirect.o)
 .bss           0x02809ff8        0x0 ../count_binary_bsp/\libhal_bsp.a(alt_irq_entry.o)
 .bss           0x02809ff8        0x0 ../count_binary_bsp/\libhal_bsp.a(alt_irq_handler.o)
 .bss           0x02809ff8        0x0 ../count_binary_bsp/\libhal_bsp.a(alt_irq_vars.o)
 .bss           0x02809ff8        0x0 ../count_binary_bsp/\libhal_bsp.a(alt_open.o)
 .bss           0x02809ff8        0x0 ../count_binary_bsp/\libhal_bsp.a(alt_tick.o)
 .bss           0x02809ff8        0x0 ../count_binary_bsp/\libhal_bsp.a(altera_nios2_qsys_irq.o)
 .bss           0x02809ff8        0x0 ../count_binary_bsp/\libhal_bsp.a(alt_exception_entry.o)
 .bss           0x02809ff8        0x0 ../count_binary_bsp/\libhal_bsp.a(alt_find_file.o)
 .bss           0x02809ff8        0x0 ../count_binary_bsp/\libhal_bsp.a(alt_get_fd.o)
 .bss           0x02809ff8        0x0 c:/altera/13.0sp1/nios2eds/bin/gnu/h-i686-mingw32/bin/../lib/gcc/nios2-elf/4.1.2/../../../../nios2-elf/lib/mno-hw-mul\libc.a(lib_a-atexit.o)
 .bss           0x02809ff8        0x0 c:/altera/13.0sp1/nios2eds/bin/gnu/h-i686-mingw32/bin/../lib/gcc/nios2-elf/4.1.2/../../../../nios2-elf/lib/mno-hw-mul\libc.a(lib_a-exit.o)
 .bss           0x02809ff8        0x0 c:/altera/13.0sp1/nios2eds/bin/gnu/h-i686-mingw32/bin/../lib/gcc/nios2-elf/4.1.2/../../../../nios2-elf/lib/mno-hw-mul\libc.a(lib_a-memcmp.o)
 .bss           0x02809ff8        0x0 c:/altera/13.0sp1/nios2eds/bin/gnu/h-i686-mingw32/bin/../lib/gcc/nios2-elf/4.1.2/../../../../nios2-elf/lib/mno-hw-mul\libc.a(lib_a-__atexit.o)
 .bss           0x02809ff8        0x0 c:/altera/13.0sp1/nios2eds/bin/gnu/h-i686-mingw32/bin/../lib/gcc/nios2-elf/4.1.2/../../../../nios2-elf/lib/mno-hw-mul\libc.a(lib_a-__call_atexit.o)
 .bss           0x02809ff8        0x0 c:/altera/13.0sp1/nios2eds/bin/gnu/h-i686-mingw32/bin/../lib/gcc/nios2-elf/4.1.2/mno-hw-mul\libgcc.a(lib2-divmod.o)
 .bss           0x02809ff8        0x0 ../count_binary_bsp/\libhal_bsp.a(alt_exit.o)
 *(COMMON)
 COMMON         0x02809ff8      0x100 ../count_binary_bsp/\libhal_bsp.a(alt_irq_handler.o)
                0x02809ff8                alt_irq
 COMMON         0x0280a0f8      0x190 c:/altera/13.0sp1/nios2eds/bin/gnu/h-i686-mingw32/bin/../lib/gcc/nios2-elf/4.1.2/../../../../nios2-elf/lib/mno-hw-mul\libc.a(lib_a-atexit.o)
                0x0280a0f8                _atexit0
                0x0280a288                . = ALIGN (0x4)
                0x0280a288                __bss_end = ABSOLUTE (.)

.sdram_ctrl     0x0280a288        0x0
                0x0280a288                PROVIDE (_alt_partition_sdram_ctrl_start, ABSOLUTE (.))
 *(.sdram_ctrl. sdram_ctrl.*)
                0x0280a288                . = ALIGN (0x4)
                0x0280a288                PROVIDE (_alt_partition_sdram_ctrl_end, ABSOLUTE (.))
                0x0280a288                _end = ABSOLUTE (.)
                0x0280a288                end = ABSOLUTE (.)
                0x0280a288                __alt_stack_base = ABSOLUTE (.)
                0x0280a288                PROVIDE (_alt_partition_sdram_ctrl_load_addr, LOADADDR (.sdram_ctrl))

.stab
 *(.stab)

.stabstr
 *(.stabstr)

.stab.excl
 *(.stab.excl)

.stab.exclstr
 *(.stab.exclstr)

.stab.index
 *(.stab.index)

.stab.indexstr
 *(.stab.indexstr)

.comment        0x00000000       0x26
 *(.comment)
 .comment       0x00000000       0x26 obj/default/count_binary.o
                                 0x27 (size before relaxing)
 .comment       0x00000000       0x27 c:/altera/13.0sp1/nios2eds/bin/gnu/h-i686-mingw32/bin/../lib/gcc/nios2-elf/4.1.2/../../../../nios2-elf/lib/mno-hw-mul\libc.a(lib_a-memcpy.o)
 .comment       0x00000000       0x27 c:/altera/13.0sp1/nios2eds/bin/gnu/h-i686-mingw32/bin/../lib/gcc/nios2-elf/4.1.2/../../../../nios2-elf/lib/mno-hw-mul\libc.a(lib_a-puts.o)
 .comment       0x00000000       0x27 c:/altera/13.0sp1/nios2eds/bin/gnu/h-i686-mingw32/bin/../lib/gcc/nios2-elf/4.1.2/../../../../nios2-elf/lib/mno-hw-mul\libc.a(lib_a-strlen.o)
 .comment       0x00000000       0x27 c:/altera/13.0sp1/nios2eds/bin/gnu/h-i686-mingw32/bin/../lib/gcc/nios2-elf/4.1.2/../../../../nios2-elf/lib/mno-hw-mul\libc.a(lib_a-fvwrite.o)
 .comment       0x00000000       0x27 c:/altera/13.0sp1/nios2eds/bin/gnu/h-i686-mingw32/bin/../lib/gcc/nios2-elf/4.1.2/../../../../nios2-elf/lib/mno-hw-mul\libc.a(lib_a-impure.o)
 .comment       0x00000000       0x27 c:/altera/13.0sp1/nios2eds/bin/gnu/h-i686-mingw32/bin/../lib/gcc/nios2-elf/4.1.2/../../../../nios2-elf/lib/mno-hw-mul\libc.a(lib_a-mallocr.o)
 .comment       0x00000000       0x27 c:/altera/13.0sp1/nios2eds/bin/gnu/h-i686-mingw32/bin/../lib/gcc/nios2-elf/4.1.2/../../../../nios2-elf/lib/mno-hw-mul\libc.a(lib_a-memchr.o)
 .comment       0x00000000       0x27 c:/altera/13.0sp1/nios2eds/bin/gnu/h-i686-mingw32/bin/../lib/gcc/nios2-elf/4.1.2/../../../../nios2-elf/lib/mno-hw-mul\libc.a(lib_a-memmove.o)
 .comment       0x00000000       0x27 c:/altera/13.0sp1/nios2eds/bin/gnu/h-i686-mingw32/bin/../lib/gcc/nios2-elf/4.1.2/../../../../nios2-elf/lib/mno-hw-mul\libc.a(lib_a-reallocr.o)
 .comment       0x00000000       0x27 c:/altera/13.0sp1/nios2eds/bin/gnu/h-i686-mingw32/bin/../lib/gcc/nios2-elf/4.1.2/../../../../nios2-elf/lib/mno-hw-mul\libc.a(lib_a-sbrkr.o)
 .comment       0x00000000       0x27 c:/altera/13.0sp1/nios2eds/bin/gnu/h-i686-mingw32/bin/../lib/gcc/nios2-elf/4.1.2/../../../../nios2-elf/lib/mno-hw-mul\libc.a(lib_a-wsetup.o)
 .comment       0x00000000       0x27 c:/altera/13.0sp1/nios2eds/bin/gnu/h-i686-mingw32/bin/../lib/gcc/nios2-elf/4.1.2/../../../../nios2-elf/lib/mno-hw-mul\libc.a(lib_a-fflush.o)
 .comment       0x00000000       0x27 c:/altera/13.0sp1/nios2eds/bin/gnu/h-i686-mingw32/bin/../lib/gcc/nios2-elf/4.1.2/../../../../nios2-elf/lib/mno-hw-mul\libc.a(lib_a-findfp.o)
 .comment       0x00000000       0x27 c:/altera/13.0sp1/nios2eds/bin/gnu/h-i686-mingw32/bin/../lib/gcc/nios2-elf/4.1.2/../../../../nios2-elf/lib/mno-hw-mul\libc.a(lib_a-freer.o)
 .comment       0x00000000       0x27 c:/altera/13.0sp1/nios2eds/bin/gnu/h-i686-mingw32/bin/../lib/gcc/nios2-elf/4.1.2/../../../../nios2-elf/lib/mno-hw-mul\libc.a(lib_a-fwalk.o)
 .comment       0x00000000       0x27 c:/altera/13.0sp1/nios2eds/bin/gnu/h-i686-mingw32/bin/../lib/gcc/nios2-elf/4.1.2/../../../../nios2-elf/lib/mno-hw-mul\libc.a(lib_a-int_errno.o)
 .comment       0x00000000       0x27 c:/altera/13.0sp1/nios2eds/bin/gnu/h-i686-mingw32/bin/../lib/gcc/nios2-elf/4.1.2/../../../../nios2-elf/lib/mno-hw-mul\libc.a(lib_a-makebuf.o)
 .comment       0x00000000       0x27 c:/altera/13.0sp1/nios2eds/bin/gnu/h-i686-mingw32/bin/../lib/gcc/nios2-elf/4.1.2/../../../../nios2-elf/lib/mno-hw-mul\libc.a(lib_a-memset.o)
 .comment       0x00000000       0x27 c:/altera/13.0sp1/nios2eds/bin/gnu/h-i686-mingw32/bin/../lib/gcc/nios2-elf/4.1.2/../../../../nios2-elf/lib/mno-hw-mul\libc.a(lib_a-stdio.o)
 .comment       0x00000000       0x27 c:/altera/13.0sp1/nios2eds/bin/gnu/h-i686-mingw32/bin/../lib/gcc/nios2-elf/4.1.2/../../../../nios2-elf/lib/mno-hw-mul\libc.a(lib_a-writer.o)
 .comment       0x00000000       0x27 c:/altera/13.0sp1/nios2eds/bin/gnu/h-i686-mingw32/bin/../lib/gcc/nios2-elf/4.1.2/../../../../nios2-elf/lib/mno-hw-mul\libc.a(lib_a-closer.o)
 .comment       0x00000000       0x27 c:/altera/13.0sp1/nios2eds/bin/gnu/h-i686-mingw32/bin/../lib/gcc/nios2-elf/4.1.2/../../../../nios2-elf/lib/mno-hw-mul\libc.a(lib_a-fclose.o)
 .comment       0x00000000       0x27 c:/altera/13.0sp1/nios2eds/bin/gnu/h-i686-mingw32/bin/../lib/gcc/nios2-elf/4.1.2/../../../../nios2-elf/lib/mno-hw-mul\libc.a(lib_a-fstatr.o)
 .comment       0x00000000       0x27 c:/altera/13.0sp1/nios2eds/bin/gnu/h-i686-mingw32/bin/../lib/gcc/nios2-elf/4.1.2/../../../../nios2-elf/lib/mno-hw-mul\libc.a(lib_a-isattyr.o)
 .comment       0x00000000       0x27 c:/altera/13.0sp1/nios2eds/bin/gnu/h-i686-mingw32/bin/../lib/gcc/nios2-elf/4.1.2/../../../../nios2-elf/lib/mno-hw-mul\libc.a(lib_a-lseekr.o)
 .comment       0x00000000       0x27 c:/altera/13.0sp1/nios2eds/bin/gnu/h-i686-mingw32/bin/../lib/gcc/nios2-elf/4.1.2/../../../../nios2-elf/lib/mno-hw-mul\libc.a(lib_a-readr.o)
 .comment       0x00000000       0x27 c:/altera/13.0sp1/nios2eds/bin/gnu/h-i686-mingw32/bin/../lib/gcc/nios2-elf/4.1.2/mno-hw-mul\libgcc.a(lib2-mul.o)
 .comment       0x00000000       0x27 ../count_binary_bsp/\libhal_bsp.a(alt_close.o)
 .comment       0x00000000       0x27 ../count_binary_bsp/\libhal_bsp.a(alt_dev.o)
 .comment       0x00000000       0x27 ../count_binary_bsp/\libhal_bsp.a(alt_errno.o)
 .comment       0x00000000       0x27 ../count_binary_bsp/\libhal_bsp.a(alt_fstat.o)
 .comment       0x00000000       0x27 ../count_binary_bsp/\libhal_bsp.a(alt_isatty.o)
 .comment       0x00000000       0x27 ../count_binary_bsp/\libhal_bsp.a(alt_load.o)
 .comment       0x00000000       0x27 ../count_binary_bsp/\libhal_bsp.a(alt_lseek.o)
 .comment       0x00000000       0x27 ../count_binary_bsp/\libhal_bsp.a(alt_main.o)
 .comment       0x00000000       0x27 ../count_binary_bsp/\libhal_bsp.a(alt_malloc_lock.o)
 .comment       0x00000000       0x27 ../count_binary_bsp/\libhal_bsp.a(alt_read.o)
 .comment       0x00000000       0x27 ../count_binary_bsp/\libhal_bsp.a(alt_release_fd.o)
 .comment       0x00000000       0x27 ../count_binary_bsp/\libhal_bsp.a(alt_sbrk.o)
 .comment       0x00000000       0x27 ../count_binary_bsp/\libhal_bsp.a(alt_usleep.o)
 .comment       0x00000000       0x27 ../count_binary_bsp/\libhal_bsp.a(alt_write.o)
 .comment       0x00000000       0x27 ../count_binary_bsp/\libhal_bsp.a(alt_sys_init.o)
 .comment       0x00000000       0x27 ../count_binary_bsp/\libhal_bsp.a(altera_avalon_dma.o)
 .comment       0x00000000       0x27 ../count_binary_bsp/\libhal_bsp.a(altera_avalon_jtag_uart_fd.o)
 .comment       0x00000000       0x27 ../count_binary_bsp/\libhal_bsp.a(altera_avalon_jtag_uart_init.o)
 .comment       0x00000000       0x27 ../count_binary_bsp/\libhal_bsp.a(altera_avalon_jtag_uart_ioctl.o)
 .comment       0x00000000       0x27 ../count_binary_bsp/\libhal_bsp.a(altera_avalon_jtag_uart_read.o)
 .comment       0x00000000       0x27 ../count_binary_bsp/\libhal_bsp.a(altera_avalon_jtag_uart_write.o)
 .comment       0x00000000       0x27 ../count_binary_bsp/\libhal_bsp.a(altera_avalon_timer_vars.o)
 .comment       0x00000000       0x27 ../count_binary_bsp/\libhal_bsp.a(alt_alarm_start.o)
 .comment       0x00000000       0x27 ../count_binary_bsp/\libhal_bsp.a(alt_busy_sleep.o)
 .comment       0x00000000       0x27 ../count_binary_bsp/\libhal_bsp.a(alt_dcache_flush_all.o)
 .comment       0x00000000       0x27 ../count_binary_bsp/\libhal_bsp.a(alt_dev_llist_insert.o)
 .comment       0x00000000       0x27 ../count_binary_bsp/\libhal_bsp.a(alt_dma_rxchan_open.o)
 .comment       0x00000000       0x27 ../count_binary_bsp/\libhal_bsp.a(alt_dma_txchan_open.o)
 .comment       0x00000000       0x27 ../count_binary_bsp/\libhal_bsp.a(alt_do_ctors.o)
 .comment       0x00000000       0x27 ../count_binary_bsp/\libhal_bsp.a(alt_do_dtors.o)
 .comment       0x00000000       0x27 ../count_binary_bsp/\libhal_bsp.a(alt_find_dev.o)
 .comment       0x00000000       0x27 ../count_binary_bsp/\libhal_bsp.a(alt_icache_flush_all.o)
 .comment       0x00000000       0x27 ../count_binary_bsp/\libhal_bsp.a(alt_iic.o)
 .comment       0x00000000       0x27 ../count_binary_bsp/\libhal_bsp.a(alt_iic_isr_register.o)
 .comment       0x00000000       0x27 ../count_binary_bsp/\libhal_bsp.a(alt_io_redirect.o)
 .comment       0x00000000       0x27 ../count_binary_bsp/\libhal_bsp.a(alt_irq_handler.o)
 .comment       0x00000000       0x27 ../count_binary_bsp/\libhal_bsp.a(alt_irq_vars.o)
 .comment       0x00000000       0x27 ../count_binary_bsp/\libhal_bsp.a(alt_open.o)
 .comment       0x00000000       0x27 ../count_binary_bsp/\libhal_bsp.a(alt_tick.o)
 .comment       0x00000000       0x27 ../count_binary_bsp/\libhal_bsp.a(altera_nios2_qsys_irq.o)
 .comment       0x00000000       0x27 ../count_binary_bsp/\libhal_bsp.a(alt_find_file.o)
 .comment       0x00000000       0x27 ../count_binary_bsp/\libhal_bsp.a(alt_get_fd.o)
 .comment       0x00000000       0x27 c:/altera/13.0sp1/nios2eds/bin/gnu/h-i686-mingw32/bin/../lib/gcc/nios2-elf/4.1.2/../../../../nios2-elf/lib/mno-hw-mul\libc.a(lib_a-atexit.o)
 .comment       0x00000000       0x27 c:/altera/13.0sp1/nios2eds/bin/gnu/h-i686-mingw32/bin/../lib/gcc/nios2-elf/4.1.2/../../../../nios2-elf/lib/mno-hw-mul\libc.a(lib_a-exit.o)
 .comment       0x00000000       0x27 c:/altera/13.0sp1/nios2eds/bin/gnu/h-i686-mingw32/bin/../lib/gcc/nios2-elf/4.1.2/../../../../nios2-elf/lib/mno-hw-mul\libc.a(lib_a-memcmp.o)
 .comment       0x00000000       0x27 c:/altera/13.0sp1/nios2eds/bin/gnu/h-i686-mingw32/bin/../lib/gcc/nios2-elf/4.1.2/../../../../nios2-elf/lib/mno-hw-mul\libc.a(lib_a-__atexit.o)
 .comment       0x00000000       0x27 c:/altera/13.0sp1/nios2eds/bin/gnu/h-i686-mingw32/bin/../lib/gcc/nios2-elf/4.1.2/../../../../nios2-elf/lib/mno-hw-mul\libc.a(lib_a-__call_atexit.o)
 .comment       0x00000000       0x27 c:/altera/13.0sp1/nios2eds/bin/gnu/h-i686-mingw32/bin/../lib/gcc/nios2-elf/4.1.2/mno-hw-mul\libgcc.a(lib2-divmod.o)
 .comment       0x00000000       0x27 ../count_binary_bsp/\libhal_bsp.a(alt_exit.o)

.debug
 *(.debug)

.line
 *(.line)

.debug_srcinfo
 *(.debug_srcinfo)

.debug_sfnames
 *(.debug_sfnames)

.debug_aranges  0x00000000      0x998
 *(.debug_aranges)
 .debug_aranges
                0x00000000       0x28 ../count_binary_bsp//obj/HAL/src/crt0.o
 .debug_aranges
                0x00000028       0x20 obj/default/count_binary.o
 .debug_aranges
                0x00000048       0x20 c:/altera/13.0sp1/nios2eds/bin/gnu/h-i686-mingw32/bin/../lib/gcc/nios2-elf/4.1.2/../../../../nios2-elf/lib/mno-hw-mul\libc.a(lib_a-memcpy.o)
 .debug_aranges
                0x00000068       0x20 c:/altera/13.0sp1/nios2eds/bin/gnu/h-i686-mingw32/bin/../lib/gcc/nios2-elf/4.1.2/../../../../nios2-elf/lib/mno-hw-mul\libc.a(lib_a-puts.o)
 .debug_aranges
                0x00000088       0x20 c:/altera/13.0sp1/nios2eds/bin/gnu/h-i686-mingw32/bin/../lib/gcc/nios2-elf/4.1.2/../../../../nios2-elf/lib/mno-hw-mul\libc.a(lib_a-strlen.o)
 .debug_aranges
                0x000000a8       0x20 c:/altera/13.0sp1/nios2eds/bin/gnu/h-i686-mingw32/bin/../lib/gcc/nios2-elf/4.1.2/../../../../nios2-elf/lib/mno-hw-mul\libc.a(lib_a-fvwrite.o)
 .debug_aranges
                0x000000c8       0x20 c:/altera/13.0sp1/nios2eds/bin/gnu/h-i686-mingw32/bin/../lib/gcc/nios2-elf/4.1.2/../../../../nios2-elf/lib/mno-hw-mul\libc.a(lib_a-mallocr.o)
 .debug_aranges
                0x000000e8       0x20 c:/altera/13.0sp1/nios2eds/bin/gnu/h-i686-mingw32/bin/../lib/gcc/nios2-elf/4.1.2/../../../../nios2-elf/lib/mno-hw-mul\libc.a(lib_a-memchr.o)
 .debug_aranges
                0x00000108       0x20 c:/altera/13.0sp1/nios2eds/bin/gnu/h-i686-mingw32/bin/../lib/gcc/nios2-elf/4.1.2/../../../../nios2-elf/lib/mno-hw-mul\libc.a(lib_a-memmove.o)
 .debug_aranges
                0x00000128       0x20 c:/altera/13.0sp1/nios2eds/bin/gnu/h-i686-mingw32/bin/../lib/gcc/nios2-elf/4.1.2/../../../../nios2-elf/lib/mno-hw-mul\libc.a(lib_a-reallocr.o)
 .debug_aranges
                0x00000148       0x20 c:/altera/13.0sp1/nios2eds/bin/gnu/h-i686-mingw32/bin/../lib/gcc/nios2-elf/4.1.2/../../../../nios2-elf/lib/mno-hw-mul\libc.a(lib_a-sbrkr.o)
 .debug_aranges
                0x00000168       0x20 c:/altera/13.0sp1/nios2eds/bin/gnu/h-i686-mingw32/bin/../lib/gcc/nios2-elf/4.1.2/../../../../nios2-elf/lib/mno-hw-mul\libc.a(lib_a-wsetup.o)
 .debug_aranges
                0x00000188       0x20 c:/altera/13.0sp1/nios2eds/bin/gnu/h-i686-mingw32/bin/../lib/gcc/nios2-elf/4.1.2/../../../../nios2-elf/lib/mno-hw-mul\libc.a(lib_a-fflush.o)
 .debug_aranges
                0x000001a8       0x20 c:/altera/13.0sp1/nios2eds/bin/gnu/h-i686-mingw32/bin/../lib/gcc/nios2-elf/4.1.2/../../../../nios2-elf/lib/mno-hw-mul\libc.a(lib_a-findfp.o)
 .debug_aranges
                0x000001c8       0x20 c:/altera/13.0sp1/nios2eds/bin/gnu/h-i686-mingw32/bin/../lib/gcc/nios2-elf/4.1.2/../../../../nios2-elf/lib/mno-hw-mul\libc.a(lib_a-freer.o)
 .debug_aranges
                0x000001e8       0x20 c:/altera/13.0sp1/nios2eds/bin/gnu/h-i686-mingw32/bin/../lib/gcc/nios2-elf/4.1.2/../../../../nios2-elf/lib/mno-hw-mul\libc.a(lib_a-fwalk.o)
 .debug_aranges
                0x00000208       0x20 c:/altera/13.0sp1/nios2eds/bin/gnu/h-i686-mingw32/bin/../lib/gcc/nios2-elf/4.1.2/../../../../nios2-elf/lib/mno-hw-mul\libc.a(lib_a-makebuf.o)
 .debug_aranges
                0x00000228       0x20 c:/altera/13.0sp1/nios2eds/bin/gnu/h-i686-mingw32/bin/../lib/gcc/nios2-elf/4.1.2/../../../../nios2-elf/lib/mno-hw-mul\libc.a(lib_a-memset.o)
 .debug_aranges
                0x00000248       0x20 c:/altera/13.0sp1/nios2eds/bin/gnu/h-i686-mingw32/bin/../lib/gcc/nios2-elf/4.1.2/../../../../nios2-elf/lib/mno-hw-mul\libc.a(lib_a-stdio.o)
 .debug_aranges
                0x00000268       0x20 c:/altera/13.0sp1/nios2eds/bin/gnu/h-i686-mingw32/bin/../lib/gcc/nios2-elf/4.1.2/../../../../nios2-elf/lib/mno-hw-mul\libc.a(lib_a-writer.o)
 .debug_aranges
                0x00000288       0x20 c:/altera/13.0sp1/nios2eds/bin/gnu/h-i686-mingw32/bin/../lib/gcc/nios2-elf/4.1.2/../../../../nios2-elf/lib/mno-hw-mul\libc.a(lib_a-closer.o)
 .debug_aranges
                0x000002a8       0x20 c:/altera/13.0sp1/nios2eds/bin/gnu/h-i686-mingw32/bin/../lib/gcc/nios2-elf/4.1.2/../../../../nios2-elf/lib/mno-hw-mul\libc.a(lib_a-fclose.o)
 .debug_aranges
                0x000002c8       0x20 c:/altera/13.0sp1/nios2eds/bin/gnu/h-i686-mingw32/bin/../lib/gcc/nios2-elf/4.1.2/../../../../nios2-elf/lib/mno-hw-mul\libc.a(lib_a-fstatr.o)
 .debug_aranges
                0x000002e8       0x20 c:/altera/13.0sp1/nios2eds/bin/gnu/h-i686-mingw32/bin/../lib/gcc/nios2-elf/4.1.2/../../../../nios2-elf/lib/mno-hw-mul\libc.a(lib_a-isattyr.o)
 .debug_aranges
                0x00000308       0x20 c:/altera/13.0sp1/nios2eds/bin/gnu/h-i686-mingw32/bin/../lib/gcc/nios2-elf/4.1.2/../../../../nios2-elf/lib/mno-hw-mul\libc.a(lib_a-lseekr.o)
 .debug_aranges
                0x00000328       0x20 c:/altera/13.0sp1/nios2eds/bin/gnu/h-i686-mingw32/bin/../lib/gcc/nios2-elf/4.1.2/../../../../nios2-elf/lib/mno-hw-mul\libc.a(lib_a-readr.o)
 .debug_aranges
                0x00000348       0x20 c:/altera/13.0sp1/nios2eds/bin/gnu/h-i686-mingw32/bin/../lib/gcc/nios2-elf/4.1.2/mno-hw-mul\libgcc.a(lib2-mul.o)
 .debug_aranges
                0x00000368       0x20 ../count_binary_bsp/\libhal_bsp.a(alt_close.o)
 .debug_aranges
                0x00000388       0x20 ../count_binary_bsp/\libhal_bsp.a(alt_dev.o)
 .debug_aranges
                0x000003a8       0x20 ../count_binary_bsp/\libhal_bsp.a(alt_fstat.o)
 .debug_aranges
                0x000003c8       0x20 ../count_binary_bsp/\libhal_bsp.a(alt_isatty.o)
 .debug_aranges
                0x000003e8       0x20 ../count_binary_bsp/\libhal_bsp.a(alt_load.o)
 .debug_aranges
                0x00000408       0x20 ../count_binary_bsp/\libhal_bsp.a(alt_lseek.o)
 .debug_aranges
                0x00000428       0x20 ../count_binary_bsp/\libhal_bsp.a(alt_main.o)
 .debug_aranges
                0x00000448       0x20 ../count_binary_bsp/\libhal_bsp.a(alt_malloc_lock.o)
 .debug_aranges
                0x00000468       0x20 ../count_binary_bsp/\libhal_bsp.a(alt_read.o)
 .debug_aranges
                0x00000488       0x20 ../count_binary_bsp/\libhal_bsp.a(alt_release_fd.o)
 .debug_aranges
                0x000004a8       0x20 ../count_binary_bsp/\libhal_bsp.a(alt_sbrk.o)
 .debug_aranges
                0x000004c8       0x20 ../count_binary_bsp/\libhal_bsp.a(alt_usleep.o)
 .debug_aranges
                0x000004e8       0x20 ../count_binary_bsp/\libhal_bsp.a(alt_write.o)
 .debug_aranges
                0x00000508       0x20 ../count_binary_bsp/\libhal_bsp.a(alt_sys_init.o)
 .debug_aranges
                0x00000528       0x20 ../count_binary_bsp/\libhal_bsp.a(altera_avalon_dma.o)
 .debug_aranges
                0x00000548       0x20 ../count_binary_bsp/\libhal_bsp.a(altera_avalon_jtag_uart_fd.o)
 .debug_aranges
                0x00000568       0x20 ../count_binary_bsp/\libhal_bsp.a(altera_avalon_jtag_uart_init.o)
 .debug_aranges
                0x00000588       0x20 ../count_binary_bsp/\libhal_bsp.a(altera_avalon_jtag_uart_ioctl.o)
 .debug_aranges
                0x000005a8       0x20 ../count_binary_bsp/\libhal_bsp.a(altera_avalon_jtag_uart_read.o)
 .debug_aranges
                0x000005c8       0x20 ../count_binary_bsp/\libhal_bsp.a(altera_avalon_jtag_uart_write.o)
 .debug_aranges
                0x000005e8       0x20 ../count_binary_bsp/\libhal_bsp.a(alt_alarm_start.o)
 .debug_aranges
                0x00000608       0x20 ../count_binary_bsp/\libhal_bsp.a(alt_busy_sleep.o)
 .debug_aranges
                0x00000628       0x20 ../count_binary_bsp/\libhal_bsp.a(alt_dcache_flush_all.o)
 .debug_aranges
                0x00000648       0x20 ../count_binary_bsp/\libhal_bsp.a(alt_dev_llist_insert.o)
 .debug_aranges
                0x00000668       0x20 ../count_binary_bsp/\libhal_bsp.a(alt_dma_rxchan_open.o)
 .debug_aranges
                0x00000688       0x20 ../count_binary_bsp/\libhal_bsp.a(alt_dma_txchan_open.o)
 .debug_aranges
                0x000006a8       0x20 ../count_binary_bsp/\libhal_bsp.a(alt_do_ctors.o)
 .debug_aranges
                0x000006c8       0x20 ../count_binary_bsp/\libhal_bsp.a(alt_do_dtors.o)
 .debug_aranges
                0x000006e8       0x20 ../count_binary_bsp/\libhal_bsp.a(alt_find_dev.o)
 .debug_aranges
                0x00000708       0x20 ../count_binary_bsp/\libhal_bsp.a(alt_icache_flush_all.o)
 .debug_aranges
                0x00000728       0x20 ../count_binary_bsp/\libhal_bsp.a(alt_iic.o)
 .debug_aranges
                0x00000748       0x20 ../count_binary_bsp/\libhal_bsp.a(alt_iic_isr_register.o)
 .debug_aranges
                0x00000768       0x20 ../count_binary_bsp/\libhal_bsp.a(alt_io_redirect.o)
 .debug_aranges
                0x00000788       0x30 ../count_binary_bsp/\libhal_bsp.a(alt_irq_entry.o)
 .debug_aranges
                0x000007b8       0x28 ../count_binary_bsp/\libhal_bsp.a(alt_irq_handler.o)
 .debug_aranges
                0x000007e0       0x20 ../count_binary_bsp/\libhal_bsp.a(alt_open.o)
 .debug_aranges
                0x00000800       0x20 ../count_binary_bsp/\libhal_bsp.a(alt_tick.o)
 .debug_aranges
                0x00000820       0x20 ../count_binary_bsp/\libhal_bsp.a(altera_nios2_qsys_irq.o)
 .debug_aranges
                0x00000840       0x38 ../count_binary_bsp/\libhal_bsp.a(alt_exception_entry.o)
 .debug_aranges
                0x00000878       0x20 ../count_binary_bsp/\libhal_bsp.a(alt_find_file.o)
 .debug_aranges
                0x00000898       0x20 ../count_binary_bsp/\libhal_bsp.a(alt_get_fd.o)
 .debug_aranges
                0x000008b8       0x20 c:/altera/13.0sp1/nios2eds/bin/gnu/h-i686-mingw32/bin/../lib/gcc/nios2-elf/4.1.2/../../../../nios2-elf/lib/mno-hw-mul\libc.a(lib_a-atexit.o)
 .debug_aranges
                0x000008d8       0x20 c:/altera/13.0sp1/nios2eds/bin/gnu/h-i686-mingw32/bin/../lib/gcc/nios2-elf/4.1.2/../../../../nios2-elf/lib/mno-hw-mul\libc.a(lib_a-exit.o)
 .debug_aranges
                0x000008f8       0x20 c:/altera/13.0sp1/nios2eds/bin/gnu/h-i686-mingw32/bin/../lib/gcc/nios2-elf/4.1.2/../../../../nios2-elf/lib/mno-hw-mul\libc.a(lib_a-memcmp.o)
 .debug_aranges
                0x00000918       0x20 c:/altera/13.0sp1/nios2eds/bin/gnu/h-i686-mingw32/bin/../lib/gcc/nios2-elf/4.1.2/../../../../nios2-elf/lib/mno-hw-mul\libc.a(lib_a-__atexit.o)
 .debug_aranges
                0x00000938       0x20 c:/altera/13.0sp1/nios2eds/bin/gnu/h-i686-mingw32/bin/../lib/gcc/nios2-elf/4.1.2/../../../../nios2-elf/lib/mno-hw-mul\libc.a(lib_a-__call_atexit.o)
 .debug_aranges
                0x00000958       0x20 c:/altera/13.0sp1/nios2eds/bin/gnu/h-i686-mingw32/bin/../lib/gcc/nios2-elf/4.1.2/mno-hw-mul\libgcc.a(lib2-divmod.o)
 .debug_aranges
                0x00000978       0x20 ../count_binary_bsp/\libhal_bsp.a(alt_exit.o)

.debug_pubnames
                0x00000000      0xf65
 *(.debug_pubnames)
 .debug_pubnames
                0x00000000       0x38 obj/default/count_binary.o
 .debug_pubnames
                0x00000038       0x1d c:/altera/13.0sp1/nios2eds/bin/gnu/h-i686-mingw32/bin/../lib/gcc/nios2-elf/4.1.2/../../../../nios2-elf/lib/mno-hw-mul\libc.a(lib_a-memcpy.o)
 .debug_pubnames
                0x00000055       0x27 c:/altera/13.0sp1/nios2eds/bin/gnu/h-i686-mingw32/bin/../lib/gcc/nios2-elf/4.1.2/../../../../nios2-elf/lib/mno-hw-mul\libc.a(lib_a-puts.o)
 .debug_pubnames
                0x0000007c       0x1d c:/altera/13.0sp1/nios2eds/bin/gnu/h-i686-mingw32/bin/../lib/gcc/nios2-elf/4.1.2/../../../../nios2-elf/lib/mno-hw-mul\libc.a(lib_a-strlen.o)
 .debug_pubnames
                0x00000099       0x23 c:/altera/13.0sp1/nios2eds/bin/gnu/h-i686-mingw32/bin/../lib/gcc/nios2-elf/4.1.2/../../../../nios2-elf/lib/mno-hw-mul\libc.a(lib_a-fvwrite.o)
 .debug_pubnames
                0x000000bc       0x39 c:/altera/13.0sp1/nios2eds/bin/gnu/h-i686-mingw32/bin/../lib/gcc/nios2-elf/4.1.2/../../../../nios2-elf/lib/mno-hw-mul\libc.a(lib_a-impure.o)
 .debug_pubnames
                0x000000f5       0xce c:/altera/13.0sp1/nios2eds/bin/gnu/h-i686-mingw32/bin/../lib/gcc/nios2-elf/4.1.2/../../../../nios2-elf/lib/mno-hw-mul\libc.a(lib_a-mallocr.o)
 .debug_pubnames
                0x000001c3       0x1d c:/altera/13.0sp1/nios2eds/bin/gnu/h-i686-mingw32/bin/../lib/gcc/nios2-elf/4.1.2/../../../../nios2-elf/lib/mno-hw-mul\libc.a(lib_a-memchr.o)
 .debug_pubnames
                0x000001e0       0x1e c:/altera/13.0sp1/nios2eds/bin/gnu/h-i686-mingw32/bin/../lib/gcc/nios2-elf/4.1.2/../../../../nios2-elf/lib/mno-hw-mul\libc.a(lib_a-memmove.o)
 .debug_pubnames
                0x000001fe       0x21 c:/altera/13.0sp1/nios2eds/bin/gnu/h-i686-mingw32/bin/../lib/gcc/nios2-elf/4.1.2/../../../../nios2-elf/lib/mno-hw-mul\libc.a(lib_a-reallocr.o)
 .debug_pubnames
                0x0000021f       0x1e c:/altera/13.0sp1/nios2eds/bin/gnu/h-i686-mingw32/bin/../lib/gcc/nios2-elf/4.1.2/../../../../nios2-elf/lib/mno-hw-mul\libc.a(lib_a-sbrkr.o)
 .debug_pubnames
                0x0000023d       0x22 c:/altera/13.0sp1/nios2eds/bin/gnu/h-i686-mingw32/bin/../lib/gcc/nios2-elf/4.1.2/../../../../nios2-elf/lib/mno-hw-mul\libc.a(lib_a-wsetup.o)
 .debug_pubnames
                0x0000025f       0x2b c:/altera/13.0sp1/nios2eds/bin/gnu/h-i686-mingw32/bin/../lib/gcc/nios2-elf/4.1.2/../../../../nios2-elf/lib/mno-hw-mul\libc.a(lib_a-fflush.o)
 .debug_pubnames
                0x0000028a       0xdb c:/altera/13.0sp1/nios2eds/bin/gnu/h-i686-mingw32/bin/../lib/gcc/nios2-elf/4.1.2/../../../../nios2-elf/lib/mno-hw-mul\libc.a(lib_a-findfp.o)
 .debug_pubnames
                0x00000365       0x31 c:/altera/13.0sp1/nios2eds/bin/gnu/h-i686-mingw32/bin/../lib/gcc/nios2-elf/4.1.2/../../../../nios2-elf/lib/mno-hw-mul\libc.a(lib_a-freer.o)
 .debug_pubnames
                0x00000396       0x2e c:/altera/13.0sp1/nios2eds/bin/gnu/h-i686-mingw32/bin/../lib/gcc/nios2-elf/4.1.2/../../../../nios2-elf/lib/mno-hw-mul\libc.a(lib_a-fwalk.o)
 .debug_pubnames
                0x000003c4       0x1c c:/altera/13.0sp1/nios2eds/bin/gnu/h-i686-mingw32/bin/../lib/gcc/nios2-elf/4.1.2/../../../../nios2-elf/lib/mno-hw-mul\libc.a(lib_a-int_errno.o)
 .debug_pubnames
                0x000003e0       0x23 c:/altera/13.0sp1/nios2eds/bin/gnu/h-i686-mingw32/bin/../lib/gcc/nios2-elf/4.1.2/../../../../nios2-elf/lib/mno-hw-mul\libc.a(lib_a-makebuf.o)
 .debug_pubnames
                0x00000403       0x1d c:/altera/13.0sp1/nios2eds/bin/gnu/h-i686-mingw32/bin/../lib/gcc/nios2-elf/4.1.2/../../../../nios2-elf/lib/mno-hw-mul\libc.a(lib_a-memset.o)
 .debug_pubnames
                0x00000420       0x44 c:/altera/13.0sp1/nios2eds/bin/gnu/h-i686-mingw32/bin/../lib/gcc/nios2-elf/4.1.2/../../../../nios2-elf/lib/mno-hw-mul\libc.a(lib_a-stdio.o)
 .debug_pubnames
                0x00000464       0x1f c:/altera/13.0sp1/nios2eds/bin/gnu/h-i686-mingw32/bin/../lib/gcc/nios2-elf/4.1.2/../../../../nios2-elf/lib/mno-hw-mul\libc.a(lib_a-writer.o)
 .debug_pubnames
                0x00000483       0x1f c:/altera/13.0sp1/nios2eds/bin/gnu/h-i686-mingw32/bin/../lib/gcc/nios2-elf/4.1.2/../../../../nios2-elf/lib/mno-hw-mul\libc.a(lib_a-closer.o)
 .debug_pubnames
                0x000004a2       0x2b c:/altera/13.0sp1/nios2eds/bin/gnu/h-i686-mingw32/bin/../lib/gcc/nios2-elf/4.1.2/../../../../nios2-elf/lib/mno-hw-mul\libc.a(lib_a-fclose.o)
 .debug_pubnames
                0x000004cd       0x1f c:/altera/13.0sp1/nios2eds/bin/gnu/h-i686-mingw32/bin/../lib/gcc/nios2-elf/4.1.2/../../../../nios2-elf/lib/mno-hw-mul\libc.a(lib_a-fstatr.o)
 .debug_pubnames
                0x000004ec       0x20 c:/altera/13.0sp1/nios2eds/bin/gnu/h-i686-mingw32/bin/../lib/gcc/nios2-elf/4.1.2/../../../../nios2-elf/lib/mno-hw-mul\libc.a(lib_a-isattyr.o)
 .debug_pubnames
                0x0000050c       0x1f c:/altera/13.0sp1/nios2eds/bin/gnu/h-i686-mingw32/bin/../lib/gcc/nios2-elf/4.1.2/../../../../nios2-elf/lib/mno-hw-mul\libc.a(lib_a-lseekr.o)
 .debug_pubnames
                0x0000052b       0x1e c:/altera/13.0sp1/nios2eds/bin/gnu/h-i686-mingw32/bin/../lib/gcc/nios2-elf/4.1.2/../../../../nios2-elf/lib/mno-hw-mul\libc.a(lib_a-readr.o)
 .debug_pubnames
                0x00000549       0x1f c:/altera/13.0sp1/nios2eds/bin/gnu/h-i686-mingw32/bin/../lib/gcc/nios2-elf/4.1.2/mno-hw-mul\libgcc.a(lib2-mul.o)
 .debug_pubnames
                0x00000568       0x1c ../count_binary_bsp/\libhal_bsp.a(alt_close.o)
 .debug_pubnames
                0x00000584       0x63 ../count_binary_bsp/\libhal_bsp.a(alt_dev.o)
 .debug_pubnames
                0x000005e7       0x20 ../count_binary_bsp/\libhal_bsp.a(alt_errno.o)
 .debug_pubnames
                0x00000607       0x1c ../count_binary_bsp/\libhal_bsp.a(alt_fstat.o)
 .debug_pubnames
                0x00000623       0x1d ../count_binary_bsp/\libhal_bsp.a(alt_isatty.o)
 .debug_pubnames
                0x00000640       0x1f ../count_binary_bsp/\libhal_bsp.a(alt_load.o)
 .debug_pubnames
                0x0000065f       0x1c ../count_binary_bsp/\libhal_bsp.a(alt_lseek.o)
 .debug_pubnames
                0x0000067b       0x46 ../count_binary_bsp/\libhal_bsp.a(alt_main.o)
 .debug_pubnames
                0x000006c1       0x38 ../count_binary_bsp/\libhal_bsp.a(alt_malloc_lock.o)
 .debug_pubnames
                0x000006f9       0x1b ../count_binary_bsp/\libhal_bsp.a(alt_read.o)
 .debug_pubnames
                0x00000714       0x25 ../count_binary_bsp/\libhal_bsp.a(alt_release_fd.o)
 .debug_pubnames
                0x00000739       0x1b ../count_binary_bsp/\libhal_bsp.a(alt_sbrk.o)
 .debug_pubnames
                0x00000754       0x1d ../count_binary_bsp/\libhal_bsp.a(alt_usleep.o)
 .debug_pubnames
                0x00000771       0x1c ../count_binary_bsp/\libhal_bsp.a(alt_write.o)
 .debug_pubnames
                0x0000078d       0x34 ../count_binary_bsp/\libhal_bsp.a(alt_sys_init.o)
 .debug_pubnames
                0x000007c1       0xce ../count_binary_bsp/\libhal_bsp.a(altera_avalon_dma.o)
 .debug_pubnames
                0x0000088f       0xa5 ../count_binary_bsp/\libhal_bsp.a(altera_avalon_jtag_uart_fd.o)
 .debug_pubnames
                0x00000934       0x55 ../count_binary_bsp/\libhal_bsp.a(altera_avalon_jtag_uart_init.o)
 .debug_pubnames
                0x00000989       0x34 ../count_binary_bsp/\libhal_bsp.a(altera_avalon_jtag_uart_ioctl.o)
 .debug_pubnames
                0x000009bd       0x33 ../count_binary_bsp/\libhal_bsp.a(altera_avalon_jtag_uart_read.o)
 .debug_pubnames
                0x000009f0       0x34 ../count_binary_bsp/\libhal_bsp.a(altera_avalon_jtag_uart_write.o)
 .debug_pubnames
                0x00000a24       0x52 ../count_binary_bsp/\libhal_bsp.a(altera_avalon_timer_vars.o)
 .debug_pubnames
                0x00000a76       0x26 ../count_binary_bsp/\libhal_bsp.a(alt_alarm_start.o)
 .debug_pubnames
                0x00000a9c       0x25 ../count_binary_bsp/\libhal_bsp.a(alt_busy_sleep.o)
 .debug_pubnames
                0x00000ac1       0x2b ../count_binary_bsp/\libhal_bsp.a(alt_dcache_flush_all.o)
 .debug_pubnames
                0x00000aec       0x2b ../count_binary_bsp/\libhal_bsp.a(alt_dev_llist_insert.o)
 .debug_pubnames
                0x00000b17       0x42 ../count_binary_bsp/\libhal_bsp.a(alt_dma_rxchan_open.o)
 .debug_pubnames
                0x00000b59       0x42 ../count_binary_bsp/\libhal_bsp.a(alt_dma_txchan_open.o)
 .debug_pubnames
                0x00000b9b       0x20 ../count_binary_bsp/\libhal_bsp.a(alt_do_ctors.o)
 .debug_pubnames
                0x00000bbb       0x20 ../count_binary_bsp/\libhal_bsp.a(alt_do_dtors.o)
 .debug_pubnames
                0x00000bdb       0x23 ../count_binary_bsp/\libhal_bsp.a(alt_find_dev.o)
 .debug_pubnames
                0x00000bfe       0x2b ../count_binary_bsp/\libhal_bsp.a(alt_icache_flush_all.o)
 .debug_pubnames
                0x00000c29       0x6e ../count_binary_bsp/\libhal_bsp.a(alt_iic.o)
 .debug_pubnames
                0x00000c97       0x2b ../count_binary_bsp/\libhal_bsp.a(alt_iic_isr_register.o)
 .debug_pubnames
                0x00000cc2       0x26 ../count_binary_bsp/\libhal_bsp.a(alt_io_redirect.o)
 .debug_pubnames
                0x00000ce8       0x32 ../count_binary_bsp/\libhal_bsp.a(alt_irq_handler.o)
 .debug_pubnames
                0x00000d1a       0x3b ../count_binary_bsp/\libhal_bsp.a(alt_irq_vars.o)
 .debug_pubnames
                0x00000d55       0x1b ../count_binary_bsp/\libhal_bsp.a(alt_open.o)
 .debug_pubnames
                0x00000d70       0x68 ../count_binary_bsp/\libhal_bsp.a(alt_tick.o)
 .debug_pubnames
                0x00000dd8       0x31 ../count_binary_bsp/\libhal_bsp.a(altera_nios2_qsys_irq.o)
 .debug_pubnames
                0x00000e09       0x24 ../count_binary_bsp/\libhal_bsp.a(alt_find_file.o)
 .debug_pubnames
                0x00000e2d       0x21 ../count_binary_bsp/\libhal_bsp.a(alt_get_fd.o)
 .debug_pubnames
                0x00000e4e       0x2a c:/altera/13.0sp1/nios2eds/bin/gnu/h-i686-mingw32/bin/../lib/gcc/nios2-elf/4.1.2/../../../../nios2-elf/lib/mno-hw-mul\libc.a(lib_a-atexit.o)
 .debug_pubnames
                0x00000e78       0x1b c:/altera/13.0sp1/nios2eds/bin/gnu/h-i686-mingw32/bin/../lib/gcc/nios2-elf/4.1.2/../../../../nios2-elf/lib/mno-hw-mul\libc.a(lib_a-exit.o)
 .debug_pubnames
                0x00000e93       0x1d c:/altera/13.0sp1/nios2eds/bin/gnu/h-i686-mingw32/bin/../lib/gcc/nios2-elf/4.1.2/../../../../nios2-elf/lib/mno-hw-mul\libc.a(lib_a-memcmp.o)
 .debug_pubnames
                0x00000eb0       0x2a c:/altera/13.0sp1/nios2eds/bin/gnu/h-i686-mingw32/bin/../lib/gcc/nios2-elf/4.1.2/../../../../nios2-elf/lib/mno-hw-mul\libc.a(lib_a-__atexit.o)
 .debug_pubnames
                0x00000eda       0x27 c:/altera/13.0sp1/nios2eds/bin/gnu/h-i686-mingw32/bin/../lib/gcc/nios2-elf/4.1.2/../../../../nios2-elf/lib/mno-hw-mul\libc.a(lib_a-__call_atexit.o)
 .debug_pubnames
                0x00000f01       0x48 c:/altera/13.0sp1/nios2eds/bin/gnu/h-i686-mingw32/bin/../lib/gcc/nios2-elf/4.1.2/mno-hw-mul\libgcc.a(lib2-divmod.o)
 .debug_pubnames
                0x00000f49       0x1c ../count_binary_bsp/\libhal_bsp.a(alt_exit.o)

.debug_info     0x00000000    0x1b443
 *(.debug_info .gnu.linkonce.wi.*)
 .debug_info    0x00000000       0x6b ../count_binary_bsp//obj/HAL/src/crt0.o
 .debug_info    0x0000006b      0x21f obj/default/count_binary.o
 .debug_info    0x0000028a      0x106 c:/altera/13.0sp1/nios2eds/bin/gnu/h-i686-mingw32/bin/../lib/gcc/nios2-elf/4.1.2/../../../../nios2-elf/lib/mno-hw-mul\libc.a(lib_a-memcpy.o)
 .debug_info    0x00000390      0xa25 c:/altera/13.0sp1/nios2eds/bin/gnu/h-i686-mingw32/bin/../lib/gcc/nios2-elf/4.1.2/../../../../nios2-elf/lib/mno-hw-mul\libc.a(lib_a-puts.o)
 .debug_info    0x00000db5       0xdb c:/altera/13.0sp1/nios2eds/bin/gnu/h-i686-mingw32/bin/../lib/gcc/nios2-elf/4.1.2/../../../../nios2-elf/lib/mno-hw-mul\libc.a(lib_a-strlen.o)
 .debug_info    0x00000e90      0xa88 c:/altera/13.0sp1/nios2eds/bin/gnu/h-i686-mingw32/bin/../lib/gcc/nios2-elf/4.1.2/../../../../nios2-elf/lib/mno-hw-mul\libc.a(lib_a-fvwrite.o)
 .debug_info    0x00001918      0x93d c:/altera/13.0sp1/nios2eds/bin/gnu/h-i686-mingw32/bin/../lib/gcc/nios2-elf/4.1.2/../../../../nios2-elf/lib/mno-hw-mul\libc.a(lib_a-impure.o)
 .debug_info    0x00002255      0xcd0 c:/altera/13.0sp1/nios2eds/bin/gnu/h-i686-mingw32/bin/../lib/gcc/nios2-elf/4.1.2/../../../../nios2-elf/lib/mno-hw-mul\libc.a(lib_a-mallocr.o)
 .debug_info    0x00002f25      0x138 c:/altera/13.0sp1/nios2eds/bin/gnu/h-i686-mingw32/bin/../lib/gcc/nios2-elf/4.1.2/../../../../nios2-elf/lib/mno-hw-mul\libc.a(lib_a-memchr.o)
 .debug_info    0x0000305d      0x13e c:/altera/13.0sp1/nios2eds/bin/gnu/h-i686-mingw32/bin/../lib/gcc/nios2-elf/4.1.2/../../../../nios2-elf/lib/mno-hw-mul\libc.a(lib_a-memmove.o)
 .debug_info    0x0000319b      0xbd7 c:/altera/13.0sp1/nios2eds/bin/gnu/h-i686-mingw32/bin/../lib/gcc/nios2-elf/4.1.2/../../../../nios2-elf/lib/mno-hw-mul\libc.a(lib_a-reallocr.o)
 .debug_info    0x00003d72      0x962 c:/altera/13.0sp1/nios2eds/bin/gnu/h-i686-mingw32/bin/../lib/gcc/nios2-elf/4.1.2/../../../../nios2-elf/lib/mno-hw-mul\libc.a(lib_a-sbrkr.o)
 .debug_info    0x000046d4      0x95d c:/altera/13.0sp1/nios2eds/bin/gnu/h-i686-mingw32/bin/../lib/gcc/nios2-elf/4.1.2/../../../../nios2-elf/lib/mno-hw-mul\libc.a(lib_a-wsetup.o)
 .debug_info    0x00005031      0x9fe c:/altera/13.0sp1/nios2eds/bin/gnu/h-i686-mingw32/bin/../lib/gcc/nios2-elf/4.1.2/../../../../nios2-elf/lib/mno-hw-mul\libc.a(lib_a-fflush.o)
 .debug_info    0x00005a2f      0xb72 c:/altera/13.0sp1/nios2eds/bin/gnu/h-i686-mingw32/bin/../lib/gcc/nios2-elf/4.1.2/../../../../nios2-elf/lib/mno-hw-mul\libc.a(lib_a-findfp.o)
 .debug_info    0x000065a1      0xbc9 c:/altera/13.0sp1/nios2eds/bin/gnu/h-i686-mingw32/bin/../lib/gcc/nios2-elf/4.1.2/../../../../nios2-elf/lib/mno-hw-mul\libc.a(lib_a-freer.o)
 .debug_info    0x0000716a      0xaed c:/altera/13.0sp1/nios2eds/bin/gnu/h-i686-mingw32/bin/../lib/gcc/nios2-elf/4.1.2/../../../../nios2-elf/lib/mno-hw-mul\libc.a(lib_a-fwalk.o)
 .debug_info    0x00007c57       0x8c c:/altera/13.0sp1/nios2eds/bin/gnu/h-i686-mingw32/bin/../lib/gcc/nios2-elf/4.1.2/../../../../nios2-elf/lib/mno-hw-mul\libc.a(lib_a-int_errno.o)
 .debug_info    0x00007ce3      0xb1a c:/altera/13.0sp1/nios2eds/bin/gnu/h-i686-mingw32/bin/../lib/gcc/nios2-elf/4.1.2/../../../../nios2-elf/lib/mno-hw-mul\libc.a(lib_a-makebuf.o)
 .debug_info    0x000087fd      0x113 c:/altera/13.0sp1/nios2eds/bin/gnu/h-i686-mingw32/bin/../lib/gcc/nios2-elf/4.1.2/../../../../nios2-elf/lib/mno-hw-mul\libc.a(lib_a-memset.o)
 .debug_info    0x00008910      0xaac c:/altera/13.0sp1/nios2eds/bin/gnu/h-i686-mingw32/bin/../lib/gcc/nios2-elf/4.1.2/../../../../nios2-elf/lib/mno-hw-mul\libc.a(lib_a-stdio.o)
 .debug_info    0x000093bc      0x993 c:/altera/13.0sp1/nios2eds/bin/gnu/h-i686-mingw32/bin/../lib/gcc/nios2-elf/4.1.2/../../../../nios2-elf/lib/mno-hw-mul\libc.a(lib_a-writer.o)
 .debug_info    0x00009d4f      0x958 c:/altera/13.0sp1/nios2eds/bin/gnu/h-i686-mingw32/bin/../lib/gcc/nios2-elf/4.1.2/../../../../nios2-elf/lib/mno-hw-mul\libc.a(lib_a-closer.o)
 .debug_info    0x0000a6a7      0x994 c:/altera/13.0sp1/nios2eds/bin/gnu/h-i686-mingw32/bin/../lib/gcc/nios2-elf/4.1.2/../../../../nios2-elf/lib/mno-hw-mul\libc.a(lib_a-fclose.o)
 .debug_info    0x0000b03b      0xafc c:/altera/13.0sp1/nios2eds/bin/gnu/h-i686-mingw32/bin/../lib/gcc/nios2-elf/4.1.2/../../../../nios2-elf/lib/mno-hw-mul\libc.a(lib_a-fstatr.o)
 .debug_info    0x0000bb37      0x958 c:/altera/13.0sp1/nios2eds/bin/gnu/h-i686-mingw32/bin/../lib/gcc/nios2-elf/4.1.2/../../../../nios2-elf/lib/mno-hw-mul\libc.a(lib_a-isattyr.o)
 .debug_info    0x0000c48f      0x981 c:/altera/13.0sp1/nios2eds/bin/gnu/h-i686-mingw32/bin/../lib/gcc/nios2-elf/4.1.2/../../../../nios2-elf/lib/mno-hw-mul\libc.a(lib_a-lseekr.o)
 .debug_info    0x0000ce10      0x98c c:/altera/13.0sp1/nios2eds/bin/gnu/h-i686-mingw32/bin/../lib/gcc/nios2-elf/4.1.2/../../../../nios2-elf/lib/mno-hw-mul\libc.a(lib_a-readr.o)
 .debug_info    0x0000d79c       0xf3 c:/altera/13.0sp1/nios2eds/bin/gnu/h-i686-mingw32/bin/../lib/gcc/nios2-elf/4.1.2/mno-hw-mul\libgcc.a(lib2-mul.o)
 .debug_info    0x0000d88f      0x457 ../count_binary_bsp/\libhal_bsp.a(alt_close.o)
 .debug_info    0x0000dce6      0x66f ../count_binary_bsp/\libhal_bsp.a(alt_dev.o)
 .debug_info    0x0000e355      0x154 ../count_binary_bsp/\libhal_bsp.a(alt_errno.o)
 .debug_info    0x0000e4a9      0x650 ../count_binary_bsp/\libhal_bsp.a(alt_fstat.o)
 .debug_info    0x0000eaf9      0x656 ../count_binary_bsp/\libhal_bsp.a(alt_isatty.o)
 .debug_info    0x0000f14f      0x27d ../count_binary_bsp/\libhal_bsp.a(alt_load.o)
 .debug_info    0x0000f3cc      0x48a ../count_binary_bsp/\libhal_bsp.a(alt_lseek.o)
 .debug_info    0x0000f856      0x215 ../count_binary_bsp/\libhal_bsp.a(alt_main.o)
 .debug_info    0x0000fa6b      0xc08 ../count_binary_bsp/\libhal_bsp.a(alt_malloc_lock.o)
 .debug_info    0x00010673      0x67a ../count_binary_bsp/\libhal_bsp.a(alt_read.o)
 .debug_info    0x00010ced      0x3e2 ../count_binary_bsp/\libhal_bsp.a(alt_release_fd.o)
 .debug_info    0x000110cf      0x2a7 ../count_binary_bsp/\libhal_bsp.a(alt_sbrk.o)
 .debug_info    0x00011376      0x158 ../count_binary_bsp/\libhal_bsp.a(alt_usleep.o)
 .debug_info    0x000114ce      0x683 ../count_binary_bsp/\libhal_bsp.a(alt_write.o)
 .debug_info    0x00011b51      0xc51 ../count_binary_bsp/\libhal_bsp.a(alt_sys_init.o)
 .debug_info    0x000127a2      0xd95 ../count_binary_bsp/\libhal_bsp.a(altera_avalon_dma.o)
 .debug_info    0x00013537      0x7c9 ../count_binary_bsp/\libhal_bsp.a(altera_avalon_jtag_uart_fd.o)
 .debug_info    0x00013d00      0x5f1 ../count_binary_bsp/\libhal_bsp.a(altera_avalon_jtag_uart_init.o)
 .debug_info    0x000142f1      0x433 ../count_binary_bsp/\libhal_bsp.a(altera_avalon_jtag_uart_ioctl.o)
 .debug_info    0x00014724      0x536 ../count_binary_bsp/\libhal_bsp.a(altera_avalon_jtag_uart_read.o)
 .debug_info    0x00014c5a      0x52e ../count_binary_bsp/\libhal_bsp.a(altera_avalon_jtag_uart_write.o)
 .debug_info    0x00015188      0x1f7 ../count_binary_bsp/\libhal_bsp.a(altera_avalon_timer_vars.o)
 .debug_info    0x0001537f      0x432 ../count_binary_bsp/\libhal_bsp.a(alt_alarm_start.o)
 .debug_info    0x000157b1      0x19b ../count_binary_bsp/\libhal_bsp.a(alt_busy_sleep.o)
 .debug_info    0x0001594c      0x14c ../count_binary_bsp/\libhal_bsp.a(alt_dcache_flush_all.o)
 .debug_info    0x00015a98      0x2a7 ../count_binary_bsp/\libhal_bsp.a(alt_dev_llist_insert.o)
 .debug_info    0x00015d3f      0x3a1 ../count_binary_bsp/\libhal_bsp.a(alt_dma_rxchan_open.o)
 .debug_info    0x000160e0      0x3bb ../count_binary_bsp/\libhal_bsp.a(alt_dma_txchan_open.o)
 .debug_info    0x0001649b       0xff ../count_binary_bsp/\libhal_bsp.a(alt_do_ctors.o)
 .debug_info    0x0001659a       0xfe ../count_binary_bsp/\libhal_bsp.a(alt_do_dtors.o)
 .debug_info    0x00016698      0x408 ../count_binary_bsp/\libhal_bsp.a(alt_find_dev.o)
 .debug_info    0x00016aa0      0x14c ../count_binary_bsp/\libhal_bsp.a(alt_icache_flush_all.o)
 .debug_info    0x00016bec      0x483 ../count_binary_bsp/\libhal_bsp.a(alt_iic.o)
 .debug_info    0x0001706f      0x304 ../count_binary_bsp/\libhal_bsp.a(alt_iic_isr_register.o)
 .debug_info    0x00017373      0x685 ../count_binary_bsp/\libhal_bsp.a(alt_io_redirect.o)
 .debug_info    0x000179f8       0x74 ../count_binary_bsp/\libhal_bsp.a(alt_irq_entry.o)
 .debug_info    0x00017a6c      0x265 ../count_binary_bsp/\libhal_bsp.a(alt_irq_handler.o)
 .debug_info    0x00017cd1      0x157 ../count_binary_bsp/\libhal_bsp.a(alt_irq_vars.o)
 .debug_info    0x00017e28      0x515 ../count_binary_bsp/\libhal_bsp.a(alt_open.o)
 .debug_info    0x0001833d      0x3ee ../count_binary_bsp/\libhal_bsp.a(alt_tick.o)
 .debug_info    0x0001872b      0x153 ../count_binary_bsp/\libhal_bsp.a(altera_nios2_qsys_irq.o)
 .debug_info    0x0001887e       0x7a ../count_binary_bsp/\libhal_bsp.a(alt_exception_entry.o)
 .debug_info    0x000188f8      0x40f ../count_binary_bsp/\libhal_bsp.a(alt_find_file.o)
 .debug_info    0x00018d07      0x450 ../count_binary_bsp/\libhal_bsp.a(alt_get_fd.o)
 .debug_info    0x00019157      0x181 c:/altera/13.0sp1/nios2eds/bin/gnu/h-i686-mingw32/bin/../lib/gcc/nios2-elf/4.1.2/../../../../nios2-elf/lib/mno-hw-mul\libc.a(lib_a-atexit.o)
 .debug_info    0x000192d8      0x93f c:/altera/13.0sp1/nios2eds/bin/gnu/h-i686-mingw32/bin/../lib/gcc/nios2-elf/4.1.2/../../../../nios2-elf/lib/mno-hw-mul\libc.a(lib_a-exit.o)
 .debug_info    0x00019c17      0x115 c:/altera/13.0sp1/nios2eds/bin/gnu/h-i686-mingw32/bin/../lib/gcc/nios2-elf/4.1.2/../../../../nios2-elf/lib/mno-hw-mul\libc.a(lib_a-memcmp.o)
 .debug_info    0x00019d2c      0x99c c:/altera/13.0sp1/nios2eds/bin/gnu/h-i686-mingw32/bin/../lib/gcc/nios2-elf/4.1.2/../../../../nios2-elf/lib/mno-hw-mul\libc.a(lib_a-__atexit.o)
 .debug_info    0x0001a6c8      0x9e2 c:/altera/13.0sp1/nios2eds/bin/gnu/h-i686-mingw32/bin/../lib/gcc/nios2-elf/4.1.2/../../../../nios2-elf/lib/mno-hw-mul\libc.a(lib_a-__call_atexit.o)
 .debug_info    0x0001b0aa      0x21c c:/altera/13.0sp1/nios2eds/bin/gnu/h-i686-mingw32/bin/../lib/gcc/nios2-elf/4.1.2/mno-hw-mul\libgcc.a(lib2-divmod.o)
 .debug_info    0x0001b2c6      0x17d ../count_binary_bsp/\libhal_bsp.a(alt_exit.o)

.debug_abbrev   0x00000000     0x54e9
 *(.debug_abbrev)
 .debug_abbrev  0x00000000       0x12 ../count_binary_bsp//obj/HAL/src/crt0.o
 .debug_abbrev  0x00000012       0xca obj/default/count_binary.o
 .debug_abbrev  0x000000dc       0xb5 c:/altera/13.0sp1/nios2eds/bin/gnu/h-i686-mingw32/bin/../lib/gcc/nios2-elf/4.1.2/../../../../nios2-elf/lib/mno-hw-mul\libc.a(lib_a-memcpy.o)
 .debug_abbrev  0x00000191      0x1ac c:/altera/13.0sp1/nios2eds/bin/gnu/h-i686-mingw32/bin/../lib/gcc/nios2-elf/4.1.2/../../../../nios2-elf/lib/mno-hw-mul\libc.a(lib_a-puts.o)
 .debug_abbrev  0x0000033d       0x8b c:/altera/13.0sp1/nios2eds/bin/gnu/h-i686-mingw32/bin/../lib/gcc/nios2-elf/4.1.2/../../../../nios2-elf/lib/mno-hw-mul\libc.a(lib_a-strlen.o)
 .debug_abbrev  0x000003c8      0x1a3 c:/altera/13.0sp1/nios2eds/bin/gnu/h-i686-mingw32/bin/../lib/gcc/nios2-elf/4.1.2/../../../../nios2-elf/lib/mno-hw-mul\libc.a(lib_a-fvwrite.o)
 .debug_abbrev  0x0000056b      0x157 c:/altera/13.0sp1/nios2eds/bin/gnu/h-i686-mingw32/bin/../lib/gcc/nios2-elf/4.1.2/../../../../nios2-elf/lib/mno-hw-mul\libc.a(lib_a-impure.o)
 .debug_abbrev  0x000006c2      0x216 c:/altera/13.0sp1/nios2eds/bin/gnu/h-i686-mingw32/bin/../lib/gcc/nios2-elf/4.1.2/../../../../nios2-elf/lib/mno-hw-mul\libc.a(lib_a-mallocr.o)
 .debug_abbrev  0x000008d8       0xb5 c:/altera/13.0sp1/nios2eds/bin/gnu/h-i686-mingw32/bin/../lib/gcc/nios2-elf/4.1.2/../../../../nios2-elf/lib/mno-hw-mul\libc.a(lib_a-memchr.o)
 .debug_abbrev  0x0000098d       0xb5 c:/altera/13.0sp1/nios2eds/bin/gnu/h-i686-mingw32/bin/../lib/gcc/nios2-elf/4.1.2/../../../../nios2-elf/lib/mno-hw-mul\libc.a(lib_a-memmove.o)
 .debug_abbrev  0x00000a42      0x1c3 c:/altera/13.0sp1/nios2eds/bin/gnu/h-i686-mingw32/bin/../lib/gcc/nios2-elf/4.1.2/../../../../nios2-elf/lib/mno-hw-mul\libc.a(lib_a-reallocr.o)
 .debug_abbrev  0x00000c05      0x18c c:/altera/13.0sp1/nios2eds/bin/gnu/h-i686-mingw32/bin/../lib/gcc/nios2-elf/4.1.2/../../../../nios2-elf/lib/mno-hw-mul\libc.a(lib_a-sbrkr.o)
 .debug_abbrev  0x00000d91      0x170 c:/altera/13.0sp1/nios2eds/bin/gnu/h-i686-mingw32/bin/../lib/gcc/nios2-elf/4.1.2/../../../../nios2-elf/lib/mno-hw-mul\libc.a(lib_a-wsetup.o)